host=opencast.inf.ed.ac.uk job=3668198 tag=w3_embed_on seed=13 extra=''
name, memory.total [MiB]
NVIDIA GeForce RTX 2080 Ti, 11264 MiB
Device: cuda

======================================================================
v52_b GINE — group-aware val + stable-hash dataset
======================================================================
Node features: 41  Edge types: 9 (incl. RSB_CHAIN)
Global features: 5  Arch embedding: 8-dim

Loading pre-split train: v54/data/v55h_train.jsonl
  6615 records
Loading pre-split test: v54/data/v54_test.jsonl
  1670 records

Label distribution:
  BENIGN: 3851
  BRANCH_HISTORY_INJECTION: 305
  INCEPTION: 582
  L1TF: 357
  MDS: 367
  RETBLEED: 451
  SPECTRE_RSB: 460
  SPECTRE_V1: 780
  SPECTRE_V2: 669
  SPECTRE_V4: 463

Classes (10): ['BENIGN', 'BRANCH_HISTORY_INJECTION', 'INCEPTION', 'L1TF', 'MDS', 'RETBLEED', 'SPECTRE_RSB', 'SPECTRE_V1', 'SPECTRE_V2', 'SPECTRE_V4']
  Hard negative: SPECTRE_V1 <-> BRANCH_HISTORY_INJECTION
  Hard negative: INCEPTION <-> BRANCH_HISTORY_INJECTION
  Hard negative: MDS <-> RETBLEED
  Hard negative: INCEPTION <-> RETBLEED
  Hard negative: L1TF <-> SPECTRE_V1
  Hard negative: L1TF <-> SPECTRE_V4
  Hard negative: MDS <-> SPECTRE_V4
  Hard negative: SPECTRE_V1 <-> SPECTRE_V4
  Hard negative: SPECTRE_V2 <-> BRANCH_HISTORY_INJECTION
  Hard negative: SPECTRE_V2 <-> INCEPTION
  Hard negative: RETBLEED <-> INCEPTION
  Hard negative: MDS <-> L1TF
  Hard negative: SPECTRE_V2 <-> RETBLEED
Handcrafted features (inline): 58
  Train-only augmentation (excluded from val): 347 records (fastspec)

Group-aware val split: StratifiedGroupKFold(n_splits=10) → val_frac≈0.131 (target ~0.100, pool=6268 val-eligible records)
  Distinct groups — train: 651, val: 84, train∩val groups: 0

Pre-split: Train=5794, Val=821, Test=1670
  Val carve-out: stratified_group_kfold_n10
  Early stopping uses VAL accuracy. Test evaluated once at end.

Global feature statistics (train, mean±std):
  nop_frac            : 0.1018 ± 0.1391
  indirect_frac       : 0.0421 ± 0.0605
  ret_frac            : 0.0473 ± 0.0421
  verw_frac           : 0.0007 ± 0.0088
  movntdqa_frac       : 0.0000 ± 0.0000

Creating datasets...
Pre-computing PDGs (strip_boilerplate=True) ...
  Valid samples: 5794/5794
  Boilerplate stripped: 200 (3.5%) samples
  Instructions: 171858 -> 171630 (0.1% reduction)
  Edge type distribution:
    DATA_DEP            :    86906 (26.6%)
    CONTROL_FLOW        :   163368 (49.9%)
    SPEC_CONDITIONAL    :    31947 (9.8%)
    SPEC_INDIRECT       :    10328 (3.2%)
    SPEC_RETURN         :    17757 (5.4%)
    MEMORY_ORDER        :     9924 (3.0%)
    CACHE_TEMPORAL      :     2457 (0.8%)
    FENCE_BOUNDARY      :     2022 (0.6%)
    RSB_CHAIN           :     2545 (0.8%)
Pre-computing PDGs (strip_boilerplate=True) ...
  Valid samples: 821/821
  Boilerplate stripped: 11 (1.3%) samples
  Instructions: 24996 -> 24983 (0.1% reduction)
  Edge type distribution:
    DATA_DEP            :    12627 (27.6%)
    CONTROL_FLOW        :    23364 (51.1%)
    SPEC_CONDITIONAL    :     5663 (12.4%)
    SPEC_INDIRECT       :     1473 (3.2%)
    SPEC_RETURN         :     1150 (2.5%)
    MEMORY_ORDER        :      798 (1.7%)
    CACHE_TEMPORAL      :      207 (0.5%)
    FENCE_BOUNDARY      :      252 (0.6%)
    RSB_CHAIN           :      212 (0.5%)
Pre-computing PDGs (strip_boilerplate=True) ...
  Valid samples: 1670/1670
  Boilerplate stripped: 55 (3.3%) samples
  Instructions: 52718 -> 52636 (0.2% reduction)
  Edge type distribution:
    DATA_DEP            :    23013 (25.2%)
    CONTROL_FLOW        :    48834 (53.4%)
    SPEC_CONDITIONAL    :     8986 (9.8%)
    SPEC_INDIRECT       :     2152 (2.4%)
    SPEC_RETURN         :     4380 (4.8%)
    MEMORY_ORDER        :     1943 (2.1%)
    CACHE_TEMPORAL      :      588 (0.6%)
    FENCE_BOUNDARY      :     1023 (1.1%)
    RSB_CHAIN           :      544 (0.6%)
Node feature mode: hand  node_feat_dim=41

Initializing GINEClassifier v47...
  Total parameters: 618,059
  Edge types: 9 (RSB_CHAIN added)

======================================================================
TRAINING
======================================================================
Epoch   1/60 | CE: 1.1231 | Con: 2.4579 | Train: 0.717 | Val: 0.887 | LR: 9.99e-04 | 21.0s *BEST*
  Edge scales: CACHE_TE=1.01 | CONTROL_=0.97 | DATA_DEP=0.99 | FENCE_BO=0.99 | MEMORY_O=1.00 | RSB_CHAI=0.99 | SPEC_CON=0.99 | SPEC_IND=1.00 | SPEC_RET=1.04
Epoch   2/60 | CE: 0.4746 | Con: 1.9636 | Train: 0.881 | Val: 0.929 | LR: 9.97e-04 | 15.5s *BEST*
  Edge scales: CACHE_TE=1.00 | CONTROL_=0.94 | DATA_DEP=0.97 | FENCE_BO=1.01 | MEMORY_O=0.99 | RSB_CHAI=0.99 | SPEC_CON=0.99 | SPEC_IND=1.00 | SPEC_RET=1.06
Epoch   3/60 | CE: 0.3461 | Con: 1.8322 | Train: 0.916 | Val: 0.938 | LR: 9.94e-04 | 13.5s *BEST*
  Edge scales: CACHE_TE=0.99 | CONTROL_=0.92 | DATA_DEP=0.96 | FENCE_BO=1.03 | MEMORY_O=0.99 | RSB_CHAI=0.98 | SPEC_CON=1.00 | SPEC_IND=1.00 | SPEC_RET=1.07
Epoch   4/60 | CE: 0.2935 | Con: 1.7528 | Train: 0.928 | Val: 0.906 | LR: 9.89e-04 | 13.5s
Epoch   5/60 | CE: 0.2436 | Con: 1.6773 | Train: 0.943 | Val: 0.944 | LR: 9.83e-04 | 13.5s *BEST*
  Edge scales: CACHE_TE=0.98 | CONTROL_=0.88 | DATA_DEP=0.92 | FENCE_BO=1.02 | MEMORY_O=0.99 | RSB_CHAI=0.99 | SPEC_CON=1.01 | SPEC_IND=1.00 | SPEC_RET=1.11
Epoch   6/60 | CE: 0.2083 | Con: 1.6419 | Train: 0.955 | Val: 0.945 | LR: 9.76e-04 | 13.5s *BEST*
  Edge scales: CACHE_TE=0.96 | CONTROL_=0.87 | DATA_DEP=0.90 | FENCE_BO=1.01 | MEMORY_O=1.01 | RSB_CHAI=1.00 | SPEC_CON=1.02 | SPEC_IND=1.02 | SPEC_RET=1.11
Epoch   7/60 | CE: 0.1728 | Con: 1.6206 | Train: 0.957 | Val: 0.954 | LR: 9.67e-04 | 13.5s *BEST*
  Edge scales: CACHE_TE=0.96 | CONTROL_=0.86 | DATA_DEP=0.89 | FENCE_BO=1.01 | MEMORY_O=1.01 | RSB_CHAI=1.00 | SPEC_CON=1.04 | SPEC_IND=1.04 | SPEC_RET=1.11
Epoch   8/60 | CE: 0.1558 | Con: 1.5844 | Train: 0.960 | Val: 0.948 | LR: 9.57e-04 | 13.5s
Epoch   9/60 | CE: 0.1506 | Con: 1.5741 | Train: 0.963 | Val: 0.955 | LR: 9.46e-04 | 11.9s *BEST*
  Edge scales: CACHE_TE=0.95 | CONTROL_=0.84 | DATA_DEP=0.91 | FENCE_BO=1.02 | MEMORY_O=1.02 | RSB_CHAI=1.03 | SPEC_CON=1.06 | SPEC_IND=1.05 | SPEC_RET=1.10
Epoch  10/60 | CE: 0.1587 | Con: 1.5603 | Train: 0.967 | Val: 0.965 | LR: 9.33e-04 | 11.1s *BEST*
  Edge scales: CACHE_TE=0.95 | CONTROL_=0.81 | DATA_DEP=0.91 | FENCE_BO=1.02 | MEMORY_O=1.02 | RSB_CHAI=1.04 | SPEC_CON=1.07 | SPEC_IND=1.04 | SPEC_RET=1.12
Epoch  11/60 | CE: 0.1215 | Con: 1.5408 | Train: 0.971 | Val: 0.960 | LR: 9.19e-04 | 11.1s
Epoch  12/60 | CE: 0.1089 | Con: 1.5352 | Train: 0.973 | Val: 0.955 | LR: 9.05e-04 | 12.8s
Epoch  13/60 | CE: 0.1089 | Con: 1.5288 | Train: 0.973 | Val: 0.962 | LR: 8.89e-04 | 16.2s
Epoch  14/60 | CE: 0.1698 | Con: 1.5214 | Train: 0.976 | Val: 0.967 | LR: 8.72e-04 | 16.2s *BEST*
  Edge scales: CACHE_TE=0.92 | CONTROL_=0.79 | DATA_DEP=0.92 | FENCE_BO=1.02 | MEMORY_O=1.03 | RSB_CHAI=1.07 | SPEC_CON=1.11 | SPEC_IND=1.06 | SPEC_RET=1.16
Epoch  15/60 | CE: 0.0889 | Con: 1.5000 | Train: 0.979 | Val: 0.965 | LR: 8.54e-04 | 16.2s
Epoch  16/60 | CE: 0.0816 | Con: 1.5039 | Train: 0.979 | Val: 0.962 | LR: 8.35e-04 | 16.2s
Epoch  17/60 | CE: 0.0914 | Con: 1.4842 | Train: 0.980 | Val: 0.971 | LR: 8.15e-04 | 16.2s *BEST*
  Edge scales: CACHE_TE=0.91 | CONTROL_=0.77 | DATA_DEP=0.90 | FENCE_BO=1.02 | MEMORY_O=1.07 | RSB_CHAI=1.08 | SPEC_CON=1.12 | SPEC_IND=1.07 | SPEC_RET=1.16
Epoch  18/60 | CE: 0.0852 | Con: 1.4930 | Train: 0.978 | Val: 0.972 | LR: 7.94e-04 | 16.2s *BEST*
  Edge scales: CACHE_TE=0.90 | CONTROL_=0.76 | DATA_DEP=0.91 | FENCE_BO=1.02 | MEMORY_O=1.06 | RSB_CHAI=1.08 | SPEC_CON=1.14 | SPEC_IND=1.05 | SPEC_RET=1.17
Epoch  19/60 | CE: 0.0737 | Con: 1.5019 | Train: 0.981 | Val: 0.949 | LR: 7.72e-04 | 15.2s
Epoch  20/60 | CE: 0.0825 | Con: 1.4855 | Train: 0.980 | Val: 0.971 | LR: 7.50e-04 | 14.7s
  Edge scales: CACHE_TE=0.90 | CONTROL_=0.74 | DATA_DEP=0.90 | FENCE_BO=1.01 | MEMORY_O=1.07 | RSB_CHAI=1.08 | SPEC_CON=1.15 | SPEC_IND=1.06 | SPEC_RET=1.18
Epoch  21/60 | CE: 0.0633 | Con: 1.4888 | Train: 0.982 | Val: 0.976 | LR: 7.27e-04 | 16.2s *BEST*
  Edge scales: CACHE_TE=0.89 | CONTROL_=0.74 | DATA_DEP=0.89 | FENCE_BO=1.02 | MEMORY_O=1.07 | RSB_CHAI=1.07 | SPEC_CON=1.14 | SPEC_IND=1.08 | SPEC_RET=1.18
Epoch  22/60 | CE: 0.0704 | Con: 1.4909 | Train: 0.985 | Val: 0.971 | LR: 7.03e-04 | 16.2s
Epoch  23/60 | CE: 0.0580 | Con: 1.4754 | Train: 0.983 | Val: 0.977 | LR: 6.79e-04 | 15.8s *BEST*
  Edge scales: CACHE_TE=0.88 | CONTROL_=0.73 | DATA_DEP=0.89 | FENCE_BO=1.04 | MEMORY_O=1.07 | RSB_CHAI=1.07 | SPEC_CON=1.14 | SPEC_IND=1.09 | SPEC_RET=1.18
Epoch  24/60 | CE: 0.0589 | Con: 1.4739 | Train: 0.984 | Val: 0.966 | LR: 6.55e-04 | 15.5s
Epoch  25/60 | CE: 0.0802 | Con: 1.4641 | Train: 0.986 | Val: 0.982 | LR: 6.29e-04 | 15.6s *BEST*
  Edge scales: CACHE_TE=0.88 | CONTROL_=0.71 | DATA_DEP=0.89 | FENCE_BO=1.03 | MEMORY_O=1.07 | RSB_CHAI=1.07 | SPEC_CON=1.15 | SPEC_IND=1.08 | SPEC_RET=1.18
Epoch  26/60 | CE: 0.0617 | Con: 1.4676 | Train: 0.983 | Val: 0.976 | LR: 6.04e-04 | 16.2s
Epoch  27/60 | CE: 0.0674 | Con: 1.4676 | Train: 0.986 | Val: 0.985 | LR: 5.78e-04 | 16.2s *BEST*
  Edge scales: CACHE_TE=0.88 | CONTROL_=0.71 | DATA_DEP=0.88 | FENCE_BO=1.04 | MEMORY_O=1.09 | RSB_CHAI=1.07 | SPEC_CON=1.17 | SPEC_IND=1.07 | SPEC_RET=1.19
Epoch  28/60 | CE: 0.0579 | Con: 1.4670 | Train: 0.987 | Val: 0.968 | LR: 5.52e-04 | 16.2s
Epoch  29/60 | CE: 0.0587 | Con: 1.4570 | Train: 0.987 | Val: 0.977 | LR: 5.26e-04 | 16.2s
Epoch  30/60 | CE: 0.0511 | Con: 1.4613 | Train: 0.986 | Val: 0.984 | LR: 5.00e-04 | 16.2s
  Edge scales: CACHE_TE=0.87 | CONTROL_=0.69 | DATA_DEP=0.88 | FENCE_BO=1.04 | MEMORY_O=1.09 | RSB_CHAI=1.08 | SPEC_CON=1.18 | SPEC_IND=1.07 | SPEC_RET=1.20
Epoch  31/60 | CE: 0.0538 | Con: 1.4558 | Train: 0.990 | Val: 0.968 | LR: 4.74e-04 | 16.2s
Epoch  32/60 | CE: 0.0407 | Con: 1.4594 | Train: 0.987 | Val: 0.988 | LR: 4.48e-04 | 16.2s *BEST*
  Edge scales: CACHE_TE=0.87 | CONTROL_=0.70 | DATA_DEP=0.88 | FENCE_BO=1.04 | MEMORY_O=1.10 | RSB_CHAI=1.09 | SPEC_CON=1.18 | SPEC_IND=1.07 | SPEC_RET=1.20
Epoch  33/60 | CE: 0.0610 | Con: 1.4323 | Train: 0.990 | Val: 0.973 | LR: 4.22e-04 | 16.2s
Epoch  34/60 | CE: 0.0563 | Con: 1.4379 | Train: 0.989 | Val: 0.974 | LR: 3.96e-04 | 16.2s
Epoch  35/60 | CE: 0.0591 | Con: 1.4424 | Train: 0.991 | Val: 0.974 | LR: 3.71e-04 | 16.2s
Epoch  36/60 | CE: 0.0328 | Con: 1.4501 | Train: 0.990 | Val: 0.970 | LR: 3.45e-04 | 15.3s
Epoch  37/60 | CE: 0.0437 | Con: 1.4469 | Train: 0.991 | Val: 0.977 | LR: 3.21e-04 | 16.2s
Epoch  38/60 | CE: 0.0435 | Con: 1.4584 | Train: 0.990 | Val: 0.976 | LR: 2.97e-04 | 13.4s
Epoch  39/60 | CE: 0.0407 | Con: 1.4496 | Train: 0.990 | Val: 0.982 | LR: 2.73e-04 | 11.1s
Epoch  40/60 | CE: 0.0283 | Con: 1.4486 | Train: 0.991 | Val: 0.972 | LR: 2.50e-04 | 12.9s
  Edge scales: CACHE_TE=0.86 | CONTROL_=0.69 | DATA_DEP=0.88 | FENCE_BO=1.04 | MEMORY_O=1.10 | RSB_CHAI=1.10 | SPEC_CON=1.19 | SPEC_IND=1.07 | SPEC_RET=1.22
Epoch  41/60 | CE: 0.0262 | Con: 1.4339 | Train: 0.992 | Val: 0.972 | LR: 2.28e-04 | 16.1s
Epoch  42/60 | CE: 0.0304 | Con: 1.4358 | Train: 0.992 | Val: 0.970 | LR: 2.06e-04 | 15.5s

Early stop at epoch 42

======================================================================
FINAL EVALUATION
======================================================================
Best model from epoch 32 (val_acc=0.9878)
Test accuracy: 0.9575
Val/Test gap: +3.03pp

Final edge-type scales:
  CACHE_TEMPORAL      : 0.8674  (DOWN)
  CONTROL_FLOW        : 0.6989  (DOWN)
  DATA_DEP            : 0.8777  (DOWN)
  FENCE_BOUNDARY      : 1.0424  (~1.0)
  MEMORY_ORDER        : 1.1006  (UP)
  RSB_CHAIN           : 1.0880  (UP)
  SPEC_CONDITIONAL    : 1.1798  (UP)
  SPEC_INDIRECT       : 1.0701  (UP)
  SPEC_RETURN         : 1.2023  (UP)

Classification Report:
                          precision    recall  f1-score   support

                  BENIGN       1.00      0.99      1.00      1031
BRANCH_HISTORY_INJECTION       0.64      0.97      0.77        67
               INCEPTION       0.91      0.90      0.91        94
                    L1TF       0.90      0.73      0.81        37
                     MDS       0.90      1.00      0.95        45
                RETBLEED       0.97      0.97      0.97        75
             SPECTRE_RSB       0.17      1.00      0.29         1
              SPECTRE_V1       0.81      1.00      0.89        42
              SPECTRE_V2       0.98      0.77      0.86       154
              SPECTRE_V4       1.00      0.98      0.99       124

                accuracy                           0.96      1670
               macro avg       0.83      0.93      0.84      1670
            weighted avg       0.97      0.96      0.96      1670


Results saved to eval/cluster_out/w3_embed_on_s13/gine_metrics.json
Best val accuracy:  98.78%  (epoch 32)
Final test accuracy: 95.75%
results -> /home/s2473583/speculative_execution/eval/cluster_out/w3_embed_on_s13
done tag=w3_embed_on seed=13 rc=0
