host=saxa.inf.ed.ac.uk job=3668190 tag=spectre_v1_hw seed=7 extra=''
name, memory.total [MiB]
NVIDIA H200, 143771 MiB
Device: cuda

======================================================================
v52_b GINE — group-aware val + stable-hash dataset
======================================================================
Node features: 41  Edge types: 9 (incl. RSB_CHAIN)
Global features: 5  Arch embedding: 8-dim

Loading pre-split train: v54/data/v55h_spectre_v1hw_train.jsonl
  6767 records
Loading pre-split test: v54/data/v54_test.jsonl
  1670 records

Label distribution:
  BENIGN: 3927
  BRANCH_HISTORY_INJECTION: 305
  INCEPTION: 582
  L1TF: 357
  MDS: 367
  RETBLEED: 451
  SPECTRE_RSB: 460
  SPECTRE_V1: 856
  SPECTRE_V2: 669
  SPECTRE_V4: 463

Classes (10): ['BENIGN', 'BRANCH_HISTORY_INJECTION', 'INCEPTION', 'L1TF', 'MDS', 'RETBLEED', 'SPECTRE_RSB', 'SPECTRE_V1', 'SPECTRE_V2', 'SPECTRE_V4']
  Hard negative: SPECTRE_V1 <-> BRANCH_HISTORY_INJECTION
  Hard negative: INCEPTION <-> BRANCH_HISTORY_INJECTION
  Hard negative: MDS <-> RETBLEED
  Hard negative: INCEPTION <-> RETBLEED
  Hard negative: L1TF <-> SPECTRE_V1
  Hard negative: L1TF <-> SPECTRE_V4
  Hard negative: MDS <-> SPECTRE_V4
  Hard negative: SPECTRE_V1 <-> SPECTRE_V4
  Hard negative: SPECTRE_V2 <-> BRANCH_HISTORY_INJECTION
  Hard negative: SPECTRE_V2 <-> INCEPTION
  Hard negative: RETBLEED <-> INCEPTION
  Hard negative: MDS <-> L1TF
  Hard negative: SPECTRE_V2 <-> RETBLEED
Handcrafted features (inline): 58
  Train-only augmentation (excluded from val): 347 records (fastspec)

Group-aware val split: StratifiedGroupKFold(n_splits=10) → val_frac≈0.129 (target ~0.100, pool=6420 val-eligible records)
  Distinct groups — train: 795, val: 92, train∩val groups: 0

Pre-split: Train=5938, Val=829, Test=1670
  Val carve-out: stratified_group_kfold_n10
  Early stopping uses VAL accuracy. Test evaluated once at end.

Global feature statistics (train, mean±std):
  nop_frac            : 0.1009 ± 0.1385
  indirect_frac       : 0.0414 ± 0.0601
  ret_frac            : 0.0474 ± 0.0425
  verw_frac           : 0.0007 ± 0.0088
  movntdqa_frac       : 0.0000 ± 0.0000

Creating datasets...
Pre-computing PDGs (strip_boilerplate=True) ...
  Valid samples: 5938/5938
  Boilerplate stripped: 205 (3.5%) samples
  Instructions: 176252 -> 176017 (0.1% reduction)
  Edge type distribution:
    DATA_DEP            :    90147 (26.9%)
    CONTROL_FLOW        :   167177 (49.9%)
    SPEC_CONDITIONAL    :    31915 (9.5%)
    SPEC_INDIRECT       :    10515 (3.1%)
    SPEC_RETURN         :    17593 (5.3%)
    MEMORY_ORDER        :    10449 (3.1%)
    CACHE_TEMPORAL      :     2378 (0.7%)
    FENCE_BOUNDARY      :     2116 (0.6%)
    RSB_CHAIN           :     2529 (0.8%)
Pre-computing PDGs (strip_boilerplate=True) ...
  Valid samples: 829/829
  Boilerplate stripped: 6 (0.7%) samples
  Instructions: 25243 -> 25237 (0.0% reduction)
  Edge type distribution:
    DATA_DEP            :    13132 (27.9%)
    CONTROL_FLOW        :    24044 (51.0%)
    SPEC_CONDITIONAL    :     5720 (12.1%)
    SPEC_INDIRECT       :     1286 (2.7%)
    SPEC_RETURN         :     1314 (2.8%)
    MEMORY_ORDER        :      885 (1.9%)
    CACHE_TEMPORAL      :      286 (0.6%)
    FENCE_BOUNDARY      :      229 (0.5%)
    RSB_CHAIN           :      228 (0.5%)
Pre-computing PDGs (strip_boilerplate=True) ...
  Valid samples: 1670/1670
  Boilerplate stripped: 55 (3.3%) samples
  Instructions: 52718 -> 52636 (0.2% reduction)
  Edge type distribution:
    DATA_DEP            :    23013 (25.2%)
    CONTROL_FLOW        :    48834 (53.4%)
    SPEC_CONDITIONAL    :     8986 (9.8%)
    SPEC_INDIRECT       :     2152 (2.4%)
    SPEC_RETURN         :     4380 (4.8%)
    MEMORY_ORDER        :     1943 (2.1%)
    CACHE_TEMPORAL      :      588 (0.6%)
    FENCE_BOUNDARY      :     1023 (1.1%)
    RSB_CHAIN           :      544 (0.6%)
Node feature mode: hand  node_feat_dim=41

Initializing GINEClassifier v47...
  Total parameters: 618,059
  Edge types: 9 (RSB_CHAIN added)

======================================================================
TRAINING
======================================================================
Epoch   1/60 | CE: 1.0588 | Con: 2.4239 | Train: 0.733 | Val: 0.889 | LR: 9.99e-04 | 18.4s *BEST*
  Edge scales: CACHE_TE=0.99 | CONTROL_=0.99 | DATA_DEP=1.00 | FENCE_BO=1.00 | MEMORY_O=1.00 | RSB_CHAI=1.01 | SPEC_CON=1.02 | SPEC_IND=1.01 | SPEC_RET=1.02
Epoch   2/60 | CE: 0.4825 | Con: 1.9786 | Train: 0.877 | Val: 0.888 | LR: 9.97e-04 | 7.0s
Epoch   3/60 | CE: 0.3556 | Con: 1.8450 | Train: 0.913 | Val: 0.926 | LR: 9.94e-04 | 7.7s *BEST*
  Edge scales: CACHE_TE=0.93 | CONTROL_=0.95 | DATA_DEP=0.96 | FENCE_BO=1.01 | MEMORY_O=1.04 | RSB_CHAI=1.02 | SPEC_CON=1.03 | SPEC_IND=1.00 | SPEC_RET=1.02
Epoch   4/60 | CE: 0.2951 | Con: 1.7866 | Train: 0.925 | Val: 0.930 | LR: 9.89e-04 | 7.8s *BEST*
  Edge scales: CACHE_TE=0.91 | CONTROL_=0.93 | DATA_DEP=0.96 | FENCE_BO=1.03 | MEMORY_O=1.05 | RSB_CHAI=1.02 | SPEC_CON=1.04 | SPEC_IND=1.01 | SPEC_RET=1.01
Epoch   5/60 | CE: 0.2424 | Con: 1.7368 | Train: 0.943 | Val: 0.941 | LR: 9.83e-04 | 6.9s *BEST*
  Edge scales: CACHE_TE=0.90 | CONTROL_=0.92 | DATA_DEP=0.97 | FENCE_BO=1.03 | MEMORY_O=1.05 | RSB_CHAI=1.01 | SPEC_CON=1.06 | SPEC_IND=1.03 | SPEC_RET=1.00
Epoch   6/60 | CE: 0.2088 | Con: 1.6864 | Train: 0.948 | Val: 0.940 | LR: 9.76e-04 | 6.9s
Epoch   7/60 | CE: 0.1914 | Con: 1.6438 | Train: 0.949 | Val: 0.943 | LR: 9.67e-04 | 8.1s *BEST*
  Edge scales: CACHE_TE=0.90 | CONTROL_=0.90 | DATA_DEP=0.97 | FENCE_BO=1.04 | MEMORY_O=1.08 | RSB_CHAI=1.00 | SPEC_CON=1.10 | SPEC_IND=1.04 | SPEC_RET=1.01
Epoch   8/60 | CE: 0.1725 | Con: 1.6253 | Train: 0.958 | Val: 0.953 | LR: 9.57e-04 | 7.8s *BEST*
  Edge scales: CACHE_TE=0.89 | CONTROL_=0.89 | DATA_DEP=0.97 | FENCE_BO=1.04 | MEMORY_O=1.08 | RSB_CHAI=0.99 | SPEC_CON=1.11 | SPEC_IND=1.06 | SPEC_RET=1.01
Epoch   9/60 | CE: 0.1447 | Con: 1.6163 | Train: 0.963 | Val: 0.954 | LR: 9.46e-04 | 7.0s *BEST*
  Edge scales: CACHE_TE=0.88 | CONTROL_=0.89 | DATA_DEP=0.97 | FENCE_BO=1.05 | MEMORY_O=1.09 | RSB_CHAI=0.99 | SPEC_CON=1.12 | SPEC_IND=1.06 | SPEC_RET=1.01
Epoch  10/60 | CE: 0.1248 | Con: 1.5824 | Train: 0.970 | Val: 0.961 | LR: 9.33e-04 | 7.0s *BEST*
  Edge scales: CACHE_TE=0.88 | CONTROL_=0.89 | DATA_DEP=0.98 | FENCE_BO=1.06 | MEMORY_O=1.09 | RSB_CHAI=0.98 | SPEC_CON=1.11 | SPEC_IND=1.08 | SPEC_RET=1.01
Epoch  11/60 | CE: 0.1338 | Con: 1.5512 | Train: 0.968 | Val: 0.959 | LR: 9.19e-04 | 6.9s
Epoch  12/60 | CE: 0.1128 | Con: 1.5688 | Train: 0.972 | Val: 0.964 | LR: 9.05e-04 | 6.9s *BEST*
  Edge scales: CACHE_TE=0.89 | CONTROL_=0.88 | DATA_DEP=1.00 | FENCE_BO=1.08 | MEMORY_O=1.10 | RSB_CHAI=0.94 | SPEC_CON=1.15 | SPEC_IND=1.08 | SPEC_RET=1.05
Epoch  13/60 | CE: 0.1164 | Con: 1.5564 | Train: 0.971 | Val: 0.966 | LR: 8.89e-04 | 6.9s *BEST*
  Edge scales: CACHE_TE=0.88 | CONTROL_=0.88 | DATA_DEP=1.00 | FENCE_BO=1.08 | MEMORY_O=1.11 | RSB_CHAI=0.93 | SPEC_CON=1.16 | SPEC_IND=1.08 | SPEC_RET=1.05
Epoch  14/60 | CE: 0.1060 | Con: 1.5579 | Train: 0.973 | Val: 0.970 | LR: 8.72e-04 | 7.0s *BEST*
  Edge scales: CACHE_TE=0.87 | CONTROL_=0.88 | DATA_DEP=0.99 | FENCE_BO=1.08 | MEMORY_O=1.12 | RSB_CHAI=0.93 | SPEC_CON=1.17 | SPEC_IND=1.09 | SPEC_RET=1.06
Epoch  15/60 | CE: 0.1072 | Con: 1.5498 | Train: 0.976 | Val: 0.978 | LR: 8.54e-04 | 7.8s *BEST*
  Edge scales: CACHE_TE=0.87 | CONTROL_=0.87 | DATA_DEP=1.00 | FENCE_BO=1.08 | MEMORY_O=1.12 | RSB_CHAI=0.92 | SPEC_CON=1.17 | SPEC_IND=1.09 | SPEC_RET=1.07
Epoch  16/60 | CE: 0.0894 | Con: 1.5384 | Train: 0.978 | Val: 0.975 | LR: 8.35e-04 | 7.5s
Epoch  17/60 | CE: 0.0937 | Con: 1.5400 | Train: 0.976 | Val: 0.966 | LR: 8.15e-04 | 7.0s
Epoch  18/60 | CE: 0.0857 | Con: 1.5169 | Train: 0.978 | Val: 0.960 | LR: 7.94e-04 | 6.9s
Epoch  19/60 | CE: 0.0833 | Con: 1.5253 | Train: 0.981 | Val: 0.978 | LR: 7.72e-04 | 6.9s
Epoch  20/60 | CE: 0.0792 | Con: 1.5140 | Train: 0.979 | Val: 0.970 | LR: 7.50e-04 | 6.9s
  Edge scales: CACHE_TE=0.86 | CONTROL_=0.86 | DATA_DEP=1.00 | FENCE_BO=1.10 | MEMORY_O=1.16 | RSB_CHAI=0.90 | SPEC_CON=1.20 | SPEC_IND=1.10 | SPEC_RET=1.11
Epoch  21/60 | CE: 0.0723 | Con: 1.5078 | Train: 0.983 | Val: 0.971 | LR: 7.27e-04 | 7.0s
Epoch  22/60 | CE: 0.0682 | Con: 1.4967 | Train: 0.981 | Val: 0.972 | LR: 7.03e-04 | 6.9s
Epoch  23/60 | CE: 0.0642 | Con: 1.4940 | Train: 0.984 | Val: 0.975 | LR: 6.79e-04 | 7.0s
Epoch  24/60 | CE: 0.0621 | Con: 1.5051 | Train: 0.985 | Val: 0.959 | LR: 6.55e-04 | 7.0s
Epoch  25/60 | CE: 0.0611 | Con: 1.4913 | Train: 0.985 | Val: 0.979 | LR: 6.29e-04 | 6.9s *BEST*
  Edge scales: CACHE_TE=0.86 | CONTROL_=0.85 | DATA_DEP=1.00 | FENCE_BO=1.10 | MEMORY_O=1.16 | RSB_CHAI=0.91 | SPEC_CON=1.22 | SPEC_IND=1.12 | SPEC_RET=1.12
Epoch  26/60 | CE: 0.0611 | Con: 1.5022 | Train: 0.983 | Val: 0.961 | LR: 6.04e-04 | 7.0s
Epoch  27/60 | CE: 0.0599 | Con: 1.4925 | Train: 0.984 | Val: 0.969 | LR: 5.78e-04 | 6.9s
Epoch  28/60 | CE: 0.0562 | Con: 1.4971 | Train: 0.986 | Val: 0.976 | LR: 5.52e-04 | 6.9s
Epoch  29/60 | CE: 0.0471 | Con: 1.4709 | Train: 0.987 | Val: 0.975 | LR: 5.26e-04 | 6.8s
Epoch  30/60 | CE: 0.0602 | Con: 1.5040 | Train: 0.984 | Val: 0.965 | LR: 5.00e-04 | 6.8s
  Edge scales: CACHE_TE=0.87 | CONTROL_=0.86 | DATA_DEP=1.00 | FENCE_BO=1.11 | MEMORY_O=1.16 | RSB_CHAI=0.89 | SPEC_CON=1.22 | SPEC_IND=1.14 | SPEC_RET=1.12
Epoch  31/60 | CE: 0.0555 | Con: 1.4754 | Train: 0.985 | Val: 0.965 | LR: 4.74e-04 | 6.8s
Epoch  32/60 | CE: 0.0451 | Con: 1.4920 | Train: 0.987 | Val: 0.976 | LR: 4.48e-04 | 6.9s
Epoch  33/60 | CE: 0.0448 | Con: 1.4761 | Train: 0.987 | Val: 0.957 | LR: 4.22e-04 | 8.1s
Epoch  34/60 | CE: 0.0457 | Con: 1.4821 | Train: 0.988 | Val: 0.961 | LR: 3.96e-04 | 8.1s
Epoch  35/60 | CE: 0.0439 | Con: 1.4830 | Train: 0.988 | Val: 0.975 | LR: 3.71e-04 | 8.1s

Early stop at epoch 35

======================================================================
FINAL EVALUATION
======================================================================
Best model from epoch 25 (val_acc=0.9795)
Test accuracy: 0.9491
Val/Test gap: +3.04pp

Final edge-type scales:
  CACHE_TEMPORAL      : 0.8578  (DOWN)
  CONTROL_FLOW        : 0.8462  (DOWN)
  DATA_DEP            : 1.0032  (~1.0)
  FENCE_BOUNDARY      : 1.0987  (UP)
  MEMORY_ORDER        : 1.1640  (UP)
  RSB_CHAIN           : 0.9099  (DOWN)
  SPEC_CONDITIONAL    : 1.2226  (UP)
  SPEC_INDIRECT       : 1.1197  (UP)
  SPEC_RETURN         : 1.1212  (UP)

Classification Report:
                          precision    recall  f1-score   support

                  BENIGN       0.99      0.99      0.99      1031
BRANCH_HISTORY_INJECTION       0.65      0.90      0.75        67
               INCEPTION       0.94      0.83      0.88        94
                    L1TF       0.88      0.57      0.69        37
                     MDS       0.79      0.98      0.87        45
                RETBLEED       0.97      0.95      0.96        75
             SPECTRE_RSB       0.17      1.00      0.29         1
              SPECTRE_V1       0.88      1.00      0.93        42
              SPECTRE_V2       0.95      0.79      0.86       154
              SPECTRE_V4       1.00      0.98      0.99       124

                accuracy                           0.95      1670
               macro avg       0.82      0.90      0.82      1670
            weighted avg       0.96      0.95      0.95      1670


Results saved to eval/cluster_out/spectre_v1_hw_s7/gine_metrics.json
Best val accuracy:  97.95%  (epoch 25)
Final test accuracy: 94.91%
results -> /home/s2473583/speculative_execution/eval/cluster_out/spectre_v1_hw_s7
done tag=spectre_v1_hw seed=7 rc=0
