host=saxa.inf.ed.ac.uk job=3668253 tag=allhw seed=42 extra=''
name, memory.total [MiB]
NVIDIA H200, 143771 MiB
Device: cuda

======================================================================
v52_b GINE — group-aware val + stable-hash dataset
======================================================================
Node features: 41  Edge types: 9 (incl. RSB_CHAIN)
Global features: 5  Arch embedding: 8-dim

Loading pre-split train: v54/data/v55h_allhw_train.jsonl
  7115 records
Loading pre-split test: v54/data/v54_test.jsonl
  1670 records

Label distribution:
  BENIGN: 4101
  BRANCH_HISTORY_INJECTION: 305
  INCEPTION: 582
  L1TF: 448
  MDS: 417
  RETBLEED: 451
  SPECTRE_RSB: 460
  SPECTRE_V1: 856
  SPECTRE_V2: 669
  SPECTRE_V4: 496

Classes (10): ['BENIGN', 'BRANCH_HISTORY_INJECTION', 'INCEPTION', 'L1TF', 'MDS', 'RETBLEED', 'SPECTRE_RSB', 'SPECTRE_V1', 'SPECTRE_V2', 'SPECTRE_V4']
  Hard negative: SPECTRE_V1 <-> BRANCH_HISTORY_INJECTION
  Hard negative: INCEPTION <-> BRANCH_HISTORY_INJECTION
  Hard negative: MDS <-> RETBLEED
  Hard negative: INCEPTION <-> RETBLEED
  Hard negative: L1TF <-> SPECTRE_V1
  Hard negative: L1TF <-> SPECTRE_V4
  Hard negative: MDS <-> SPECTRE_V4
  Hard negative: SPECTRE_V1 <-> SPECTRE_V4
  Hard negative: SPECTRE_V2 <-> BRANCH_HISTORY_INJECTION
  Hard negative: SPECTRE_V2 <-> INCEPTION
  Hard negative: RETBLEED <-> INCEPTION
  Hard negative: MDS <-> L1TF
  Hard negative: SPECTRE_V2 <-> RETBLEED
Handcrafted features (inline): 58
  Train-only augmentation (excluded from val): 347 records (fastspec)

Group-aware val split: StratifiedGroupKFold(n_splits=10) → val_frac≈0.125 (target ~0.100, pool=6768 val-eligible records)
  Distinct groups — train: 1125, val: 110, train∩val groups: 0

Pre-split: Train=6268, Val=847, Test=1670
  Val carve-out: stratified_group_kfold_n10
  Early stopping uses VAL accuracy. Test evaluated once at end.

Global feature statistics (train, mean±std):
  nop_frac            : 0.0971 ± 0.1353
  indirect_frac       : 0.0422 ± 0.0613
  ret_frac            : 0.0469 ± 0.0419
  verw_frac           : 0.0005 ± 0.0068
  movntdqa_frac       : 0.0000 ± 0.0000

Creating datasets...
Pre-computing PDGs (strip_boilerplate=True) ...
  Valid samples: 6268/6268
  Boilerplate stripped: 194 (3.1%) samples
  Instructions: 189840 -> 189618 (0.1% reduction)
  Edge type distribution:
    DATA_DEP            :   101590 (27.9%)
    CONTROL_FLOW        :   180808 (49.7%)
    SPEC_CONDITIONAL    :    31767 (8.7%)
    SPEC_INDIRECT       :    11037 (3.0%)
    SPEC_RETURN         :    17760 (4.9%)
    MEMORY_ORDER        :    12124 (3.3%)
    CACHE_TEMPORAL      :     2336 (0.6%)
    FENCE_BOUNDARY      :     3873 (1.1%)
    RSB_CHAIN           :     2546 (0.7%)
Pre-computing PDGs (strip_boilerplate=True) ...
  Valid samples: 847/847
  Boilerplate stripped: 17 (2.0%) samples
  Instructions: 27562 -> 27543 (0.1% reduction)
  Edge type distribution:
    DATA_DEP            :    14835 (29.4%)
    CONTROL_FLOW        :    25972 (51.4%)
    SPEC_CONDITIONAL    :     5868 (11.6%)
    SPEC_INDIRECT       :      764 (1.5%)
    SPEC_RETURN         :     1147 (2.3%)
    MEMORY_ORDER        :     1136 (2.2%)
    CACHE_TEMPORAL      :      328 (0.6%)
    FENCE_BOUNDARY      :      251 (0.5%)
    RSB_CHAIN           :      211 (0.4%)
Pre-computing PDGs (strip_boilerplate=True) ...
  Valid samples: 1670/1670
  Boilerplate stripped: 55 (3.3%) samples
  Instructions: 52718 -> 52636 (0.2% reduction)
  Edge type distribution:
    DATA_DEP            :    23013 (25.2%)
    CONTROL_FLOW        :    48834 (53.4%)
    SPEC_CONDITIONAL    :     8986 (9.8%)
    SPEC_INDIRECT       :     2152 (2.4%)
    SPEC_RETURN         :     4380 (4.8%)
    MEMORY_ORDER        :     1943 (2.1%)
    CACHE_TEMPORAL      :      588 (0.6%)
    FENCE_BOUNDARY      :     1023 (1.1%)
    RSB_CHAIN           :      544 (0.6%)
Node feature mode: hand  node_feat_dim=41

Initializing GINEClassifier v47...
  Total parameters: 618,059
  Edge types: 9 (RSB_CHAIN added)

======================================================================
TRAINING
======================================================================
Epoch   1/60 | CE: 1.1920 | Con: 2.5805 | Train: 0.693 | Val: 0.874 | LR: 9.99e-04 | 14.1s *BEST*
  Edge scales: CACHE_TE=1.02 | CONTROL_=0.98 | DATA_DEP=1.00 | FENCE_BO=0.99 | MEMORY_O=1.01 | RSB_CHAI=1.03 | SPEC_CON=0.97 | SPEC_IND=1.04 | SPEC_RET=1.02
Epoch   2/60 | CE: 0.5355 | Con: 2.0754 | Train: 0.865 | Val: 0.917 | LR: 9.97e-04 | 8.8s *BEST*
  Edge scales: CACHE_TE=1.01 | CONTROL_=0.97 | DATA_DEP=1.00 | FENCE_BO=0.99 | MEMORY_O=1.03 | RSB_CHAI=1.04 | SPEC_CON=0.98 | SPEC_IND=1.05 | SPEC_RET=1.03
Epoch   3/60 | CE: 0.3841 | Con: 1.9295 | Train: 0.907 | Val: 0.946 | LR: 9.94e-04 | 8.7s *BEST*
  Edge scales: CACHE_TE=1.00 | CONTROL_=0.93 | DATA_DEP=0.97 | FENCE_BO=1.00 | MEMORY_O=1.05 | RSB_CHAI=1.06 | SPEC_CON=0.98 | SPEC_IND=1.06 | SPEC_RET=1.04
Epoch   4/60 | CE: 0.3070 | Con: 1.8357 | Train: 0.928 | Val: 0.947 | LR: 9.89e-04 | 8.7s *BEST*
  Edge scales: CACHE_TE=0.98 | CONTROL_=0.92 | DATA_DEP=0.95 | FENCE_BO=1.00 | MEMORY_O=1.07 | RSB_CHAI=1.07 | SPEC_CON=1.01 | SPEC_IND=1.06 | SPEC_RET=1.04
Epoch   5/60 | CE: 0.2586 | Con: 1.7578 | Train: 0.936 | Val: 0.967 | LR: 9.83e-04 | 8.7s *BEST*
  Edge scales: CACHE_TE=0.99 | CONTROL_=0.90 | DATA_DEP=0.95 | FENCE_BO=1.00 | MEMORY_O=1.08 | RSB_CHAI=1.09 | SPEC_CON=1.04 | SPEC_IND=1.07 | SPEC_RET=1.03
Epoch   6/60 | CE: 0.2222 | Con: 1.7103 | Train: 0.944 | Val: 0.949 | LR: 9.76e-04 | 8.7s
Epoch   7/60 | CE: 0.2146 | Con: 1.6894 | Train: 0.944 | Val: 0.955 | LR: 9.67e-04 | 8.7s
Epoch   8/60 | CE: 0.1723 | Con: 1.6469 | Train: 0.956 | Val: 0.967 | LR: 9.57e-04 | 8.7s
Epoch   9/60 | CE: 0.1643 | Con: 1.6261 | Train: 0.959 | Val: 0.972 | LR: 9.46e-04 | 8.8s *BEST*
  Edge scales: CACHE_TE=0.94 | CONTROL_=0.87 | DATA_DEP=0.97 | FENCE_BO=1.01 | MEMORY_O=1.12 | RSB_CHAI=1.14 | SPEC_CON=1.06 | SPEC_IND=1.09 | SPEC_RET=1.03
Epoch  10/60 | CE: 0.1535 | Con: 1.6109 | Train: 0.961 | Val: 0.968 | LR: 9.33e-04 | 8.7s
  Edge scales: CACHE_TE=0.94 | CONTROL_=0.86 | DATA_DEP=0.97 | FENCE_BO=1.01 | MEMORY_O=1.14 | RSB_CHAI=1.14 | SPEC_CON=1.06 | SPEC_IND=1.09 | SPEC_RET=1.03
Epoch  11/60 | CE: 0.1272 | Con: 1.5957 | Train: 0.970 | Val: 0.973 | LR: 9.19e-04 | 8.7s *BEST*
  Edge scales: CACHE_TE=0.96 | CONTROL_=0.86 | DATA_DEP=0.97 | FENCE_BO=1.03 | MEMORY_O=1.14 | RSB_CHAI=1.16 | SPEC_CON=1.05 | SPEC_IND=1.09 | SPEC_RET=1.00
Epoch  12/60 | CE: 0.1330 | Con: 1.5977 | Train: 0.967 | Val: 0.968 | LR: 9.05e-04 | 8.8s
Epoch  13/60 | CE: 0.1244 | Con: 1.5839 | Train: 0.968 | Val: 0.979 | LR: 8.89e-04 | 8.8s *BEST*
  Edge scales: CACHE_TE=0.94 | CONTROL_=0.84 | DATA_DEP=0.96 | FENCE_BO=1.04 | MEMORY_O=1.15 | RSB_CHAI=1.18 | SPEC_CON=1.09 | SPEC_IND=1.07 | SPEC_RET=1.03
Epoch  14/60 | CE: 0.1091 | Con: 1.5581 | Train: 0.972 | Val: 0.976 | LR: 8.72e-04 | 8.8s
Epoch  15/60 | CE: 0.0968 | Con: 1.5504 | Train: 0.975 | Val: 0.978 | LR: 8.54e-04 | 8.8s
Epoch  16/60 | CE: 0.1022 | Con: 1.5544 | Train: 0.975 | Val: 0.970 | LR: 8.35e-04 | 8.8s
Epoch  17/60 | CE: 0.0846 | Con: 1.5219 | Train: 0.980 | Val: 0.965 | LR: 8.15e-04 | 8.8s
Epoch  18/60 | CE: 0.0868 | Con: 1.5443 | Train: 0.978 | Val: 0.966 | LR: 7.94e-04 | 8.8s
Epoch  19/60 | CE: 0.0786 | Con: 1.5325 | Train: 0.980 | Val: 0.974 | LR: 7.72e-04 | 8.7s
Epoch  20/60 | CE: 0.0818 | Con: 1.5409 | Train: 0.979 | Val: 0.972 | LR: 7.50e-04 | 8.7s
  Edge scales: CACHE_TE=0.92 | CONTROL_=0.81 | DATA_DEP=0.95 | FENCE_BO=1.04 | MEMORY_O=1.15 | RSB_CHAI=1.24 | SPEC_CON=1.11 | SPEC_IND=1.10 | SPEC_RET=1.03
Epoch  21/60 | CE: 0.0763 | Con: 1.5306 | Train: 0.979 | Val: 0.973 | LR: 7.27e-04 | 8.3s
Epoch  22/60 | CE: 0.0651 | Con: 1.5099 | Train: 0.982 | Val: 0.979 | LR: 7.03e-04 | 7.4s
Epoch  23/60 | CE: 0.0673 | Con: 1.5044 | Train: 0.980 | Val: 0.948 | LR: 6.79e-04 | 7.4s

Early stop at epoch 23

======================================================================
FINAL EVALUATION
======================================================================
Best model from epoch 13 (val_acc=0.9787)
Test accuracy: 0.9485
Val/Test gap: +3.02pp

Final edge-type scales:
  CACHE_TEMPORAL      : 0.9373  (DOWN)
  CONTROL_FLOW        : 0.8394  (DOWN)
  DATA_DEP            : 0.9637  (~1.0)
  FENCE_BOUNDARY      : 1.0366  (~1.0)
  MEMORY_ORDER        : 1.1527  (UP)
  RSB_CHAIN           : 1.1784  (UP)
  SPEC_CONDITIONAL    : 1.0867  (UP)
  SPEC_INDIRECT       : 1.0669  (UP)
  SPEC_RETURN         : 1.0256  (~1.0)

Classification Report:
                          precision    recall  f1-score   support

                  BENIGN       0.99      0.98      0.99      1031
BRANCH_HISTORY_INJECTION       0.69      0.97      0.81        67
               INCEPTION       0.91      0.77      0.83        94
                    L1TF       0.87      0.70      0.78        37
                     MDS       0.90      0.98      0.94        45
                RETBLEED       0.96      1.00      0.98        75
             SPECTRE_RSB       0.00      0.00      0.00         1
              SPECTRE_V1       0.79      1.00      0.88        42
              SPECTRE_V2       0.97      0.81      0.88       154
              SPECTRE_V4       1.00      0.98      0.99       124

                accuracy                           0.95      1670
               macro avg       0.81      0.82      0.81      1670
            weighted avg       0.96      0.95      0.95      1670


Results saved to eval/cluster_out/allhw_s42/gine_metrics.json
Best val accuracy:  97.87%  (epoch 13)
Final test accuracy: 94.85%
results -> /home/s2473583/speculative_execution/eval/cluster_out/allhw_s42
done tag=allhw seed=42 rc=0
