host=saxa.inf.ed.ac.uk job=3668211 tag=p3_hwv4 seed=42 extra=''
name, memory.total [MiB]
NVIDIA H200, 143771 MiB
Device: cuda

======================================================================
v52_b GINE — group-aware val + stable-hash dataset
======================================================================
Node features: 41  Edge types: 9 (incl. RSB_CHAIN)
Global features: 5  Arch embedding: 8-dim

Loading pre-split train: v54/data/v55h_hwv4_train.jsonl
  6637 records
Loading pre-split test: v54/data/v54_test.jsonl
  1670 records

Label distribution:
  BENIGN: 3862
  BRANCH_HISTORY_INJECTION: 305
  INCEPTION: 582
  L1TF: 357
  MDS: 367
  RETBLEED: 451
  SPECTRE_RSB: 460
  SPECTRE_V1: 780
  SPECTRE_V2: 669
  SPECTRE_V4: 474

Classes (10): ['BENIGN', 'BRANCH_HISTORY_INJECTION', 'INCEPTION', 'L1TF', 'MDS', 'RETBLEED', 'SPECTRE_RSB', 'SPECTRE_V1', 'SPECTRE_V2', 'SPECTRE_V4']
  Hard negative: SPECTRE_V1 <-> BRANCH_HISTORY_INJECTION
  Hard negative: INCEPTION <-> BRANCH_HISTORY_INJECTION
  Hard negative: MDS <-> RETBLEED
  Hard negative: INCEPTION <-> RETBLEED
  Hard negative: L1TF <-> SPECTRE_V1
  Hard negative: L1TF <-> SPECTRE_V4
  Hard negative: MDS <-> SPECTRE_V4
  Hard negative: SPECTRE_V1 <-> SPECTRE_V4
  Hard negative: SPECTRE_V2 <-> BRANCH_HISTORY_INJECTION
  Hard negative: SPECTRE_V2 <-> INCEPTION
  Hard negative: RETBLEED <-> INCEPTION
  Hard negative: MDS <-> L1TF
  Hard negative: SPECTRE_V2 <-> RETBLEED
Handcrafted features (inline): 58
  Train-only augmentation (excluded from val): 347 records (fastspec)

Group-aware val split: StratifiedGroupKFold(n_splits=10) → val_frac≈0.131 (target ~0.100, pool=6290 val-eligible records)
  Distinct groups — train: 672, val: 85, train∩val groups: 0

Pre-split: Train=5815, Val=822, Test=1670
  Val carve-out: stratified_group_kfold_n10
  Early stopping uses VAL accuracy. Test evaluated once at end.

Global feature statistics (train, mean±std):
  nop_frac            : 0.0970 ± 0.1354
  indirect_frac       : 0.0432 ± 0.0610
  ret_frac            : 0.0465 ± 0.0421
  verw_frac           : 0.0005 ± 0.0068
  movntdqa_frac       : 0.0000 ± 0.0000

Creating datasets...
Pre-computing PDGs (strip_boilerplate=True) ...
  Valid samples: 5815/5815
  Boilerplate stripped: 194 (3.3%) samples
  Instructions: 174850 -> 174628 (0.1% reduction)
  Edge type distribution:
    DATA_DEP            :    89000 (26.8%)
    CONTROL_FLOW        :   165801 (49.9%)
    SPEC_CONDITIONAL    :    32041 (9.6%)
    SPEC_INDIRECT       :    10498 (3.2%)
    SPEC_RETURN         :    17469 (5.3%)
    MEMORY_ORDER        :    10039 (3.0%)
    CACHE_TEMPORAL      :     2436 (0.7%)
    FENCE_BOUNDARY      :     2223 (0.7%)
    RSB_CHAIN           :     2537 (0.8%)
Pre-computing PDGs (strip_boilerplate=True) ...
  Valid samples: 822/822
  Boilerplate stripped: 17 (2.1%) samples
  Instructions: 23845 -> 23826 (0.1% reduction)
  Edge type distribution:
    DATA_DEP            :    12285 (27.4%)
    CONTROL_FLOW        :    22750 (50.7%)
    SPEC_CONDITIONAL    :     5569 (12.4%)
    SPEC_INDIRECT       :     1303 (2.9%)
    SPEC_RETURN         :     1438 (3.2%)
    MEMORY_ORDER        :      921 (2.1%)
    CACHE_TEMPORAL      :      228 (0.5%)
    FENCE_BOUNDARY      :      181 (0.4%)
    RSB_CHAIN           :      220 (0.5%)
Pre-computing PDGs (strip_boilerplate=True) ...
  Valid samples: 1670/1670
  Boilerplate stripped: 55 (3.3%) samples
  Instructions: 52718 -> 52636 (0.2% reduction)
  Edge type distribution:
    DATA_DEP            :    23013 (25.2%)
    CONTROL_FLOW        :    48834 (53.4%)
    SPEC_CONDITIONAL    :     8986 (9.8%)
    SPEC_INDIRECT       :     2152 (2.4%)
    SPEC_RETURN         :     4380 (4.8%)
    MEMORY_ORDER        :     1943 (2.1%)
    CACHE_TEMPORAL      :      588 (0.6%)
    FENCE_BOUNDARY      :     1023 (1.1%)
    RSB_CHAIN           :      544 (0.6%)
Node feature mode: hand  node_feat_dim=41

Initializing GINEClassifier v47...
  Total parameters: 618,059
  Edge types: 9 (RSB_CHAIN added)

======================================================================
TRAINING
======================================================================
Epoch   1/60 | CE: 1.1865 | Con: 2.4912 | Train: 0.699 | Val: 0.872 | LR: 9.99e-04 | 8.5s *BEST*
  Edge scales: CACHE_TE=0.99 | CONTROL_=0.98 | DATA_DEP=1.02 | FENCE_BO=0.99 | MEMORY_O=1.01 | RSB_CHAI=1.02 | SPEC_CON=1.00 | SPEC_IND=1.02 | SPEC_RET=1.04
Epoch   2/60 | CE: 0.5349 | Con: 2.0242 | Train: 0.868 | Val: 0.900 | LR: 9.97e-04 | 8.2s *BEST*
  Edge scales: CACHE_TE=0.98 | CONTROL_=0.97 | DATA_DEP=1.01 | FENCE_BO=0.96 | MEMORY_O=1.01 | RSB_CHAI=1.02 | SPEC_CON=1.00 | SPEC_IND=1.06 | SPEC_RET=1.06
Epoch   3/60 | CE: 0.3885 | Con: 1.8922 | Train: 0.904 | Val: 0.914 | LR: 9.94e-04 | 8.1s *BEST*
  Edge scales: CACHE_TE=0.96 | CONTROL_=0.97 | DATA_DEP=0.99 | FENCE_BO=0.93 | MEMORY_O=1.03 | RSB_CHAI=1.03 | SPEC_CON=0.99 | SPEC_IND=1.08 | SPEC_RET=1.08
Epoch   4/60 | CE: 0.3225 | Con: 1.7995 | Train: 0.918 | Val: 0.915 | LR: 9.89e-04 | 8.1s *BEST*
  Edge scales: CACHE_TE=0.97 | CONTROL_=0.95 | DATA_DEP=0.98 | FENCE_BO=0.93 | MEMORY_O=1.05 | RSB_CHAI=1.05 | SPEC_CON=0.99 | SPEC_IND=1.08 | SPEC_RET=1.10
Epoch   5/60 | CE: 0.2548 | Con: 1.7249 | Train: 0.938 | Val: 0.929 | LR: 9.83e-04 | 8.0s *BEST*
  Edge scales: CACHE_TE=0.96 | CONTROL_=0.96 | DATA_DEP=0.98 | FENCE_BO=0.94 | MEMORY_O=1.07 | RSB_CHAI=1.06 | SPEC_CON=1.00 | SPEC_IND=1.10 | SPEC_RET=1.11
Epoch   6/60 | CE: 0.2239 | Con: 1.6879 | Train: 0.944 | Val: 0.936 | LR: 9.76e-04 | 8.1s *BEST*
  Edge scales: CACHE_TE=0.95 | CONTROL_=0.95 | DATA_DEP=0.97 | FENCE_BO=0.93 | MEMORY_O=1.08 | RSB_CHAI=1.06 | SPEC_CON=1.00 | SPEC_IND=1.11 | SPEC_RET=1.13
Epoch   7/60 | CE: 0.1843 | Con: 1.6478 | Train: 0.955 | Val: 0.940 | LR: 9.67e-04 | 8.0s *BEST*
  Edge scales: CACHE_TE=0.97 | CONTROL_=0.93 | DATA_DEP=0.96 | FENCE_BO=0.92 | MEMORY_O=1.11 | RSB_CHAI=1.06 | SPEC_CON=0.99 | SPEC_IND=1.12 | SPEC_RET=1.15
Epoch   8/60 | CE: 0.1781 | Con: 1.6207 | Train: 0.956 | Val: 0.943 | LR: 9.57e-04 | 8.0s *BEST*
  Edge scales: CACHE_TE=0.96 | CONTROL_=0.94 | DATA_DEP=0.96 | FENCE_BO=0.92 | MEMORY_O=1.13 | RSB_CHAI=1.08 | SPEC_CON=0.99 | SPEC_IND=1.13 | SPEC_RET=1.17
Epoch   9/60 | CE: 0.1523 | Con: 1.6019 | Train: 0.963 | Val: 0.940 | LR: 9.46e-04 | 8.0s
Epoch  10/60 | CE: 0.1349 | Con: 1.5703 | Train: 0.964 | Val: 0.967 | LR: 9.33e-04 | 8.0s *BEST*
  Edge scales: CACHE_TE=0.95 | CONTROL_=0.91 | DATA_DEP=0.96 | FENCE_BO=0.93 | MEMORY_O=1.16 | RSB_CHAI=1.09 | SPEC_CON=0.99 | SPEC_IND=1.15 | SPEC_RET=1.19
Epoch  11/60 | CE: 0.1318 | Con: 1.5817 | Train: 0.969 | Val: 0.961 | LR: 9.19e-04 | 8.1s
Epoch  12/60 | CE: 0.1304 | Con: 1.5664 | Train: 0.967 | Val: 0.956 | LR: 9.05e-04 | 8.1s
Epoch  13/60 | CE: 0.1183 | Con: 1.5443 | Train: 0.971 | Val: 0.965 | LR: 8.89e-04 | 8.1s
Epoch  14/60 | CE: 0.1120 | Con: 1.5455 | Train: 0.972 | Val: 0.972 | LR: 8.72e-04 | 8.0s *BEST*
  Edge scales: CACHE_TE=0.94 | CONTROL_=0.91 | DATA_DEP=0.95 | FENCE_BO=0.92 | MEMORY_O=1.18 | RSB_CHAI=1.12 | SPEC_CON=1.00 | SPEC_IND=1.17 | SPEC_RET=1.23
Epoch  15/60 | CE: 0.0991 | Con: 1.5303 | Train: 0.975 | Val: 0.965 | LR: 8.54e-04 | 8.0s
Epoch  16/60 | CE: 0.0967 | Con: 1.5217 | Train: 0.975 | Val: 0.966 | LR: 8.35e-04 | 8.1s
Epoch  17/60 | CE: 0.0889 | Con: 1.5145 | Train: 0.979 | Val: 0.955 | LR: 8.15e-04 | 8.1s
Epoch  18/60 | CE: 0.0815 | Con: 1.5224 | Train: 0.980 | Val: 0.971 | LR: 7.94e-04 | 8.1s
Epoch  19/60 | CE: 0.0714 | Con: 1.5037 | Train: 0.982 | Val: 0.967 | LR: 7.72e-04 | 8.1s
Epoch  20/60 | CE: 0.0736 | Con: 1.4840 | Train: 0.982 | Val: 0.949 | LR: 7.50e-04 | 8.0s
  Edge scales: CACHE_TE=0.93 | CONTROL_=0.88 | DATA_DEP=0.93 | FENCE_BO=0.89 | MEMORY_O=1.22 | RSB_CHAI=1.15 | SPEC_CON=0.98 | SPEC_IND=1.19 | SPEC_RET=1.27
Epoch  21/60 | CE: 0.0642 | Con: 1.4853 | Train: 0.983 | Val: 0.971 | LR: 7.27e-04 | 8.0s
Epoch  22/60 | CE: 0.0679 | Con: 1.4940 | Train: 0.982 | Val: 0.970 | LR: 7.03e-04 | 8.0s
Epoch  23/60 | CE: 0.0578 | Con: 1.4749 | Train: 0.984 | Val: 0.962 | LR: 6.79e-04 | 8.0s
Epoch  24/60 | CE: 0.0642 | Con: 1.4938 | Train: 0.984 | Val: 0.964 | LR: 6.55e-04 | 8.0s

Early stop at epoch 24

======================================================================
FINAL EVALUATION
======================================================================
Best model from epoch 14 (val_acc=0.9720)
Test accuracy: 0.9599
Val/Test gap: +1.21pp

Final edge-type scales:
  CACHE_TEMPORAL      : 0.9382  (DOWN)
  CONTROL_FLOW        : 0.9128  (DOWN)
  DATA_DEP            : 0.9456  (DOWN)
  FENCE_BOUNDARY      : 0.9223  (DOWN)
  MEMORY_ORDER        : 1.1781  (UP)
  RSB_CHAIN           : 1.1152  (UP)
  SPEC_CONDITIONAL    : 0.9952  (~1.0)
  SPEC_INDIRECT       : 1.1719  (UP)
  SPEC_RETURN         : 1.2284  (UP)

Classification Report:
                          precision    recall  f1-score   support

                  BENIGN       1.00      0.99      1.00      1031
BRANCH_HISTORY_INJECTION       0.75      0.88      0.81        67
               INCEPTION       0.99      0.83      0.90        94
                    L1TF       0.75      0.73      0.74        37
                     MDS       0.91      0.96      0.93        45
                RETBLEED       0.96      1.00      0.98        75
             SPECTRE_RSB       0.20      1.00      0.33         1
              SPECTRE_V1       0.79      0.98      0.87        42
              SPECTRE_V2       0.90      0.88      0.89       154
              SPECTRE_V4       1.00      0.98      0.99       124

                accuracy                           0.96      1670
               macro avg       0.82      0.92      0.84      1670
            weighted avg       0.96      0.96      0.96      1670


Results saved to eval/cluster_out/p3_hwv4_s42/gine_metrics.json
Best val accuracy:  97.20%  (epoch 14)
Final test accuracy: 95.99%
results -> /home/s2473583/speculative_execution/eval/cluster_out/p3_hwv4_s42
done tag=p3_hwv4 seed=42 rc=0
