host=saxa.inf.ed.ac.uk job=3668183 tag=l1tf_hw seed=1 extra=''
name, memory.total [MiB]
NVIDIA H200, 143771 MiB
Device: cuda

======================================================================
v52_b GINE — group-aware val + stable-hash dataset
======================================================================
Node features: 41  Edge types: 9 (incl. RSB_CHAIN)
Global features: 5  Arch embedding: 8-dim

Loading pre-split train: v54/data/v55h_l1tfhw_train.jsonl
  6797 records
Loading pre-split test: v54/data/v54_test.jsonl
  1670 records

Label distribution:
  BENIGN: 3942
  BRANCH_HISTORY_INJECTION: 305
  INCEPTION: 582
  L1TF: 448
  MDS: 367
  RETBLEED: 451
  SPECTRE_RSB: 460
  SPECTRE_V1: 780
  SPECTRE_V2: 669
  SPECTRE_V4: 463

Classes (10): ['BENIGN', 'BRANCH_HISTORY_INJECTION', 'INCEPTION', 'L1TF', 'MDS', 'RETBLEED', 'SPECTRE_RSB', 'SPECTRE_V1', 'SPECTRE_V2', 'SPECTRE_V4']
  Hard negative: SPECTRE_V1 <-> BRANCH_HISTORY_INJECTION
  Hard negative: INCEPTION <-> BRANCH_HISTORY_INJECTION
  Hard negative: MDS <-> RETBLEED
  Hard negative: INCEPTION <-> RETBLEED
  Hard negative: L1TF <-> SPECTRE_V1
  Hard negative: L1TF <-> SPECTRE_V4
  Hard negative: MDS <-> SPECTRE_V4
  Hard negative: SPECTRE_V1 <-> SPECTRE_V4
  Hard negative: SPECTRE_V2 <-> BRANCH_HISTORY_INJECTION
  Hard negative: SPECTRE_V2 <-> INCEPTION
  Hard negative: RETBLEED <-> INCEPTION
  Hard negative: MDS <-> L1TF
  Hard negative: SPECTRE_V2 <-> RETBLEED
Handcrafted features (inline): 58
  Train-only augmentation (excluded from val): 347 records (fastspec)

Group-aware val split: StratifiedGroupKFold(n_splits=10) → val_frac≈0.129 (target ~0.100, pool=6450 val-eligible records)
  Distinct groups — train: 824, val: 93, train∩val groups: 0

Pre-split: Train=5967, Val=830, Test=1670
  Val carve-out: stratified_group_kfold_n10
  Early stopping uses VAL accuracy. Test evaluated once at end.

Global feature statistics (train, mean±std):
  nop_frac            : 0.0980 ± 0.1358
  indirect_frac       : 0.0423 ± 0.0612
  ret_frac            : 0.0471 ± 0.0420
  verw_frac           : 0.0006 ± 0.0081
  movntdqa_frac       : 0.0000 ± 0.0000

Creating datasets...
Pre-computing PDGs (strip_boilerplate=True) ...
  Valid samples: 5967/5967
  Boilerplate stripped: 194 (3.3%) samples
  Instructions: 177983 -> 177761 (0.1% reduction)
  Edge type distribution:
    DATA_DEP            :    91026 (26.9%)
    CONTROL_FLOW        :   168812 (49.9%)
    SPEC_CONDITIONAL    :    31951 (9.4%)
    SPEC_INDIRECT       :    10909 (3.2%)
    SPEC_RETURN         :    17532 (5.2%)
    MEMORY_ORDER        :    10485 (3.1%)
    CACHE_TEMPORAL      :     2364 (0.7%)
    FENCE_BOUNDARY      :     2862 (0.8%)
    RSB_CHAIN           :     2544 (0.8%)
Pre-computing PDGs (strip_boilerplate=True) ...
  Valid samples: 830/830
  Boilerplate stripped: 17 (2.0%) samples
  Instructions: 24887 -> 24868 (0.1% reduction)
  Edge type distribution:
    DATA_DEP            :    13065 (28.2%)
    CONTROL_FLOW        :    23754 (51.2%)
    SPEC_CONDITIONAL    :     5659 (12.2%)
    SPEC_INDIRECT       :      892 (1.9%)
    SPEC_RETURN         :     1375 (3.0%)
    MEMORY_ORDER        :      941 (2.0%)
    CACHE_TEMPORAL      :      300 (0.6%)
    FENCE_BOUNDARY      :      204 (0.4%)
    RSB_CHAIN           :      213 (0.5%)
Pre-computing PDGs (strip_boilerplate=True) ...
  Valid samples: 1670/1670
  Boilerplate stripped: 55 (3.3%) samples
  Instructions: 52718 -> 52636 (0.2% reduction)
  Edge type distribution:
    DATA_DEP            :    23013 (25.2%)
    CONTROL_FLOW        :    48834 (53.4%)
    SPEC_CONDITIONAL    :     8986 (9.8%)
    SPEC_INDIRECT       :     2152 (2.4%)
    SPEC_RETURN         :     4380 (4.8%)
    MEMORY_ORDER        :     1943 (2.1%)
    CACHE_TEMPORAL      :      588 (0.6%)
    FENCE_BOUNDARY      :     1023 (1.1%)
    RSB_CHAIN           :      544 (0.6%)
Node feature mode: hand  node_feat_dim=41

Initializing GINEClassifier v47...
  Total parameters: 618,059
  Edge types: 9 (RSB_CHAIN added)

======================================================================
TRAINING
======================================================================
Epoch   1/60 | CE: 1.0772 | Con: 2.4523 | Train: 0.733 | Val: 0.876 | LR: 9.99e-04 | 19.7s *BEST*
  Edge scales: CACHE_TE=0.99 | CONTROL_=0.97 | DATA_DEP=1.01 | FENCE_BO=1.01 | MEMORY_O=1.02 | RSB_CHAI=1.02 | SPEC_CON=1.01 | SPEC_IND=1.04 | SPEC_RET=0.99
Epoch   2/60 | CE: 0.4521 | Con: 1.9705 | Train: 0.897 | Val: 0.917 | LR: 9.97e-04 | 8.3s *BEST*
  Edge scales: CACHE_TE=0.99 | CONTROL_=0.96 | DATA_DEP=1.01 | FENCE_BO=1.00 | MEMORY_O=1.02 | RSB_CHAI=1.03 | SPEC_CON=1.03 | SPEC_IND=1.07 | SPEC_RET=0.99
Epoch   3/60 | CE: 0.3221 | Con: 1.8151 | Train: 0.923 | Val: 0.951 | LR: 9.94e-04 | 8.4s *BEST*
  Edge scales: CACHE_TE=0.98 | CONTROL_=0.95 | DATA_DEP=1.00 | FENCE_BO=1.01 | MEMORY_O=1.03 | RSB_CHAI=1.03 | SPEC_CON=1.06 | SPEC_IND=1.09 | SPEC_RET=1.01
Epoch   4/60 | CE: 0.2583 | Con: 1.7246 | Train: 0.940 | Val: 0.934 | LR: 9.89e-04 | 8.4s
Epoch   5/60 | CE: 0.2249 | Con: 1.6834 | Train: 0.947 | Val: 0.967 | LR: 9.83e-04 | 8.4s *BEST*
  Edge scales: CACHE_TE=0.99 | CONTROL_=0.93 | DATA_DEP=0.99 | FENCE_BO=1.03 | MEMORY_O=1.04 | RSB_CHAI=1.04 | SPEC_CON=1.10 | SPEC_IND=1.11 | SPEC_RET=1.00
Epoch   6/60 | CE: 0.2036 | Con: 1.6484 | Train: 0.948 | Val: 0.953 | LR: 9.76e-04 | 7.2s
Epoch   7/60 | CE: 0.1867 | Con: 1.6352 | Train: 0.955 | Val: 0.954 | LR: 9.67e-04 | 7.1s
Epoch   8/60 | CE: 0.1665 | Con: 1.6291 | Train: 0.957 | Val: 0.966 | LR: 9.57e-04 | 7.1s
Epoch   9/60 | CE: 0.1485 | Con: 1.5790 | Train: 0.965 | Val: 0.972 | LR: 9.46e-04 | 7.5s *BEST*
  Edge scales: CACHE_TE=0.99 | CONTROL_=0.90 | DATA_DEP=1.00 | FENCE_BO=1.06 | MEMORY_O=1.03 | RSB_CHAI=1.07 | SPEC_CON=1.16 | SPEC_IND=1.16 | SPEC_RET=1.01
Epoch  10/60 | CE: 0.1414 | Con: 1.5857 | Train: 0.967 | Val: 0.969 | LR: 9.33e-04 | 8.3s
  Edge scales: CACHE_TE=1.00 | CONTROL_=0.90 | DATA_DEP=1.02 | FENCE_BO=1.07 | MEMORY_O=1.04 | RSB_CHAI=1.09 | SPEC_CON=1.17 | SPEC_IND=1.17 | SPEC_RET=1.02
Epoch  11/60 | CE: 0.1200 | Con: 1.5596 | Train: 0.970 | Val: 0.966 | LR: 9.19e-04 | 8.3s
Epoch  12/60 | CE: 0.1187 | Con: 1.5647 | Train: 0.971 | Val: 0.981 | LR: 9.05e-04 | 8.4s *BEST*
  Edge scales: CACHE_TE=1.00 | CONTROL_=0.88 | DATA_DEP=1.01 | FENCE_BO=1.06 | MEMORY_O=1.02 | RSB_CHAI=1.10 | SPEC_CON=1.19 | SPEC_IND=1.20 | SPEC_RET=1.05
Epoch  13/60 | CE: 0.1087 | Con: 1.5385 | Train: 0.972 | Val: 0.976 | LR: 8.89e-04 | 7.6s
Epoch  14/60 | CE: 0.1080 | Con: 1.5538 | Train: 0.974 | Val: 0.975 | LR: 8.72e-04 | 7.1s
Epoch  15/60 | CE: 0.0948 | Con: 1.5340 | Train: 0.977 | Val: 0.977 | LR: 8.54e-04 | 8.2s
Epoch  16/60 | CE: 0.0920 | Con: 1.5213 | Train: 0.978 | Val: 0.973 | LR: 8.35e-04 | 8.4s
Epoch  17/60 | CE: 0.0833 | Con: 1.5039 | Train: 0.980 | Val: 0.980 | LR: 8.15e-04 | 8.4s
Epoch  18/60 | CE: 0.0828 | Con: 1.5165 | Train: 0.978 | Val: 0.972 | LR: 7.94e-04 | 8.4s
Epoch  19/60 | CE: 0.0733 | Con: 1.4899 | Train: 0.980 | Val: 0.977 | LR: 7.72e-04 | 8.4s
Epoch  20/60 | CE: 0.0789 | Con: 1.5076 | Train: 0.979 | Val: 0.972 | LR: 7.50e-04 | 8.4s
  Edge scales: CACHE_TE=1.01 | CONTROL_=0.85 | DATA_DEP=1.01 | FENCE_BO=1.07 | MEMORY_O=1.01 | RSB_CHAI=1.17 | SPEC_CON=1.24 | SPEC_IND=1.22 | SPEC_RET=1.12
Epoch  21/60 | CE: 0.0704 | Con: 1.4835 | Train: 0.982 | Val: 0.976 | LR: 7.27e-04 | 8.3s
Epoch  22/60 | CE: 0.0590 | Con: 1.4979 | Train: 0.984 | Val: 0.977 | LR: 7.03e-04 | 8.3s

Early stop at epoch 22

======================================================================
FINAL EVALUATION
======================================================================
Best model from epoch 12 (val_acc=0.9807)
Test accuracy: 0.9551
Val/Test gap: +2.56pp

Final edge-type scales:
  CACHE_TEMPORAL      : 0.9951  (~1.0)
  CONTROL_FLOW        : 0.8843  (DOWN)
  DATA_DEP            : 1.0113  (~1.0)
  FENCE_BOUNDARY      : 1.0639  (UP)
  MEMORY_ORDER        : 1.0229  (~1.0)
  RSB_CHAIN           : 1.1033  (UP)
  SPEC_CONDITIONAL    : 1.1897  (UP)
  SPEC_INDIRECT       : 1.1992  (UP)
  SPEC_RETURN         : 1.0451  (~1.0)

Classification Report:
                          precision    recall  f1-score   support

                  BENIGN       1.00      0.99      0.99      1031
BRANCH_HISTORY_INJECTION       0.88      0.90      0.89        67
               INCEPTION       0.75      0.87      0.81        94
                    L1TF       0.88      0.76      0.81        37
                     MDS       0.89      0.93      0.91        45
                RETBLEED       0.94      0.96      0.95        75
             SPECTRE_RSB       0.00      0.00      0.00         1
              SPECTRE_V1       0.85      0.95      0.90        42
              SPECTRE_V2       0.93      0.81      0.86       154
              SPECTRE_V4       1.00      0.98      0.99       124

                accuracy                           0.96      1670
               macro avg       0.81      0.82      0.81      1670
            weighted avg       0.96      0.96      0.96      1670


Results saved to eval/cluster_out/l1tf_hw_s1/gine_metrics.json
Best val accuracy:  98.07%  (epoch 12)
Final test accuracy: 95.51%
results -> /home/s2473583/speculative_execution/eval/cluster_out/l1tf_hw_s1
done tag=l1tf_hw seed=1 rc=0
