host=saxa.inf.ed.ac.uk job=3668187 tag=p3_hwv4 seed=1 extra=''
name, memory.total [MiB]
NVIDIA H200, 143771 MiB
Device: cuda

======================================================================
v52_b GINE — group-aware val + stable-hash dataset
======================================================================
Node features: 41  Edge types: 9 (incl. RSB_CHAIN)
Global features: 5  Arch embedding: 8-dim

Loading pre-split train: v54/data/v55h_hwv4_train.jsonl
  6637 records
Loading pre-split test: v54/data/v54_test.jsonl
  1670 records

Label distribution:
  BENIGN: 3862
  BRANCH_HISTORY_INJECTION: 305
  INCEPTION: 582
  L1TF: 357
  MDS: 367
  RETBLEED: 451
  SPECTRE_RSB: 460
  SPECTRE_V1: 780
  SPECTRE_V2: 669
  SPECTRE_V4: 474

Classes (10): ['BENIGN', 'BRANCH_HISTORY_INJECTION', 'INCEPTION', 'L1TF', 'MDS', 'RETBLEED', 'SPECTRE_RSB', 'SPECTRE_V1', 'SPECTRE_V2', 'SPECTRE_V4']
  Hard negative: SPECTRE_V1 <-> BRANCH_HISTORY_INJECTION
  Hard negative: INCEPTION <-> BRANCH_HISTORY_INJECTION
  Hard negative: MDS <-> RETBLEED
  Hard negative: INCEPTION <-> RETBLEED
  Hard negative: L1TF <-> SPECTRE_V1
  Hard negative: L1TF <-> SPECTRE_V4
  Hard negative: MDS <-> SPECTRE_V4
  Hard negative: SPECTRE_V1 <-> SPECTRE_V4
  Hard negative: SPECTRE_V2 <-> BRANCH_HISTORY_INJECTION
  Hard negative: SPECTRE_V2 <-> INCEPTION
  Hard negative: RETBLEED <-> INCEPTION
  Hard negative: MDS <-> L1TF
  Hard negative: SPECTRE_V2 <-> RETBLEED
Handcrafted features (inline): 58
  Train-only augmentation (excluded from val): 347 records (fastspec)

Group-aware val split: StratifiedGroupKFold(n_splits=10) → val_frac≈0.131 (target ~0.100, pool=6290 val-eligible records)
  Distinct groups — train: 672, val: 85, train∩val groups: 0

Pre-split: Train=5815, Val=822, Test=1670
  Val carve-out: stratified_group_kfold_n10
  Early stopping uses VAL accuracy. Test evaluated once at end.

Global feature statistics (train, mean±std):
  nop_frac            : 0.0970 ± 0.1354
  indirect_frac       : 0.0432 ± 0.0610
  ret_frac            : 0.0465 ± 0.0421
  verw_frac           : 0.0005 ± 0.0068
  movntdqa_frac       : 0.0000 ± 0.0000

Creating datasets...
Pre-computing PDGs (strip_boilerplate=True) ...
  Valid samples: 5815/5815
  Boilerplate stripped: 194 (3.3%) samples
  Instructions: 174850 -> 174628 (0.1% reduction)
  Edge type distribution:
    DATA_DEP            :    89000 (26.8%)
    CONTROL_FLOW        :   165801 (49.9%)
    SPEC_CONDITIONAL    :    32041 (9.6%)
    SPEC_INDIRECT       :    10498 (3.2%)
    SPEC_RETURN         :    17469 (5.3%)
    MEMORY_ORDER        :    10039 (3.0%)
    CACHE_TEMPORAL      :     2436 (0.7%)
    FENCE_BOUNDARY      :     2223 (0.7%)
    RSB_CHAIN           :     2537 (0.8%)
Pre-computing PDGs (strip_boilerplate=True) ...
  Valid samples: 822/822
  Boilerplate stripped: 17 (2.1%) samples
  Instructions: 23845 -> 23826 (0.1% reduction)
  Edge type distribution:
    DATA_DEP            :    12285 (27.4%)
    CONTROL_FLOW        :    22750 (50.7%)
    SPEC_CONDITIONAL    :     5569 (12.4%)
    SPEC_INDIRECT       :     1303 (2.9%)
    SPEC_RETURN         :     1438 (3.2%)
    MEMORY_ORDER        :      921 (2.1%)
    CACHE_TEMPORAL      :      228 (0.5%)
    FENCE_BOUNDARY      :      181 (0.4%)
    RSB_CHAIN           :      220 (0.5%)
Pre-computing PDGs (strip_boilerplate=True) ...
  Valid samples: 1670/1670
  Boilerplate stripped: 55 (3.3%) samples
  Instructions: 52718 -> 52636 (0.2% reduction)
  Edge type distribution:
    DATA_DEP            :    23013 (25.2%)
    CONTROL_FLOW        :    48834 (53.4%)
    SPEC_CONDITIONAL    :     8986 (9.8%)
    SPEC_INDIRECT       :     2152 (2.4%)
    SPEC_RETURN         :     4380 (4.8%)
    MEMORY_ORDER        :     1943 (2.1%)
    CACHE_TEMPORAL      :      588 (0.6%)
    FENCE_BOUNDARY      :     1023 (1.1%)
    RSB_CHAIN           :      544 (0.6%)
Node feature mode: hand  node_feat_dim=41

Initializing GINEClassifier v47...
  Total parameters: 618,059
  Edge types: 9 (RSB_CHAIN added)

======================================================================
TRAINING
======================================================================
Epoch   1/60 | CE: 1.1386 | Con: 2.4631 | Train: 0.714 | Val: 0.887 | LR: 9.99e-04 | 19.5s *BEST*
  Edge scales: CACHE_TE=1.01 | CONTROL_=0.98 | DATA_DEP=0.98 | FENCE_BO=1.01 | MEMORY_O=1.01 | RSB_CHAI=1.01 | SPEC_CON=1.03 | SPEC_IND=1.03 | SPEC_RET=1.00
Epoch   2/60 | CE: 0.4988 | Con: 2.0019 | Train: 0.881 | Val: 0.934 | LR: 9.97e-04 | 8.1s *BEST*
  Edge scales: CACHE_TE=1.00 | CONTROL_=0.97 | DATA_DEP=0.96 | FENCE_BO=1.01 | MEMORY_O=1.02 | RSB_CHAI=1.02 | SPEC_CON=1.05 | SPEC_IND=1.05 | SPEC_RET=1.02
Epoch   3/60 | CE: 0.3431 | Con: 1.8229 | Train: 0.918 | Val: 0.940 | LR: 9.94e-04 | 8.2s *BEST*
  Edge scales: CACHE_TE=0.99 | CONTROL_=0.94 | DATA_DEP=0.95 | FENCE_BO=1.02 | MEMORY_O=1.03 | RSB_CHAI=1.04 | SPEC_CON=1.08 | SPEC_IND=1.07 | SPEC_RET=1.04
Epoch   4/60 | CE: 0.2716 | Con: 1.7499 | Train: 0.934 | Val: 0.938 | LR: 9.89e-04 | 8.2s
Epoch   5/60 | CE: 0.2245 | Con: 1.6898 | Train: 0.945 | Val: 0.956 | LR: 9.83e-04 | 8.1s *BEST*
  Edge scales: CACHE_TE=0.98 | CONTROL_=0.92 | DATA_DEP=0.95 | FENCE_BO=1.04 | MEMORY_O=1.06 | RSB_CHAI=1.06 | SPEC_CON=1.11 | SPEC_IND=1.09 | SPEC_RET=1.03
Epoch   6/60 | CE: 0.1994 | Con: 1.6548 | Train: 0.953 | Val: 0.961 | LR: 9.76e-04 | 8.2s *BEST*
  Edge scales: CACHE_TE=0.98 | CONTROL_=0.90 | DATA_DEP=0.95 | FENCE_BO=1.04 | MEMORY_O=1.07 | RSB_CHAI=1.07 | SPEC_CON=1.12 | SPEC_IND=1.09 | SPEC_RET=1.03
Epoch   7/60 | CE: 0.1808 | Con: 1.6270 | Train: 0.958 | Val: 0.949 | LR: 9.67e-04 | 8.2s
Epoch   8/60 | CE: 0.1571 | Con: 1.6107 | Train: 0.960 | Val: 0.964 | LR: 9.57e-04 | 8.1s *BEST*
  Edge scales: CACHE_TE=1.00 | CONTROL_=0.87 | DATA_DEP=0.96 | FENCE_BO=1.06 | MEMORY_O=1.09 | RSB_CHAI=1.09 | SPEC_CON=1.16 | SPEC_IND=1.10 | SPEC_RET=1.03
Epoch   9/60 | CE: 0.1410 | Con: 1.5756 | Train: 0.966 | Val: 0.961 | LR: 9.46e-04 | 8.1s
Epoch  10/60 | CE: 0.1458 | Con: 1.6007 | Train: 0.966 | Val: 0.962 | LR: 9.33e-04 | 8.1s
  Edge scales: CACHE_TE=1.01 | CONTROL_=0.85 | DATA_DEP=0.96 | FENCE_BO=1.08 | MEMORY_O=1.09 | RSB_CHAI=1.10 | SPEC_CON=1.18 | SPEC_IND=1.11 | SPEC_RET=1.03
Epoch  11/60 | CE: 0.1150 | Con: 1.5494 | Train: 0.971 | Val: 0.948 | LR: 9.19e-04 | 8.1s
Epoch  12/60 | CE: 0.1144 | Con: 1.5305 | Train: 0.971 | Val: 0.960 | LR: 9.05e-04 | 8.1s
Epoch  13/60 | CE: 0.1087 | Con: 1.5346 | Train: 0.973 | Val: 0.955 | LR: 8.89e-04 | 8.2s
Epoch  14/60 | CE: 0.0961 | Con: 1.5368 | Train: 0.974 | Val: 0.949 | LR: 8.72e-04 | 8.2s
Epoch  15/60 | CE: 0.0923 | Con: 1.5345 | Train: 0.977 | Val: 0.957 | LR: 8.54e-04 | 8.1s
Epoch  16/60 | CE: 0.0886 | Con: 1.5026 | Train: 0.978 | Val: 0.965 | LR: 8.35e-04 | 7.6s *BEST*
  Edge scales: CACHE_TE=1.00 | CONTROL_=0.82 | DATA_DEP=0.98 | FENCE_BO=1.09 | MEMORY_O=1.10 | RSB_CHAI=1.16 | SPEC_CON=1.22 | SPEC_IND=1.14 | SPEC_RET=1.04
Epoch  17/60 | CE: 0.0759 | Con: 1.5139 | Train: 0.980 | Val: 0.960 | LR: 8.15e-04 | 7.0s
Epoch  18/60 | CE: 0.0798 | Con: 1.4965 | Train: 0.979 | Val: 0.964 | LR: 7.94e-04 | 7.0s
Epoch  19/60 | CE: 0.0794 | Con: 1.5184 | Train: 0.980 | Val: 0.964 | LR: 7.72e-04 | 8.0s
Epoch  20/60 | CE: 0.0717 | Con: 1.4886 | Train: 0.983 | Val: 0.957 | LR: 7.50e-04 | 8.2s
  Edge scales: CACHE_TE=1.01 | CONTROL_=0.81 | DATA_DEP=0.98 | FENCE_BO=1.11 | MEMORY_O=1.11 | RSB_CHAI=1.21 | SPEC_CON=1.25 | SPEC_IND=1.14 | SPEC_RET=1.06
Epoch  21/60 | CE: 0.0630 | Con: 1.4791 | Train: 0.983 | Val: 0.951 | LR: 7.27e-04 | 8.2s
Epoch  22/60 | CE: 0.0641 | Con: 1.4837 | Train: 0.985 | Val: 0.962 | LR: 7.03e-04 | 8.1s
Epoch  23/60 | CE: 0.0632 | Con: 1.4895 | Train: 0.983 | Val: 0.960 | LR: 6.79e-04 | 7.9s
Epoch  24/60 | CE: 0.0687 | Con: 1.4928 | Train: 0.983 | Val: 0.962 | LR: 6.55e-04 | 8.0s
Epoch  25/60 | CE: 0.0646 | Con: 1.4838 | Train: 0.985 | Val: 0.961 | LR: 6.29e-04 | 8.0s
Epoch  26/60 | CE: 0.0501 | Con: 1.4736 | Train: 0.986 | Val: 0.948 | LR: 6.04e-04 | 8.0s

Early stop at epoch 26

======================================================================
FINAL EVALUATION
======================================================================
Best model from epoch 16 (val_acc=0.9647)
Test accuracy: 0.9563
Val/Test gap: +0.84pp

Final edge-type scales:
  CACHE_TEMPORAL      : 1.0032  (~1.0)
  CONTROL_FLOW        : 0.8177  (DOWN)
  DATA_DEP            : 0.9799  (~1.0)
  FENCE_BOUNDARY      : 1.0898  (UP)
  MEMORY_ORDER        : 1.1017  (UP)
  RSB_CHAIN           : 1.1564  (UP)
  SPEC_CONDITIONAL    : 1.2243  (UP)
  SPEC_INDIRECT       : 1.1448  (UP)
  SPEC_RETURN         : 1.0411  (~1.0)

Classification Report:
                          precision    recall  f1-score   support

                  BENIGN       0.99      1.00      0.99      1031
BRANCH_HISTORY_INJECTION       0.66      0.97      0.79        67
               INCEPTION       0.98      0.85      0.91        94
                    L1TF       0.83      0.65      0.73        37
                     MDS       0.86      0.98      0.92        45
                RETBLEED       0.95      0.99      0.97        75
             SPECTRE_RSB       0.25      1.00      0.40         1
              SPECTRE_V1       0.81      1.00      0.89        42
              SPECTRE_V2       0.98      0.77      0.86       154
              SPECTRE_V4       1.00      0.98      0.99       124

                accuracy                           0.96      1670
               macro avg       0.83      0.92      0.84      1670
            weighted avg       0.96      0.96      0.96      1670


Results saved to eval/cluster_out/p3_hwv4_s1/gine_metrics.json
Best val accuracy:  96.47%  (epoch 16)
Final test accuracy: 95.63%
results -> /home/s2473583/speculative_execution/eval/cluster_out/p3_hwv4_s1
done tag=p3_hwv4 seed=1 rc=0
