host=damnii08.inf.ed.ac.uk job=3668200 tag=mds_hw seed=21 extra=''
name, memory.total [MiB]
NVIDIA GeForce RTX 2080 Ti, 11264 MiB
Device: cuda

======================================================================
v52_b GINE — group-aware val + stable-hash dataset
======================================================================
Node features: 41  Edge types: 9 (incl. RSB_CHAIN)
Global features: 5  Arch embedding: 8-dim

Loading pre-split train: v54/data/v55h_mdshw_train.jsonl
  6715 records
Loading pre-split test: v54/data/v54_test.jsonl
  1670 records

Label distribution:
  BENIGN: 3901
  BRANCH_HISTORY_INJECTION: 305
  INCEPTION: 582
  L1TF: 357
  MDS: 417
  RETBLEED: 451
  SPECTRE_RSB: 460
  SPECTRE_V1: 780
  SPECTRE_V2: 669
  SPECTRE_V4: 463

Classes (10): ['BENIGN', 'BRANCH_HISTORY_INJECTION', 'INCEPTION', 'L1TF', 'MDS', 'RETBLEED', 'SPECTRE_RSB', 'SPECTRE_V1', 'SPECTRE_V2', 'SPECTRE_V4']
  Hard negative: SPECTRE_V1 <-> BRANCH_HISTORY_INJECTION
  Hard negative: INCEPTION <-> BRANCH_HISTORY_INJECTION
  Hard negative: MDS <-> RETBLEED
  Hard negative: INCEPTION <-> RETBLEED
  Hard negative: L1TF <-> SPECTRE_V1
  Hard negative: L1TF <-> SPECTRE_V4
  Hard negative: MDS <-> SPECTRE_V4
  Hard negative: SPECTRE_V1 <-> SPECTRE_V4
  Hard negative: SPECTRE_V2 <-> BRANCH_HISTORY_INJECTION
  Hard negative: SPECTRE_V2 <-> INCEPTION
  Hard negative: RETBLEED <-> INCEPTION
  Hard negative: MDS <-> L1TF
  Hard negative: SPECTRE_V2 <-> RETBLEED
Handcrafted features (inline): 58
  Train-only augmentation (excluded from val): 347 records (fastspec)

Group-aware val split: StratifiedGroupKFold(n_splits=10) → val_frac≈0.130 (target ~0.100, pool=6368 val-eligible records)
  Distinct groups — train: 746, val: 89, train∩val groups: 0

Pre-split: Train=5889, Val=826, Test=1670
  Val carve-out: stratified_group_kfold_n10
  Early stopping uses VAL accuracy. Test evaluated once at end.

Global feature statistics (train, mean±std):
  nop_frac            : 0.0990 ± 0.1360
  indirect_frac       : 0.0419 ± 0.0603
  ret_frac            : 0.0475 ± 0.0425
  verw_frac           : 0.0007 ± 0.0086
  movntdqa_frac       : 0.0000 ± 0.0000

Creating datasets...
Pre-computing PDGs (strip_boilerplate=True) ...
  Valid samples: 5889/5889
  Boilerplate stripped: 200 (3.4%) samples
  Instructions: 175594 -> 175366 (0.1% reduction)
  Edge type distribution:
    DATA_DEP            :    89318 (26.8%)
    CONTROL_FLOW        :   166495 (50.0%)
    SPEC_CONDITIONAL    :    31432 (9.4%)
    SPEC_INDIRECT       :    10652 (3.2%)
    SPEC_RETURN         :    17640 (5.3%)
    MEMORY_ORDER        :    10078 (3.0%)
    CACHE_TEMPORAL      :     2358 (0.7%)
    FENCE_BOUNDARY      :     2612 (0.8%)
    RSB_CHAIN           :     2540 (0.8%)
Pre-computing PDGs (strip_boilerplate=True) ...
  Valid samples: 826/826
  Boilerplate stripped: 11 (1.3%) samples
  Instructions: 25515 -> 25502 (0.1% reduction)
  Edge type distribution:
    DATA_DEP            :    13535 (28.0%)
    CONTROL_FLOW        :    24392 (50.5%)
    SPEC_CONDITIONAL    :     6178 (12.8%)
    SPEC_INDIRECT       :     1149 (2.4%)
    SPEC_RETURN         :     1267 (2.6%)
    MEMORY_ORDER        :      994 (2.1%)
    CACHE_TEMPORAL      :      306 (0.6%)
    FENCE_BOUNDARY      :      239 (0.5%)
    RSB_CHAIN           :      217 (0.4%)
Pre-computing PDGs (strip_boilerplate=True) ...
  Valid samples: 1670/1670
  Boilerplate stripped: 55 (3.3%) samples
  Instructions: 52718 -> 52636 (0.2% reduction)
  Edge type distribution:
    DATA_DEP            :    23013 (25.2%)
    CONTROL_FLOW        :    48834 (53.4%)
    SPEC_CONDITIONAL    :     8986 (9.8%)
    SPEC_INDIRECT       :     2152 (2.4%)
    SPEC_RETURN         :     4380 (4.8%)
    MEMORY_ORDER        :     1943 (2.1%)
    CACHE_TEMPORAL      :      588 (0.6%)
    FENCE_BOUNDARY      :     1023 (1.1%)
    RSB_CHAIN           :      544 (0.6%)
Node feature mode: hand  node_feat_dim=41

Initializing GINEClassifier v47...
  Total parameters: 618,059
  Edge types: 9 (RSB_CHAIN added)

======================================================================
TRAINING
======================================================================
Epoch   1/60 | CE: 1.1534 | Con: 2.5133 | Train: 0.716 | Val: 0.854 | LR: 9.99e-04 | 23.9s *BEST*
  Edge scales: CACHE_TE=1.01 | CONTROL_=0.99 | DATA_DEP=0.97 | FENCE_BO=0.99 | MEMORY_O=1.00 | RSB_CHAI=0.99 | SPEC_CON=1.02 | SPEC_IND=1.04 | SPEC_RET=1.02
Epoch   2/60 | CE: 0.5157 | Con: 2.0332 | Train: 0.873 | Val: 0.901 | LR: 9.97e-04 | 12.7s *BEST*
  Edge scales: CACHE_TE=1.01 | CONTROL_=0.99 | DATA_DEP=0.97 | FENCE_BO=0.98 | MEMORY_O=1.00 | RSB_CHAI=0.97 | SPEC_CON=1.04 | SPEC_IND=1.04 | SPEC_RET=1.02
Epoch   3/60 | CE: 0.3651 | Con: 1.8554 | Train: 0.913 | Val: 0.933 | LR: 9.94e-04 | 12.5s *BEST*
  Edge scales: CACHE_TE=1.01 | CONTROL_=0.99 | DATA_DEP=0.95 | FENCE_BO=0.97 | MEMORY_O=1.00 | RSB_CHAI=0.97 | SPEC_CON=1.04 | SPEC_IND=1.05 | SPEC_RET=1.04
Epoch   4/60 | CE: 0.2839 | Con: 1.7567 | Train: 0.933 | Val: 0.942 | LR: 9.89e-04 | 12.5s *BEST*
  Edge scales: CACHE_TE=1.00 | CONTROL_=0.96 | DATA_DEP=0.93 | FENCE_BO=0.96 | MEMORY_O=1.00 | RSB_CHAI=0.99 | SPEC_CON=1.05 | SPEC_IND=1.06 | SPEC_RET=1.05
Epoch   5/60 | CE: 0.2315 | Con: 1.6938 | Train: 0.942 | Val: 0.944 | LR: 9.83e-04 | 12.5s *BEST*
  Edge scales: CACHE_TE=1.00 | CONTROL_=0.94 | DATA_DEP=0.93 | FENCE_BO=0.95 | MEMORY_O=1.01 | RSB_CHAI=1.00 | SPEC_CON=1.05 | SPEC_IND=1.06 | SPEC_RET=1.08
Epoch   6/60 | CE: 0.1911 | Con: 1.6559 | Train: 0.953 | Val: 0.950 | LR: 9.76e-04 | 12.5s *BEST*
  Edge scales: CACHE_TE=0.99 | CONTROL_=0.92 | DATA_DEP=0.90 | FENCE_BO=0.92 | MEMORY_O=1.00 | RSB_CHAI=1.01 | SPEC_CON=1.06 | SPEC_IND=1.06 | SPEC_RET=1.09
Epoch   7/60 | CE: 0.1876 | Con: 1.6274 | Train: 0.954 | Val: 0.941 | LR: 9.67e-04 | 12.5s
Epoch   8/60 | CE: 0.1547 | Con: 1.6079 | Train: 0.961 | Val: 0.950 | LR: 9.57e-04 | 12.5s
Epoch   9/60 | CE: 0.1412 | Con: 1.5864 | Train: 0.965 | Val: 0.954 | LR: 9.46e-04 | 12.5s *BEST*
  Edge scales: CACHE_TE=0.98 | CONTROL_=0.88 | DATA_DEP=0.89 | FENCE_BO=0.90 | MEMORY_O=0.99 | RSB_CHAI=1.00 | SPEC_CON=1.08 | SPEC_IND=1.09 | SPEC_RET=1.15
Epoch  10/60 | CE: 0.1315 | Con: 1.5788 | Train: 0.967 | Val: 0.948 | LR: 9.33e-04 | 12.5s
  Edge scales: CACHE_TE=0.99 | CONTROL_=0.87 | DATA_DEP=0.89 | FENCE_BO=0.90 | MEMORY_O=0.99 | RSB_CHAI=1.00 | SPEC_CON=1.09 | SPEC_IND=1.09 | SPEC_RET=1.17
Epoch  11/60 | CE: 0.1221 | Con: 1.5654 | Train: 0.968 | Val: 0.967 | LR: 9.19e-04 | 12.7s *BEST*
  Edge scales: CACHE_TE=0.99 | CONTROL_=0.86 | DATA_DEP=0.88 | FENCE_BO=0.90 | MEMORY_O=0.98 | RSB_CHAI=1.00 | SPEC_CON=1.10 | SPEC_IND=1.10 | SPEC_RET=1.19
Epoch  12/60 | CE: 0.1133 | Con: 1.5460 | Train: 0.970 | Val: 0.970 | LR: 9.05e-04 | 12.5s *BEST*
  Edge scales: CACHE_TE=0.99 | CONTROL_=0.84 | DATA_DEP=0.87 | FENCE_BO=0.91 | MEMORY_O=0.97 | RSB_CHAI=1.00 | SPEC_CON=1.09 | SPEC_IND=1.10 | SPEC_RET=1.20
Epoch  13/60 | CE: 0.0981 | Con: 1.5140 | Train: 0.975 | Val: 0.960 | LR: 8.89e-04 | 12.5s
Epoch  14/60 | CE: 0.0892 | Con: 1.5221 | Train: 0.979 | Val: 0.966 | LR: 8.72e-04 | 12.5s
Epoch  15/60 | CE: 0.1077 | Con: 1.5272 | Train: 0.973 | Val: 0.939 | LR: 8.54e-04 | 13.0s
Epoch  16/60 | CE: 0.0949 | Con: 1.5143 | Train: 0.975 | Val: 0.971 | LR: 8.35e-04 | 13.1s *BEST*
  Edge scales: CACHE_TE=0.96 | CONTROL_=0.83 | DATA_DEP=0.86 | FENCE_BO=0.90 | MEMORY_O=0.99 | RSB_CHAI=1.01 | SPEC_CON=1.15 | SPEC_IND=1.12 | SPEC_RET=1.24
Epoch  17/60 | CE: 0.0844 | Con: 1.5231 | Train: 0.979 | Val: 0.972 | LR: 8.15e-04 | 12.7s *BEST*
  Edge scales: CACHE_TE=0.95 | CONTROL_=0.82 | DATA_DEP=0.85 | FENCE_BO=0.89 | MEMORY_O=0.99 | RSB_CHAI=1.01 | SPEC_CON=1.15 | SPEC_IND=1.12 | SPEC_RET=1.25
Epoch  18/60 | CE: 0.0828 | Con: 1.5178 | Train: 0.980 | Val: 0.969 | LR: 7.94e-04 | 12.7s
Epoch  19/60 | CE: 0.0874 | Con: 1.5262 | Train: 0.979 | Val: 0.956 | LR: 7.72e-04 | 13.0s
Epoch  20/60 | CE: 0.0702 | Con: 1.4937 | Train: 0.981 | Val: 0.965 | LR: 7.50e-04 | 12.7s
  Edge scales: CACHE_TE=0.94 | CONTROL_=0.80 | DATA_DEP=0.85 | FENCE_BO=0.89 | MEMORY_O=0.99 | RSB_CHAI=1.02 | SPEC_CON=1.17 | SPEC_IND=1.13 | SPEC_RET=1.27
Epoch  21/60 | CE: 0.0674 | Con: 1.4953 | Train: 0.983 | Val: 0.950 | LR: 7.27e-04 | 12.8s
Epoch  22/60 | CE: 0.0676 | Con: 1.4682 | Train: 0.982 | Val: 0.971 | LR: 7.03e-04 | 12.8s
Epoch  23/60 | CE: 0.0633 | Con: 1.4684 | Train: 0.984 | Val: 0.967 | LR: 6.79e-04 | 12.8s
Epoch  24/60 | CE: 0.0629 | Con: 1.5012 | Train: 0.983 | Val: 0.952 | LR: 6.55e-04 | 12.7s
Epoch  25/60 | CE: 0.0651 | Con: 1.4925 | Train: 0.984 | Val: 0.959 | LR: 6.29e-04 | 12.7s
Epoch  26/60 | CE: 0.0591 | Con: 1.4693 | Train: 0.985 | Val: 0.976 | LR: 6.04e-04 | 12.7s *BEST*
  Edge scales: CACHE_TE=0.93 | CONTROL_=0.79 | DATA_DEP=0.83 | FENCE_BO=0.89 | MEMORY_O=0.98 | RSB_CHAI=1.04 | SPEC_CON=1.21 | SPEC_IND=1.13 | SPEC_RET=1.30
Epoch  27/60 | CE: 0.0517 | Con: 1.4746 | Train: 0.988 | Val: 0.956 | LR: 5.78e-04 | 12.7s
Epoch  28/60 | CE: 0.0457 | Con: 1.4746 | Train: 0.989 | Val: 0.972 | LR: 5.52e-04 | 12.7s
Epoch  29/60 | CE: 0.0483 | Con: 1.4794 | Train: 0.987 | Val: 0.973 | LR: 5.26e-04 | 12.7s
Epoch  30/60 | CE: 0.0404 | Con: 1.4656 | Train: 0.989 | Val: 0.962 | LR: 5.00e-04 | 12.7s
  Edge scales: CACHE_TE=0.92 | CONTROL_=0.78 | DATA_DEP=0.83 | FENCE_BO=0.88 | MEMORY_O=0.98 | RSB_CHAI=1.03 | SPEC_CON=1.23 | SPEC_IND=1.14 | SPEC_RET=1.30
Epoch  31/60 | CE: 0.0505 | Con: 1.4626 | Train: 0.986 | Val: 0.967 | LR: 4.74e-04 | 12.7s
Epoch  32/60 | CE: 0.0381 | Con: 1.4709 | Train: 0.990 | Val: 0.965 | LR: 4.48e-04 | 12.7s
Epoch  33/60 | CE: 0.0464 | Con: 1.4507 | Train: 0.987 | Val: 0.961 | LR: 4.22e-04 | 12.7s
Epoch  34/60 | CE: 0.0424 | Con: 1.4682 | Train: 0.989 | Val: 0.955 | LR: 3.96e-04 | 12.7s
Epoch  35/60 | CE: 0.0380 | Con: 1.4701 | Train: 0.990 | Val: 0.970 | LR: 3.71e-04 | 12.8s
Epoch  36/60 | CE: 0.0317 | Con: 1.4440 | Train: 0.992 | Val: 0.965 | LR: 3.45e-04 | 12.9s

Early stop at epoch 36

======================================================================
FINAL EVALUATION
======================================================================
Best model from epoch 26 (val_acc=0.9758)
Test accuracy: 0.9539
Val/Test gap: +2.19pp

Final edge-type scales:
  CACHE_TEMPORAL      : 0.9294  (DOWN)
  CONTROL_FLOW        : 0.7880  (DOWN)
  DATA_DEP            : 0.8330  (DOWN)
  FENCE_BOUNDARY      : 0.8949  (DOWN)
  MEMORY_ORDER        : 0.9832  (~1.0)
  RSB_CHAIN           : 1.0404  (~1.0)
  SPEC_CONDITIONAL    : 1.2093  (UP)
  SPEC_INDIRECT       : 1.1275  (UP)
  SPEC_RETURN         : 1.2962  (UP)

Classification Report:
                          precision    recall  f1-score   support

                  BENIGN       1.00      0.99      1.00      1031
BRANCH_HISTORY_INJECTION       0.60      0.90      0.72        67
               INCEPTION       0.91      0.90      0.91        94
                    L1TF       0.94      0.78      0.85        37
                     MDS       0.94      1.00      0.97        45
                RETBLEED       0.97      0.97      0.97        75
             SPECTRE_RSB       0.00      0.00      0.00         1
              SPECTRE_V1       0.81      1.00      0.89        42
              SPECTRE_V2       0.94      0.75      0.83       154
              SPECTRE_V4       1.00      0.98      0.99       124

                accuracy                           0.95      1670
               macro avg       0.81      0.83      0.81      1670
            weighted avg       0.96      0.95      0.96      1670


Results saved to eval/cluster_out/mds_hw_s21/gine_metrics.json
Best val accuracy:  97.58%  (epoch 26)
Final test accuracy: 95.39%
results -> /home/s2473583/speculative_execution/eval/cluster_out/mds_hw_s21
done tag=mds_hw seed=21 rc=0
