host=saxa.inf.ed.ac.uk job=3668196 tag=spectre_v1_hw seed=13 extra=''
name, memory.total [MiB]
NVIDIA H200, 143771 MiB
Device: cuda

======================================================================
v52_b GINE — group-aware val + stable-hash dataset
======================================================================
Node features: 41  Edge types: 9 (incl. RSB_CHAIN)
Global features: 5  Arch embedding: 8-dim

Loading pre-split train: v54/data/v55h_spectre_v1hw_train.jsonl
  6767 records
Loading pre-split test: v54/data/v54_test.jsonl
  1670 records

Label distribution:
  BENIGN: 3927
  BRANCH_HISTORY_INJECTION: 305
  INCEPTION: 582
  L1TF: 357
  MDS: 367
  RETBLEED: 451
  SPECTRE_RSB: 460
  SPECTRE_V1: 856
  SPECTRE_V2: 669
  SPECTRE_V4: 463

Classes (10): ['BENIGN', 'BRANCH_HISTORY_INJECTION', 'INCEPTION', 'L1TF', 'MDS', 'RETBLEED', 'SPECTRE_RSB', 'SPECTRE_V1', 'SPECTRE_V2', 'SPECTRE_V4']
  Hard negative: SPECTRE_V1 <-> BRANCH_HISTORY_INJECTION
  Hard negative: INCEPTION <-> BRANCH_HISTORY_INJECTION
  Hard negative: MDS <-> RETBLEED
  Hard negative: INCEPTION <-> RETBLEED
  Hard negative: L1TF <-> SPECTRE_V1
  Hard negative: L1TF <-> SPECTRE_V4
  Hard negative: MDS <-> SPECTRE_V4
  Hard negative: SPECTRE_V1 <-> SPECTRE_V4
  Hard negative: SPECTRE_V2 <-> BRANCH_HISTORY_INJECTION
  Hard negative: SPECTRE_V2 <-> INCEPTION
  Hard negative: RETBLEED <-> INCEPTION
  Hard negative: MDS <-> L1TF
  Hard negative: SPECTRE_V2 <-> RETBLEED
Handcrafted features (inline): 58
  Train-only augmentation (excluded from val): 347 records (fastspec)

Group-aware val split: StratifiedGroupKFold(n_splits=10) → val_frac≈0.129 (target ~0.100, pool=6420 val-eligible records)
  Distinct groups — train: 795, val: 92, train∩val groups: 0

Pre-split: Train=5938, Val=829, Test=1670
  Val carve-out: stratified_group_kfold_n10
  Early stopping uses VAL accuracy. Test evaluated once at end.

Global feature statistics (train, mean±std):
  nop_frac            : 0.1009 ± 0.1385
  indirect_frac       : 0.0414 ± 0.0601
  ret_frac            : 0.0474 ± 0.0425
  verw_frac           : 0.0007 ± 0.0088
  movntdqa_frac       : 0.0000 ± 0.0000

Creating datasets...
Pre-computing PDGs (strip_boilerplate=True) ...
  Valid samples: 5938/5938
  Boilerplate stripped: 205 (3.5%) samples
  Instructions: 176252 -> 176017 (0.1% reduction)
  Edge type distribution:
    DATA_DEP            :    90147 (26.9%)
    CONTROL_FLOW        :   167177 (49.9%)
    SPEC_CONDITIONAL    :    31915 (9.5%)
    SPEC_INDIRECT       :    10515 (3.1%)
    SPEC_RETURN         :    17593 (5.3%)
    MEMORY_ORDER        :    10449 (3.1%)
    CACHE_TEMPORAL      :     2378 (0.7%)
    FENCE_BOUNDARY      :     2116 (0.6%)
    RSB_CHAIN           :     2529 (0.8%)
Pre-computing PDGs (strip_boilerplate=True) ...
  Valid samples: 829/829
  Boilerplate stripped: 6 (0.7%) samples
  Instructions: 25243 -> 25237 (0.0% reduction)
  Edge type distribution:
    DATA_DEP            :    13132 (27.9%)
    CONTROL_FLOW        :    24044 (51.0%)
    SPEC_CONDITIONAL    :     5720 (12.1%)
    SPEC_INDIRECT       :     1286 (2.7%)
    SPEC_RETURN         :     1314 (2.8%)
    MEMORY_ORDER        :      885 (1.9%)
    CACHE_TEMPORAL      :      286 (0.6%)
    FENCE_BOUNDARY      :      229 (0.5%)
    RSB_CHAIN           :      228 (0.5%)
Pre-computing PDGs (strip_boilerplate=True) ...
  Valid samples: 1670/1670
  Boilerplate stripped: 55 (3.3%) samples
  Instructions: 52718 -> 52636 (0.2% reduction)
  Edge type distribution:
    DATA_DEP            :    23013 (25.2%)
    CONTROL_FLOW        :    48834 (53.4%)
    SPEC_CONDITIONAL    :     8986 (9.8%)
    SPEC_INDIRECT       :     2152 (2.4%)
    SPEC_RETURN         :     4380 (4.8%)
    MEMORY_ORDER        :     1943 (2.1%)
    CACHE_TEMPORAL      :      588 (0.6%)
    FENCE_BOUNDARY      :     1023 (1.1%)
    RSB_CHAIN           :      544 (0.6%)
Node feature mode: hand  node_feat_dim=41

Initializing GINEClassifier v47...
  Total parameters: 618,059
  Edge types: 9 (RSB_CHAIN added)

======================================================================
TRAINING
======================================================================
Epoch   1/60 | CE: 1.0712 | Con: 2.4473 | Train: 0.721 | Val: 0.855 | LR: 9.99e-04 | 18.5s *BEST*
  Edge scales: CACHE_TE=1.01 | CONTROL_=1.00 | DATA_DEP=1.01 | FENCE_BO=1.01 | MEMORY_O=1.01 | RSB_CHAI=1.02 | SPEC_CON=1.03 | SPEC_IND=1.01 | SPEC_RET=1.02
Epoch   2/60 | CE: 0.4959 | Con: 1.9901 | Train: 0.873 | Val: 0.871 | LR: 9.97e-04 | 7.0s *BEST*
  Edge scales: CACHE_TE=0.99 | CONTROL_=0.99 | DATA_DEP=1.00 | FENCE_BO=1.02 | MEMORY_O=1.02 | RSB_CHAI=1.03 | SPEC_CON=1.05 | SPEC_IND=1.02 | SPEC_RET=1.03
Epoch   3/60 | CE: 0.3632 | Con: 1.8486 | Train: 0.910 | Val: 0.945 | LR: 9.94e-04 | 7.0s *BEST*
  Edge scales: CACHE_TE=1.00 | CONTROL_=0.96 | DATA_DEP=0.99 | FENCE_BO=1.03 | MEMORY_O=1.02 | RSB_CHAI=1.03 | SPEC_CON=1.04 | SPEC_IND=1.02 | SPEC_RET=1.02
Epoch   4/60 | CE: 0.2914 | Con: 1.7928 | Train: 0.930 | Val: 0.928 | LR: 9.89e-04 | 7.1s
Epoch   5/60 | CE: 0.2311 | Con: 1.7039 | Train: 0.941 | Val: 0.923 | LR: 9.83e-04 | 7.0s
Epoch   6/60 | CE: 0.2161 | Con: 1.7038 | Train: 0.947 | Val: 0.935 | LR: 9.76e-04 | 7.0s
Epoch   7/60 | CE: 0.1841 | Con: 1.6572 | Train: 0.955 | Val: 0.946 | LR: 9.67e-04 | 7.0s *BEST*
  Edge scales: CACHE_TE=1.00 | CONTROL_=0.91 | DATA_DEP=0.98 | FENCE_BO=1.03 | MEMORY_O=1.06 | RSB_CHAI=1.02 | SPEC_CON=1.10 | SPEC_IND=1.03 | SPEC_RET=1.03
Epoch   8/60 | CE: 0.1677 | Con: 1.6319 | Train: 0.957 | Val: 0.957 | LR: 9.57e-04 | 7.0s *BEST*
  Edge scales: CACHE_TE=1.01 | CONTROL_=0.90 | DATA_DEP=0.99 | FENCE_BO=1.02 | MEMORY_O=1.05 | RSB_CHAI=1.01 | SPEC_CON=1.11 | SPEC_IND=1.03 | SPEC_RET=1.05
Epoch   9/60 | CE: 0.1539 | Con: 1.6073 | Train: 0.962 | Val: 0.953 | LR: 9.46e-04 | 7.0s
Epoch  10/60 | CE: 0.1359 | Con: 1.5866 | Train: 0.967 | Val: 0.971 | LR: 9.33e-04 | 7.0s *BEST*
  Edge scales: CACHE_TE=1.01 | CONTROL_=0.89 | DATA_DEP=1.00 | FENCE_BO=1.02 | MEMORY_O=1.05 | RSB_CHAI=1.01 | SPEC_CON=1.13 | SPEC_IND=1.03 | SPEC_RET=1.07
Epoch  11/60 | CE: 0.1354 | Con: 1.5837 | Train: 0.967 | Val: 0.973 | LR: 9.19e-04 | 7.1s *BEST*
  Edge scales: CACHE_TE=1.03 | CONTROL_=0.89 | DATA_DEP=1.01 | FENCE_BO=1.02 | MEMORY_O=1.05 | RSB_CHAI=1.01 | SPEC_CON=1.13 | SPEC_IND=1.03 | SPEC_RET=1.08
Epoch  12/60 | CE: 0.1210 | Con: 1.5805 | Train: 0.969 | Val: 0.965 | LR: 9.05e-04 | 7.0s
Epoch  13/60 | CE: 0.1140 | Con: 1.5719 | Train: 0.971 | Val: 0.970 | LR: 8.89e-04 | 7.0s
Epoch  14/60 | CE: 0.1036 | Con: 1.5563 | Train: 0.973 | Val: 0.973 | LR: 8.72e-04 | 7.0s
Epoch  15/60 | CE: 0.0886 | Con: 1.5273 | Train: 0.977 | Val: 0.977 | LR: 8.54e-04 | 7.0s *BEST*
  Edge scales: CACHE_TE=1.04 | CONTROL_=0.86 | DATA_DEP=0.99 | FENCE_BO=1.02 | MEMORY_O=1.09 | RSB_CHAI=1.03 | SPEC_CON=1.17 | SPEC_IND=1.07 | SPEC_RET=1.09
Epoch  16/60 | CE: 0.0907 | Con: 1.5272 | Train: 0.977 | Val: 0.969 | LR: 8.35e-04 | 7.0s
Epoch  17/60 | CE: 0.0896 | Con: 1.5455 | Train: 0.977 | Val: 0.971 | LR: 8.15e-04 | 7.1s
Epoch  18/60 | CE: 0.0899 | Con: 1.5312 | Train: 0.979 | Val: 0.979 | LR: 7.94e-04 | 7.0s *BEST*
  Edge scales: CACHE_TE=1.04 | CONTROL_=0.84 | DATA_DEP=0.98 | FENCE_BO=1.03 | MEMORY_O=1.10 | RSB_CHAI=1.03 | SPEC_CON=1.16 | SPEC_IND=1.08 | SPEC_RET=1.10
Epoch  19/60 | CE: 0.0800 | Con: 1.5288 | Train: 0.978 | Val: 0.979 | LR: 7.72e-04 | 7.0s
Epoch  20/60 | CE: 0.0885 | Con: 1.5380 | Train: 0.977 | Val: 0.976 | LR: 7.50e-04 | 7.0s
  Edge scales: CACHE_TE=1.04 | CONTROL_=0.83 | DATA_DEP=0.98 | FENCE_BO=1.02 | MEMORY_O=1.10 | RSB_CHAI=1.03 | SPEC_CON=1.18 | SPEC_IND=1.10 | SPEC_RET=1.11
Epoch  21/60 | CE: 0.0789 | Con: 1.5221 | Train: 0.980 | Val: 0.966 | LR: 7.27e-04 | 7.0s
Epoch  22/60 | CE: 0.0778 | Con: 1.5092 | Train: 0.980 | Val: 0.975 | LR: 7.03e-04 | 7.0s
Epoch  23/60 | CE: 0.0669 | Con: 1.5035 | Train: 0.983 | Val: 0.979 | LR: 6.79e-04 | 7.0s
Epoch  24/60 | CE: 0.0797 | Con: 1.5064 | Train: 0.979 | Val: 0.972 | LR: 6.55e-04 | 7.0s
Epoch  25/60 | CE: 0.0638 | Con: 1.5044 | Train: 0.984 | Val: 0.976 | LR: 6.29e-04 | 7.0s
Epoch  26/60 | CE: 0.0586 | Con: 1.4983 | Train: 0.986 | Val: 0.972 | LR: 6.04e-04 | 7.0s
Epoch  27/60 | CE: 0.0553 | Con: 1.4979 | Train: 0.985 | Val: 0.975 | LR: 5.78e-04 | 7.0s
Epoch  28/60 | CE: 0.0537 | Con: 1.4893 | Train: 0.985 | Val: 0.975 | LR: 5.52e-04 | 8.2s

Early stop at epoch 28

======================================================================
FINAL EVALUATION
======================================================================
Best model from epoch 18 (val_acc=0.9795)
Test accuracy: 0.9599
Val/Test gap: +1.96pp

Final edge-type scales:
  CACHE_TEMPORAL      : 1.0408  (~1.0)
  CONTROL_FLOW        : 0.8382  (DOWN)
  DATA_DEP            : 0.9772  (~1.0)
  FENCE_BOUNDARY      : 1.0336  (~1.0)
  MEMORY_ORDER        : 1.1042  (UP)
  RSB_CHAIN           : 1.0328  (~1.0)
  SPEC_CONDITIONAL    : 1.1563  (UP)
  SPEC_INDIRECT       : 1.0794  (UP)
  SPEC_RETURN         : 1.1047  (UP)

Classification Report:
                          precision    recall  f1-score   support

                  BENIGN       0.99      0.99      0.99      1031
BRANCH_HISTORY_INJECTION       0.74      0.96      0.83        67
               INCEPTION       0.84      0.88      0.86        94
                    L1TF       0.91      0.81      0.86        37
                     MDS       1.00      0.98      0.99        45
                RETBLEED       0.96      0.97      0.97        75
             SPECTRE_RSB       0.20      1.00      0.33         1
              SPECTRE_V1       0.82      1.00      0.90        42
              SPECTRE_V2       0.98      0.81      0.88       154
              SPECTRE_V4       1.00      0.98      0.99       124

                accuracy                           0.96      1670
               macro avg       0.84      0.94      0.86      1670
            weighted avg       0.97      0.96      0.96      1670


Results saved to eval/cluster_out/spectre_v1_hw_s13/gine_metrics.json
Best val accuracy:  97.95%  (epoch 18)
Final test accuracy: 95.99%
results -> /home/s2473583/speculative_execution/eval/cluster_out/spectre_v1_hw_s13
done tag=spectre_v1_hw seed=13 rc=0
