host=saxa.inf.ed.ac.uk job=3668192 tag=w3_embed_on seed=7 extra=''
name, memory.total [MiB]
NVIDIA H200, 143771 MiB
Device: cuda

======================================================================
v52_b GINE — group-aware val + stable-hash dataset
======================================================================
Node features: 41  Edge types: 9 (incl. RSB_CHAIN)
Global features: 5  Arch embedding: 8-dim

Loading pre-split train: v54/data/v55h_train.jsonl
  6615 records
Loading pre-split test: v54/data/v54_test.jsonl
  1670 records

Label distribution:
  BENIGN: 3851
  BRANCH_HISTORY_INJECTION: 305
  INCEPTION: 582
  L1TF: 357
  MDS: 367
  RETBLEED: 451
  SPECTRE_RSB: 460
  SPECTRE_V1: 780
  SPECTRE_V2: 669
  SPECTRE_V4: 463

Classes (10): ['BENIGN', 'BRANCH_HISTORY_INJECTION', 'INCEPTION', 'L1TF', 'MDS', 'RETBLEED', 'SPECTRE_RSB', 'SPECTRE_V1', 'SPECTRE_V2', 'SPECTRE_V4']
  Hard negative: SPECTRE_V1 <-> BRANCH_HISTORY_INJECTION
  Hard negative: INCEPTION <-> BRANCH_HISTORY_INJECTION
  Hard negative: MDS <-> RETBLEED
  Hard negative: INCEPTION <-> RETBLEED
  Hard negative: L1TF <-> SPECTRE_V1
  Hard negative: L1TF <-> SPECTRE_V4
  Hard negative: MDS <-> SPECTRE_V4
  Hard negative: SPECTRE_V1 <-> SPECTRE_V4
  Hard negative: SPECTRE_V2 <-> BRANCH_HISTORY_INJECTION
  Hard negative: SPECTRE_V2 <-> INCEPTION
  Hard negative: RETBLEED <-> INCEPTION
  Hard negative: MDS <-> L1TF
  Hard negative: SPECTRE_V2 <-> RETBLEED
Handcrafted features (inline): 58
  Train-only augmentation (excluded from val): 347 records (fastspec)

Group-aware val split: StratifiedGroupKFold(n_splits=10) → val_frac≈0.131 (target ~0.100, pool=6268 val-eligible records)
  Distinct groups — train: 651, val: 84, train∩val groups: 0

Pre-split: Train=5794, Val=821, Test=1670
  Val carve-out: stratified_group_kfold_n10
  Early stopping uses VAL accuracy. Test evaluated once at end.

Global feature statistics (train, mean±std):
  nop_frac            : 0.1018 ± 0.1391
  indirect_frac       : 0.0421 ± 0.0605
  ret_frac            : 0.0473 ± 0.0421
  verw_frac           : 0.0007 ± 0.0088
  movntdqa_frac       : 0.0000 ± 0.0000

Creating datasets...
Pre-computing PDGs (strip_boilerplate=True) ...
  Valid samples: 5794/5794
  Boilerplate stripped: 200 (3.5%) samples
  Instructions: 171858 -> 171630 (0.1% reduction)
  Edge type distribution:
    DATA_DEP            :    86906 (26.6%)
    CONTROL_FLOW        :   163368 (49.9%)
    SPEC_CONDITIONAL    :    31947 (9.8%)
    SPEC_INDIRECT       :    10328 (3.2%)
    SPEC_RETURN         :    17757 (5.4%)
    MEMORY_ORDER        :     9924 (3.0%)
    CACHE_TEMPORAL      :     2457 (0.8%)
    FENCE_BOUNDARY      :     2022 (0.6%)
    RSB_CHAIN           :     2545 (0.8%)
Pre-computing PDGs (strip_boilerplate=True) ...
  Valid samples: 821/821
  Boilerplate stripped: 11 (1.3%) samples
  Instructions: 24996 -> 24983 (0.1% reduction)
  Edge type distribution:
    DATA_DEP            :    12627 (27.6%)
    CONTROL_FLOW        :    23364 (51.1%)
    SPEC_CONDITIONAL    :     5663 (12.4%)
    SPEC_INDIRECT       :     1473 (3.2%)
    SPEC_RETURN         :     1150 (2.5%)
    MEMORY_ORDER        :      798 (1.7%)
    CACHE_TEMPORAL      :      207 (0.5%)
    FENCE_BOUNDARY      :      252 (0.6%)
    RSB_CHAIN           :      212 (0.5%)
Pre-computing PDGs (strip_boilerplate=True) ...
  Valid samples: 1670/1670
  Boilerplate stripped: 55 (3.3%) samples
  Instructions: 52718 -> 52636 (0.2% reduction)
  Edge type distribution:
    DATA_DEP            :    23013 (25.2%)
    CONTROL_FLOW        :    48834 (53.4%)
    SPEC_CONDITIONAL    :     8986 (9.8%)
    SPEC_INDIRECT       :     2152 (2.4%)
    SPEC_RETURN         :     4380 (4.8%)
    MEMORY_ORDER        :     1943 (2.1%)
    CACHE_TEMPORAL      :      588 (0.6%)
    FENCE_BOUNDARY      :     1023 (1.1%)
    RSB_CHAIN           :      544 (0.6%)
Node feature mode: hand  node_feat_dim=41

Initializing GINEClassifier v47...
  Total parameters: 618,059
  Edge types: 9 (RSB_CHAIN added)

======================================================================
TRAINING
======================================================================
Epoch   1/60 | CE: 1.0716 | Con: 2.4099 | Train: 0.744 | Val: 0.884 | LR: 9.99e-04 | 19.5s *BEST*
  Edge scales: CACHE_TE=0.99 | CONTROL_=0.99 | DATA_DEP=0.98 | FENCE_BO=1.01 | MEMORY_O=1.01 | RSB_CHAI=1.02 | SPEC_CON=1.01 | SPEC_IND=0.99 | SPEC_RET=1.01
Epoch   2/60 | CE: 0.4860 | Con: 1.9666 | Train: 0.877 | Val: 0.932 | LR: 9.97e-04 | 8.0s *BEST*
  Edge scales: CACHE_TE=0.98 | CONTROL_=0.97 | DATA_DEP=0.96 | FENCE_BO=1.00 | MEMORY_O=1.02 | RSB_CHAI=1.02 | SPEC_CON=1.02 | SPEC_IND=0.99 | SPEC_RET=1.01
Epoch   3/60 | CE: 0.3609 | Con: 1.8459 | Train: 0.910 | Val: 0.931 | LR: 9.94e-04 | 7.3s
Epoch   4/60 | CE: 0.2867 | Con: 1.7602 | Train: 0.931 | Val: 0.920 | LR: 9.89e-04 | 6.8s
Epoch   5/60 | CE: 0.2511 | Con: 1.7024 | Train: 0.938 | Val: 0.950 | LR: 9.83e-04 | 6.8s *BEST*
  Edge scales: CACHE_TE=0.96 | CONTROL_=0.92 | DATA_DEP=0.92 | FENCE_BO=1.02 | MEMORY_O=1.00 | RSB_CHAI=1.07 | SPEC_CON=1.05 | SPEC_IND=0.99 | SPEC_RET=1.03
Epoch   6/60 | CE: 0.2098 | Con: 1.6669 | Train: 0.948 | Val: 0.944 | LR: 9.76e-04 | 7.0s
Epoch   7/60 | CE: 0.1820 | Con: 1.6209 | Train: 0.954 | Val: 0.932 | LR: 9.67e-04 | 7.9s
Epoch   8/60 | CE: 0.1711 | Con: 1.6086 | Train: 0.959 | Val: 0.957 | LR: 9.57e-04 | 8.0s *BEST*
  Edge scales: CACHE_TE=0.94 | CONTROL_=0.89 | DATA_DEP=0.94 | FENCE_BO=1.02 | MEMORY_O=0.98 | RSB_CHAI=1.11 | SPEC_CON=1.08 | SPEC_IND=1.01 | SPEC_RET=1.04
Epoch   9/60 | CE: 0.1544 | Con: 1.5848 | Train: 0.965 | Val: 0.960 | LR: 9.46e-04 | 8.0s *BEST*
  Edge scales: CACHE_TE=0.92 | CONTROL_=0.88 | DATA_DEP=0.94 | FENCE_BO=1.01 | MEMORY_O=0.98 | RSB_CHAI=1.12 | SPEC_CON=1.08 | SPEC_IND=1.03 | SPEC_RET=1.05
Epoch  10/60 | CE: 0.1329 | Con: 1.5724 | Train: 0.971 | Val: 0.951 | LR: 9.33e-04 | 8.0s
  Edge scales: CACHE_TE=0.91 | CONTROL_=0.89 | DATA_DEP=0.95 | FENCE_BO=1.02 | MEMORY_O=0.98 | RSB_CHAI=1.13 | SPEC_CON=1.09 | SPEC_IND=1.03 | SPEC_RET=1.05
Epoch  11/60 | CE: 0.1480 | Con: 1.5638 | Train: 0.966 | Val: 0.957 | LR: 9.19e-04 | 8.0s
Epoch  12/60 | CE: 0.1193 | Con: 1.5508 | Train: 0.971 | Val: 0.943 | LR: 9.05e-04 | 7.9s
Epoch  13/60 | CE: 0.1111 | Con: 1.5394 | Train: 0.972 | Val: 0.956 | LR: 8.89e-04 | 7.9s
Epoch  14/60 | CE: 0.1332 | Con: 1.5307 | Train: 0.974 | Val: 0.956 | LR: 8.72e-04 | 7.8s
Epoch  15/60 | CE: 0.0968 | Con: 1.5069 | Train: 0.976 | Val: 0.966 | LR: 8.54e-04 | 7.9s *BEST*
  Edge scales: CACHE_TE=0.88 | CONTROL_=0.86 | DATA_DEP=0.95 | FENCE_BO=1.05 | MEMORY_O=0.98 | RSB_CHAI=1.16 | SPEC_CON=1.14 | SPEC_IND=1.07 | SPEC_RET=1.07
Epoch  16/60 | CE: 0.1022 | Con: 1.5134 | Train: 0.975 | Val: 0.973 | LR: 8.35e-04 | 7.7s *BEST*
  Edge scales: CACHE_TE=0.87 | CONTROL_=0.87 | DATA_DEP=0.95 | FENCE_BO=1.06 | MEMORY_O=0.97 | RSB_CHAI=1.19 | SPEC_CON=1.16 | SPEC_IND=1.08 | SPEC_RET=1.08
Epoch  17/60 | CE: 0.1063 | Con: 1.5092 | Train: 0.978 | Val: 0.966 | LR: 8.15e-04 | 7.9s
Epoch  18/60 | CE: 0.1027 | Con: 1.4931 | Train: 0.979 | Val: 0.974 | LR: 7.94e-04 | 7.9s *BEST*
  Edge scales: CACHE_TE=0.87 | CONTROL_=0.86 | DATA_DEP=0.95 | FENCE_BO=1.06 | MEMORY_O=0.97 | RSB_CHAI=1.19 | SPEC_CON=1.18 | SPEC_IND=1.07 | SPEC_RET=1.09
Epoch  19/60 | CE: 0.0693 | Con: 1.4771 | Train: 0.983 | Val: 0.968 | LR: 7.72e-04 | 8.0s
Epoch  20/60 | CE: 0.0897 | Con: 1.5019 | Train: 0.979 | Val: 0.981 | LR: 7.50e-04 | 7.9s *BEST*
  Edge scales: CACHE_TE=0.87 | CONTROL_=0.85 | DATA_DEP=0.95 | FENCE_BO=1.06 | MEMORY_O=0.97 | RSB_CHAI=1.21 | SPEC_CON=1.19 | SPEC_IND=1.08 | SPEC_RET=1.12
Epoch  21/60 | CE: 0.0758 | Con: 1.4850 | Train: 0.981 | Val: 0.968 | LR: 7.27e-04 | 8.0s
Epoch  22/60 | CE: 0.0630 | Con: 1.4813 | Train: 0.983 | Val: 0.968 | LR: 7.03e-04 | 8.0s
Epoch  23/60 | CE: 0.0927 | Con: 1.4918 | Train: 0.982 | Val: 0.960 | LR: 6.79e-04 | 8.0s
Epoch  24/60 | CE: 0.0617 | Con: 1.4763 | Train: 0.984 | Val: 0.976 | LR: 6.55e-04 | 7.9s
Epoch  25/60 | CE: 0.0930 | Con: 1.4894 | Train: 0.984 | Val: 0.983 | LR: 6.29e-04 | 7.9s *BEST*
  Edge scales: CACHE_TE=0.87 | CONTROL_=0.83 | DATA_DEP=0.94 | FENCE_BO=1.07 | MEMORY_O=0.93 | RSB_CHAI=1.23 | SPEC_CON=1.21 | SPEC_IND=1.07 | SPEC_RET=1.15
Epoch  26/60 | CE: 0.0868 | Con: 1.4792 | Train: 0.983 | Val: 0.963 | LR: 6.04e-04 | 7.9s
Epoch  27/60 | CE: 0.0517 | Con: 1.4688 | Train: 0.985 | Val: 0.963 | LR: 5.78e-04 | 7.9s
Epoch  28/60 | CE: 0.0584 | Con: 1.4587 | Train: 0.988 | Val: 0.962 | LR: 5.52e-04 | 7.9s
Epoch  29/60 | CE: 0.0620 | Con: 1.4752 | Train: 0.986 | Val: 0.974 | LR: 5.26e-04 | 7.8s
Epoch  30/60 | CE: 0.0475 | Con: 1.4537 | Train: 0.988 | Val: 0.973 | LR: 5.00e-04 | 7.8s
  Edge scales: CACHE_TE=0.86 | CONTROL_=0.82 | DATA_DEP=0.93 | FENCE_BO=1.07 | MEMORY_O=0.91 | RSB_CHAI=1.24 | SPEC_CON=1.24 | SPEC_IND=1.07 | SPEC_RET=1.17
Epoch  31/60 | CE: 0.1064 | Con: 1.4599 | Train: 0.987 | Val: 0.970 | LR: 4.74e-04 | 7.9s
Epoch  32/60 | CE: 0.0433 | Con: 1.4549 | Train: 0.988 | Val: 0.967 | LR: 4.48e-04 | 7.1s
Epoch  33/60 | CE: 0.0634 | Con: 1.4583 | Train: 0.989 | Val: 0.973 | LR: 4.22e-04 | 6.7s
Epoch  34/60 | CE: 0.0494 | Con: 1.4608 | Train: 0.987 | Val: 0.976 | LR: 3.96e-04 | 7.0s
Epoch  35/60 | CE: 0.0322 | Con: 1.4486 | Train: 0.991 | Val: 0.972 | LR: 3.71e-04 | 7.8s

Early stop at epoch 35

======================================================================
FINAL EVALUATION
======================================================================
Best model from epoch 25 (val_acc=0.9829)
Test accuracy: 0.9539
Val/Test gap: +2.91pp

Final edge-type scales:
  CACHE_TEMPORAL      : 0.8722  (DOWN)
  CONTROL_FLOW        : 0.8294  (DOWN)
  DATA_DEP            : 0.9403  (DOWN)
  FENCE_BOUNDARY      : 1.0709  (UP)
  MEMORY_ORDER        : 0.9335  (DOWN)
  RSB_CHAIN           : 1.2329  (UP)
  SPEC_CONDITIONAL    : 1.2114  (UP)
  SPEC_INDIRECT       : 1.0701  (UP)
  SPEC_RETURN         : 1.1510  (UP)

Classification Report:
                          precision    recall  f1-score   support

                  BENIGN       1.00      0.99      0.99      1031
BRANCH_HISTORY_INJECTION       0.80      0.90      0.85        67
               INCEPTION       0.79      0.84      0.81        94
                    L1TF       0.89      0.65      0.75        37
                     MDS       0.85      0.98      0.91        45
                RETBLEED       0.96      0.97      0.97        75
             SPECTRE_RSB       0.17      1.00      0.29         1
              SPECTRE_V1       0.81      1.00      0.89        42
              SPECTRE_V2       0.95      0.82      0.88       154
              SPECTRE_V4       1.00      0.98      0.99       124

                accuracy                           0.95      1670
               macro avg       0.82      0.91      0.83      1670
            weighted avg       0.96      0.95      0.95      1670


Results saved to eval/cluster_out/w3_embed_on_s7/gine_metrics.json
Best val accuracy:  98.29%  (epoch 25)
Final test accuracy: 95.39%
results -> /home/s2473583/speculative_execution/eval/cluster_out/w3_embed_on_s7
done tag=w3_embed_on seed=7 rc=0
