host=saxa.inf.ed.ac.uk job=3668193 tag=p3_hwv4 seed=7 extra=''
name, memory.total [MiB]
NVIDIA H200, 143771 MiB
Device: cuda

======================================================================
v52_b GINE — group-aware val + stable-hash dataset
======================================================================
Node features: 41  Edge types: 9 (incl. RSB_CHAIN)
Global features: 5  Arch embedding: 8-dim

Loading pre-split train: v54/data/v55h_hwv4_train.jsonl
  6637 records
Loading pre-split test: v54/data/v54_test.jsonl
  1670 records

Label distribution:
  BENIGN: 3862
  BRANCH_HISTORY_INJECTION: 305
  INCEPTION: 582
  L1TF: 357
  MDS: 367
  RETBLEED: 451
  SPECTRE_RSB: 460
  SPECTRE_V1: 780
  SPECTRE_V2: 669
  SPECTRE_V4: 474

Classes (10): ['BENIGN', 'BRANCH_HISTORY_INJECTION', 'INCEPTION', 'L1TF', 'MDS', 'RETBLEED', 'SPECTRE_RSB', 'SPECTRE_V1', 'SPECTRE_V2', 'SPECTRE_V4']
  Hard negative: SPECTRE_V1 <-> BRANCH_HISTORY_INJECTION
  Hard negative: INCEPTION <-> BRANCH_HISTORY_INJECTION
  Hard negative: MDS <-> RETBLEED
  Hard negative: INCEPTION <-> RETBLEED
  Hard negative: L1TF <-> SPECTRE_V1
  Hard negative: L1TF <-> SPECTRE_V4
  Hard negative: MDS <-> SPECTRE_V4
  Hard negative: SPECTRE_V1 <-> SPECTRE_V4
  Hard negative: SPECTRE_V2 <-> BRANCH_HISTORY_INJECTION
  Hard negative: SPECTRE_V2 <-> INCEPTION
  Hard negative: RETBLEED <-> INCEPTION
  Hard negative: MDS <-> L1TF
  Hard negative: SPECTRE_V2 <-> RETBLEED
Handcrafted features (inline): 58
  Train-only augmentation (excluded from val): 347 records (fastspec)

Group-aware val split: StratifiedGroupKFold(n_splits=10) → val_frac≈0.131 (target ~0.100, pool=6290 val-eligible records)
  Distinct groups — train: 672, val: 85, train∩val groups: 0

Pre-split: Train=5815, Val=822, Test=1670
  Val carve-out: stratified_group_kfold_n10
  Early stopping uses VAL accuracy. Test evaluated once at end.

Global feature statistics (train, mean±std):
  nop_frac            : 0.0970 ± 0.1354
  indirect_frac       : 0.0432 ± 0.0610
  ret_frac            : 0.0465 ± 0.0421
  verw_frac           : 0.0005 ± 0.0068
  movntdqa_frac       : 0.0000 ± 0.0000

Creating datasets...
Pre-computing PDGs (strip_boilerplate=True) ...
  Valid samples: 5815/5815
  Boilerplate stripped: 194 (3.3%) samples
  Instructions: 174850 -> 174628 (0.1% reduction)
  Edge type distribution:
    DATA_DEP            :    89000 (26.8%)
    CONTROL_FLOW        :   165801 (49.9%)
    SPEC_CONDITIONAL    :    32041 (9.6%)
    SPEC_INDIRECT       :    10498 (3.2%)
    SPEC_RETURN         :    17469 (5.3%)
    MEMORY_ORDER        :    10039 (3.0%)
    CACHE_TEMPORAL      :     2436 (0.7%)
    FENCE_BOUNDARY      :     2223 (0.7%)
    RSB_CHAIN           :     2537 (0.8%)
Pre-computing PDGs (strip_boilerplate=True) ...
  Valid samples: 822/822
  Boilerplate stripped: 17 (2.1%) samples
  Instructions: 23845 -> 23826 (0.1% reduction)
  Edge type distribution:
    DATA_DEP            :    12285 (27.4%)
    CONTROL_FLOW        :    22750 (50.7%)
    SPEC_CONDITIONAL    :     5569 (12.4%)
    SPEC_INDIRECT       :     1303 (2.9%)
    SPEC_RETURN         :     1438 (3.2%)
    MEMORY_ORDER        :      921 (2.1%)
    CACHE_TEMPORAL      :      228 (0.5%)
    FENCE_BOUNDARY      :      181 (0.4%)
    RSB_CHAIN           :      220 (0.5%)
Pre-computing PDGs (strip_boilerplate=True) ...
  Valid samples: 1670/1670
  Boilerplate stripped: 55 (3.3%) samples
  Instructions: 52718 -> 52636 (0.2% reduction)
  Edge type distribution:
    DATA_DEP            :    23013 (25.2%)
    CONTROL_FLOW        :    48834 (53.4%)
    SPEC_CONDITIONAL    :     8986 (9.8%)
    SPEC_INDIRECT       :     2152 (2.4%)
    SPEC_RETURN         :     4380 (4.8%)
    MEMORY_ORDER        :     1943 (2.1%)
    CACHE_TEMPORAL      :      588 (0.6%)
    FENCE_BOUNDARY      :     1023 (1.1%)
    RSB_CHAIN           :      544 (0.6%)
Node feature mode: hand  node_feat_dim=41

Initializing GINEClassifier v47...
  Total parameters: 618,059
  Edge types: 9 (RSB_CHAIN added)

======================================================================
TRAINING
======================================================================
Epoch   1/60 | CE: 1.0821 | Con: 2.3930 | Train: 0.728 | Val: 0.891 | LR: 9.99e-04 | 19.4s *BEST*
  Edge scales: CACHE_TE=1.01 | CONTROL_=1.01 | DATA_DEP=0.97 | FENCE_BO=1.00 | MEMORY_O=1.00 | RSB_CHAI=1.00 | SPEC_CON=1.02 | SPEC_IND=1.00 | SPEC_RET=1.03
Epoch   2/60 | CE: 0.4943 | Con: 1.9836 | Train: 0.875 | Val: 0.926 | LR: 9.97e-04 | 8.0s *BEST*
  Edge scales: CACHE_TE=1.00 | CONTROL_=1.00 | DATA_DEP=0.94 | FENCE_BO=0.99 | MEMORY_O=1.01 | RSB_CHAI=1.01 | SPEC_CON=1.02 | SPEC_IND=0.99 | SPEC_RET=1.04
Epoch   3/60 | CE: 0.3731 | Con: 1.8420 | Train: 0.905 | Val: 0.946 | LR: 9.94e-04 | 7.9s *BEST*
  Edge scales: CACHE_TE=1.00 | CONTROL_=0.97 | DATA_DEP=0.93 | FENCE_BO=0.99 | MEMORY_O=1.02 | RSB_CHAI=1.03 | SPEC_CON=1.04 | SPEC_IND=1.00 | SPEC_RET=1.04
Epoch   4/60 | CE: 0.2966 | Con: 1.7691 | Train: 0.924 | Val: 0.944 | LR: 9.89e-04 | 7.9s
Epoch   5/60 | CE: 0.2483 | Con: 1.7298 | Train: 0.936 | Val: 0.944 | LR: 9.83e-04 | 7.1s
Epoch   6/60 | CE: 0.2119 | Con: 1.6688 | Train: 0.943 | Val: 0.949 | LR: 9.76e-04 | 6.7s *BEST*
  Edge scales: CACHE_TE=1.01 | CONTROL_=0.96 | DATA_DEP=0.93 | FENCE_BO=0.98 | MEMORY_O=1.03 | RSB_CHAI=1.11 | SPEC_CON=1.05 | SPEC_IND=1.04 | SPEC_RET=1.04
Epoch   7/60 | CE: 0.1920 | Con: 1.6442 | Train: 0.954 | Val: 0.940 | LR: 9.67e-04 | 6.7s
Epoch   8/60 | CE: 0.1755 | Con: 1.6310 | Train: 0.958 | Val: 0.946 | LR: 9.57e-04 | 6.7s
Epoch   9/60 | CE: 0.1567 | Con: 1.6048 | Train: 0.959 | Val: 0.957 | LR: 9.46e-04 | 6.7s *BEST*
  Edge scales: CACHE_TE=1.02 | CONTROL_=0.96 | DATA_DEP=0.97 | FENCE_BO=0.99 | MEMORY_O=1.02 | RSB_CHAI=1.15 | SPEC_CON=1.10 | SPEC_IND=1.06 | SPEC_RET=1.05
Epoch  10/60 | CE: 0.1389 | Con: 1.5869 | Train: 0.964 | Val: 0.951 | LR: 9.33e-04 | 6.7s
  Edge scales: CACHE_TE=1.03 | CONTROL_=0.95 | DATA_DEP=0.97 | FENCE_BO=1.00 | MEMORY_O=1.03 | RSB_CHAI=1.15 | SPEC_CON=1.12 | SPEC_IND=1.06 | SPEC_RET=1.06
Epoch  11/60 | CE: 0.1215 | Con: 1.5516 | Train: 0.971 | Val: 0.957 | LR: 9.19e-04 | 7.7s
Epoch  12/60 | CE: 0.1221 | Con: 1.5474 | Train: 0.970 | Val: 0.962 | LR: 9.05e-04 | 6.8s *BEST*
  Edge scales: CACHE_TE=1.01 | CONTROL_=0.93 | DATA_DEP=0.97 | FENCE_BO=1.00 | MEMORY_O=1.03 | RSB_CHAI=1.18 | SPEC_CON=1.15 | SPEC_IND=1.06 | SPEC_RET=1.09
Epoch  13/60 | CE: 0.1099 | Con: 1.5560 | Train: 0.972 | Val: 0.953 | LR: 8.89e-04 | 6.8s
Epoch  14/60 | CE: 0.1088 | Con: 1.5477 | Train: 0.973 | Val: 0.964 | LR: 8.72e-04 | 6.8s *BEST*
  Edge scales: CACHE_TE=1.02 | CONTROL_=0.93 | DATA_DEP=0.97 | FENCE_BO=1.02 | MEMORY_O=1.02 | RSB_CHAI=1.20 | SPEC_CON=1.16 | SPEC_IND=1.05 | SPEC_RET=1.12
Epoch  15/60 | CE: 0.1015 | Con: 1.5195 | Train: 0.974 | Val: 0.966 | LR: 8.54e-04 | 6.8s *BEST*
  Edge scales: CACHE_TE=1.01 | CONTROL_=0.92 | DATA_DEP=0.97 | FENCE_BO=1.02 | MEMORY_O=1.02 | RSB_CHAI=1.20 | SPEC_CON=1.17 | SPEC_IND=1.05 | SPEC_RET=1.13
Epoch  16/60 | CE: 0.0930 | Con: 1.5180 | Train: 0.977 | Val: 0.945 | LR: 8.35e-04 | 6.8s
Epoch  17/60 | CE: 0.0890 | Con: 1.5058 | Train: 0.977 | Val: 0.950 | LR: 8.15e-04 | 6.8s
Epoch  18/60 | CE: 0.0818 | Con: 1.4956 | Train: 0.979 | Val: 0.967 | LR: 7.94e-04 | 6.8s *BEST*
  Edge scales: CACHE_TE=1.01 | CONTROL_=0.92 | DATA_DEP=0.97 | FENCE_BO=1.01 | MEMORY_O=1.03 | RSB_CHAI=1.20 | SPEC_CON=1.21 | SPEC_IND=1.06 | SPEC_RET=1.14
Epoch  19/60 | CE: 0.0821 | Con: 1.5120 | Train: 0.980 | Val: 0.966 | LR: 7.72e-04 | 6.8s
Epoch  20/60 | CE: 0.0752 | Con: 1.4823 | Train: 0.980 | Val: 0.964 | LR: 7.50e-04 | 7.9s
  Edge scales: CACHE_TE=1.01 | CONTROL_=0.90 | DATA_DEP=0.96 | FENCE_BO=1.03 | MEMORY_O=1.03 | RSB_CHAI=1.21 | SPEC_CON=1.23 | SPEC_IND=1.06 | SPEC_RET=1.16
Epoch  21/60 | CE: 0.0721 | Con: 1.5015 | Train: 0.981 | Val: 0.967 | LR: 7.27e-04 | 8.0s
Epoch  22/60 | CE: 0.0683 | Con: 1.4712 | Train: 0.983 | Val: 0.968 | LR: 7.03e-04 | 7.9s *BEST*
  Edge scales: CACHE_TE=1.01 | CONTROL_=0.90 | DATA_DEP=0.96 | FENCE_BO=1.03 | MEMORY_O=1.03 | RSB_CHAI=1.20 | SPEC_CON=1.24 | SPEC_IND=1.06 | SPEC_RET=1.17
Epoch  23/60 | CE: 0.0626 | Con: 1.4890 | Train: 0.983 | Val: 0.967 | LR: 6.79e-04 | 6.8s
Epoch  24/60 | CE: 0.0547 | Con: 1.4814 | Train: 0.985 | Val: 0.967 | LR: 6.55e-04 | 6.8s
Epoch  25/60 | CE: 0.0645 | Con: 1.4900 | Train: 0.982 | Val: 0.964 | LR: 6.29e-04 | 6.8s
Epoch  26/60 | CE: 0.0572 | Con: 1.4806 | Train: 0.985 | Val: 0.974 | LR: 6.04e-04 | 7.2s *BEST*
  Edge scales: CACHE_TE=1.01 | CONTROL_=0.89 | DATA_DEP=0.95 | FENCE_BO=1.02 | MEMORY_O=1.04 | RSB_CHAI=1.21 | SPEC_CON=1.27 | SPEC_IND=1.07 | SPEC_RET=1.22
Epoch  27/60 | CE: 0.0624 | Con: 1.4739 | Train: 0.985 | Val: 0.966 | LR: 5.78e-04 | 6.8s
Epoch  28/60 | CE: 0.0477 | Con: 1.4542 | Train: 0.988 | Val: 0.973 | LR: 5.52e-04 | 6.8s
Epoch  29/60 | CE: 0.0418 | Con: 1.4603 | Train: 0.991 | Val: 0.973 | LR: 5.26e-04 | 6.8s
Epoch  30/60 | CE: 0.0421 | Con: 1.4644 | Train: 0.990 | Val: 0.970 | LR: 5.00e-04 | 7.5s
  Edge scales: CACHE_TE=1.00 | CONTROL_=0.88 | DATA_DEP=0.96 | FENCE_BO=1.03 | MEMORY_O=1.04 | RSB_CHAI=1.19 | SPEC_CON=1.27 | SPEC_IND=1.07 | SPEC_RET=1.22
Epoch  31/60 | CE: 0.0474 | Con: 1.4541 | Train: 0.988 | Val: 0.966 | LR: 4.74e-04 | 7.9s
Epoch  32/60 | CE: 0.0438 | Con: 1.4732 | Train: 0.987 | Val: 0.972 | LR: 4.48e-04 | 7.8s
Epoch  33/60 | CE: 0.0491 | Con: 1.4611 | Train: 0.987 | Val: 0.968 | LR: 4.22e-04 | 7.0s
Epoch  34/60 | CE: 0.0380 | Con: 1.4378 | Train: 0.991 | Val: 0.971 | LR: 3.96e-04 | 6.7s
Epoch  35/60 | CE: 0.0406 | Con: 1.4628 | Train: 0.990 | Val: 0.973 | LR: 3.71e-04 | 6.7s
Epoch  36/60 | CE: 0.0365 | Con: 1.4710 | Train: 0.988 | Val: 0.974 | LR: 3.45e-04 | 6.7s

Early stop at epoch 36

======================================================================
FINAL EVALUATION
======================================================================
Best model from epoch 26 (val_acc=0.9745)
Test accuracy: 0.9737
Val/Test gap: +0.08pp

Final edge-type scales:
  CACHE_TEMPORAL      : 1.0088  (~1.0)
  CONTROL_FLOW        : 0.8871  (DOWN)
  DATA_DEP            : 0.9521  (~1.0)
  FENCE_BOUNDARY      : 1.0238  (~1.0)
  MEMORY_ORDER        : 1.0393  (~1.0)
  RSB_CHAIN           : 1.2080  (UP)
  SPEC_CONDITIONAL    : 1.2661  (UP)
  SPEC_INDIRECT       : 1.0724  (UP)
  SPEC_RETURN         : 1.2156  (UP)

Classification Report:
                          precision    recall  f1-score   support

                  BENIGN       1.00      0.99      1.00      1031
BRANCH_HISTORY_INJECTION       0.82      0.96      0.88        67
               INCEPTION       0.98      0.88      0.93        94
                    L1TF       0.87      0.73      0.79        37
                     MDS       0.96      0.98      0.97        45
                RETBLEED       0.91      0.99      0.95        75
             SPECTRE_RSB       0.14      1.00      0.25         1
              SPECTRE_V1       0.88      1.00      0.93        42
              SPECTRE_V2       0.98      0.94      0.96       154
              SPECTRE_V4       1.00      0.99      1.00       124

                accuracy                           0.97      1670
               macro avg       0.85      0.95      0.87      1670
            weighted avg       0.98      0.97      0.97      1670


Results saved to eval/cluster_out/p3_hwv4_s7/gine_metrics.json
Best val accuracy:  97.45%  (epoch 26)
Final test accuracy: 97.37%
results -> /home/s2473583/speculative_execution/eval/cluster_out/p3_hwv4_s7
done tag=p3_hwv4 seed=7 rc=0
