host=damnii08.inf.ed.ac.uk job=3668204 tag=w3_embed_on seed=21 extra=''
name, memory.total [MiB]
NVIDIA GeForce RTX 2080 Ti, 11264 MiB
Device: cuda

======================================================================
v52_b GINE — group-aware val + stable-hash dataset
======================================================================
Node features: 41  Edge types: 9 (incl. RSB_CHAIN)
Global features: 5  Arch embedding: 8-dim

Loading pre-split train: v54/data/v55h_train.jsonl
  6615 records
Loading pre-split test: v54/data/v54_test.jsonl
  1670 records

Label distribution:
  BENIGN: 3851
  BRANCH_HISTORY_INJECTION: 305
  INCEPTION: 582
  L1TF: 357
  MDS: 367
  RETBLEED: 451
  SPECTRE_RSB: 460
  SPECTRE_V1: 780
  SPECTRE_V2: 669
  SPECTRE_V4: 463

Classes (10): ['BENIGN', 'BRANCH_HISTORY_INJECTION', 'INCEPTION', 'L1TF', 'MDS', 'RETBLEED', 'SPECTRE_RSB', 'SPECTRE_V1', 'SPECTRE_V2', 'SPECTRE_V4']
  Hard negative: SPECTRE_V1 <-> BRANCH_HISTORY_INJECTION
  Hard negative: INCEPTION <-> BRANCH_HISTORY_INJECTION
  Hard negative: MDS <-> RETBLEED
  Hard negative: INCEPTION <-> RETBLEED
  Hard negative: L1TF <-> SPECTRE_V1
  Hard negative: L1TF <-> SPECTRE_V4
  Hard negative: MDS <-> SPECTRE_V4
  Hard negative: SPECTRE_V1 <-> SPECTRE_V4
  Hard negative: SPECTRE_V2 <-> BRANCH_HISTORY_INJECTION
  Hard negative: SPECTRE_V2 <-> INCEPTION
  Hard negative: RETBLEED <-> INCEPTION
  Hard negative: MDS <-> L1TF
  Hard negative: SPECTRE_V2 <-> RETBLEED
Handcrafted features (inline): 58
  Train-only augmentation (excluded from val): 347 records (fastspec)

Group-aware val split: StratifiedGroupKFold(n_splits=10) → val_frac≈0.131 (target ~0.100, pool=6268 val-eligible records)
  Distinct groups — train: 651, val: 84, train∩val groups: 0

Pre-split: Train=5794, Val=821, Test=1670
  Val carve-out: stratified_group_kfold_n10
  Early stopping uses VAL accuracy. Test evaluated once at end.

Global feature statistics (train, mean±std):
  nop_frac            : 0.1018 ± 0.1391
  indirect_frac       : 0.0421 ± 0.0605
  ret_frac            : 0.0473 ± 0.0421
  verw_frac           : 0.0007 ± 0.0088
  movntdqa_frac       : 0.0000 ± 0.0000

Creating datasets...
Pre-computing PDGs (strip_boilerplate=True) ...
  Valid samples: 5794/5794
  Boilerplate stripped: 200 (3.5%) samples
  Instructions: 171858 -> 171630 (0.1% reduction)
  Edge type distribution:
    DATA_DEP            :    86906 (26.6%)
    CONTROL_FLOW        :   163368 (49.9%)
    SPEC_CONDITIONAL    :    31947 (9.8%)
    SPEC_INDIRECT       :    10328 (3.2%)
    SPEC_RETURN         :    17757 (5.4%)
    MEMORY_ORDER        :     9924 (3.0%)
    CACHE_TEMPORAL      :     2457 (0.8%)
    FENCE_BOUNDARY      :     2022 (0.6%)
    RSB_CHAIN           :     2545 (0.8%)
Pre-computing PDGs (strip_boilerplate=True) ...
  Valid samples: 821/821
  Boilerplate stripped: 11 (1.3%) samples
  Instructions: 24996 -> 24983 (0.1% reduction)
  Edge type distribution:
    DATA_DEP            :    12627 (27.6%)
    CONTROL_FLOW        :    23364 (51.1%)
    SPEC_CONDITIONAL    :     5663 (12.4%)
    SPEC_INDIRECT       :     1473 (3.2%)
    SPEC_RETURN         :     1150 (2.5%)
    MEMORY_ORDER        :      798 (1.7%)
    CACHE_TEMPORAL      :      207 (0.5%)
    FENCE_BOUNDARY      :      252 (0.6%)
    RSB_CHAIN           :      212 (0.5%)
Pre-computing PDGs (strip_boilerplate=True) ...
  Valid samples: 1670/1670
  Boilerplate stripped: 55 (3.3%) samples
  Instructions: 52718 -> 52636 (0.2% reduction)
  Edge type distribution:
    DATA_DEP            :    23013 (25.2%)
    CONTROL_FLOW        :    48834 (53.4%)
    SPEC_CONDITIONAL    :     8986 (9.8%)
    SPEC_INDIRECT       :     2152 (2.4%)
    SPEC_RETURN         :     4380 (4.8%)
    MEMORY_ORDER        :     1943 (2.1%)
    CACHE_TEMPORAL      :      588 (0.6%)
    FENCE_BOUNDARY      :     1023 (1.1%)
    RSB_CHAIN           :      544 (0.6%)
Node feature mode: hand  node_feat_dim=41

Initializing GINEClassifier v47...
  Total parameters: 618,059
  Edge types: 9 (RSB_CHAIN added)

======================================================================
TRAINING
======================================================================
Epoch   1/60 | CE: 1.1352 | Con: 2.4433 | Train: 0.719 | Val: 0.872 | LR: 9.99e-04 | 12.9s *BEST*
  Edge scales: CACHE_TE=1.01 | CONTROL_=0.98 | DATA_DEP=1.00 | FENCE_BO=1.02 | MEMORY_O=0.99 | RSB_CHAI=1.00 | SPEC_CON=0.99 | SPEC_IND=1.03 | SPEC_RET=1.02
Epoch   2/60 | CE: 0.4926 | Con: 1.9433 | Train: 0.879 | Val: 0.923 | LR: 9.97e-04 | 9.4s *BEST*
  Edge scales: CACHE_TE=1.01 | CONTROL_=0.95 | DATA_DEP=1.01 | FENCE_BO=1.02 | MEMORY_O=0.98 | RSB_CHAI=1.00 | SPEC_CON=0.99 | SPEC_IND=1.03 | SPEC_RET=1.01
Epoch   3/60 | CE: 0.3390 | Con: 1.8137 | Train: 0.922 | Val: 0.915 | LR: 9.94e-04 | 11.6s
Epoch   4/60 | CE: 0.2833 | Con: 1.7358 | Train: 0.938 | Val: 0.939 | LR: 9.89e-04 | 11.7s *BEST*
  Edge scales: CACHE_TE=0.99 | CONTROL_=0.95 | DATA_DEP=0.97 | FENCE_BO=1.01 | MEMORY_O=0.99 | RSB_CHAI=1.01 | SPEC_CON=1.00 | SPEC_IND=1.06 | SPEC_RET=1.02
Epoch   5/60 | CE: 0.2650 | Con: 1.6906 | Train: 0.946 | Val: 0.944 | LR: 9.83e-04 | 11.7s *BEST*
  Edge scales: CACHE_TE=0.97 | CONTROL_=0.93 | DATA_DEP=0.98 | FENCE_BO=1.00 | MEMORY_O=1.00 | RSB_CHAI=1.01 | SPEC_CON=1.02 | SPEC_IND=1.07 | SPEC_RET=1.02
Epoch   6/60 | CE: 0.2182 | Con: 1.6565 | Train: 0.950 | Val: 0.938 | LR: 9.76e-04 | 11.7s
Epoch   7/60 | CE: 0.1885 | Con: 1.6290 | Train: 0.956 | Val: 0.956 | LR: 9.67e-04 | 11.7s *BEST*
  Edge scales: CACHE_TE=0.96 | CONTROL_=0.91 | DATA_DEP=0.98 | FENCE_BO=0.99 | MEMORY_O=1.00 | RSB_CHAI=1.02 | SPEC_CON=1.02 | SPEC_IND=1.10 | SPEC_RET=1.04
Epoch   8/60 | CE: 0.1656 | Con: 1.5959 | Train: 0.959 | Val: 0.948 | LR: 9.57e-04 | 11.7s
Epoch   9/60 | CE: 0.1479 | Con: 1.5855 | Train: 0.961 | Val: 0.967 | LR: 9.46e-04 | 9.6s *BEST*
  Edge scales: CACHE_TE=0.93 | CONTROL_=0.90 | DATA_DEP=0.97 | FENCE_BO=1.00 | MEMORY_O=1.02 | RSB_CHAI=1.02 | SPEC_CON=1.03 | SPEC_IND=1.12 | SPEC_RET=1.06
Epoch  10/60 | CE: 0.1726 | Con: 1.5618 | Train: 0.964 | Val: 0.967 | LR: 9.33e-04 | 8.6s
  Edge scales: CACHE_TE=0.92 | CONTROL_=0.89 | DATA_DEP=0.98 | FENCE_BO=0.99 | MEMORY_O=1.02 | RSB_CHAI=1.03 | SPEC_CON=1.03 | SPEC_IND=1.14 | SPEC_RET=1.07
Epoch  11/60 | CE: 0.1348 | Con: 1.5619 | Train: 0.966 | Val: 0.962 | LR: 9.19e-04 | 10.4s
Epoch  12/60 | CE: 0.1161 | Con: 1.5258 | Train: 0.971 | Val: 0.970 | LR: 9.05e-04 | 11.5s *BEST*
  Edge scales: CACHE_TE=0.92 | CONTROL_=0.89 | DATA_DEP=0.98 | FENCE_BO=0.98 | MEMORY_O=1.01 | RSB_CHAI=1.03 | SPEC_CON=1.03 | SPEC_IND=1.14 | SPEC_RET=1.09
Epoch  13/60 | CE: 0.1430 | Con: 1.5343 | Train: 0.972 | Val: 0.977 | LR: 8.89e-04 | 11.6s *BEST*
  Edge scales: CACHE_TE=0.93 | CONTROL_=0.87 | DATA_DEP=0.99 | FENCE_BO=0.98 | MEMORY_O=1.01 | RSB_CHAI=1.04 | SPEC_CON=1.04 | SPEC_IND=1.16 | SPEC_RET=1.09
Epoch  14/60 | CE: 0.1188 | Con: 1.5317 | Train: 0.976 | Val: 0.972 | LR: 8.72e-04 | 11.6s
Epoch  15/60 | CE: 0.0994 | Con: 1.5111 | Train: 0.974 | Val: 0.979 | LR: 8.54e-04 | 11.7s *BEST*
  Edge scales: CACHE_TE=0.94 | CONTROL_=0.88 | DATA_DEP=1.00 | FENCE_BO=0.99 | MEMORY_O=1.01 | RSB_CHAI=1.04 | SPEC_CON=1.05 | SPEC_IND=1.16 | SPEC_RET=1.09
Epoch  16/60 | CE: 0.0893 | Con: 1.5157 | Train: 0.978 | Val: 0.965 | LR: 8.35e-04 | 8.8s
Epoch  17/60 | CE: 0.1037 | Con: 1.5088 | Train: 0.978 | Val: 0.957 | LR: 8.15e-04 | 8.5s
Epoch  18/60 | CE: 0.0774 | Con: 1.4949 | Train: 0.980 | Val: 0.970 | LR: 7.94e-04 | 8.6s
Epoch  19/60 | CE: 0.0896 | Con: 1.4907 | Train: 0.984 | Val: 0.971 | LR: 7.72e-04 | 9.2s
Epoch  20/60 | CE: 0.0694 | Con: 1.4799 | Train: 0.982 | Val: 0.966 | LR: 7.50e-04 | 10.1s
  Edge scales: CACHE_TE=0.93 | CONTROL_=0.87 | DATA_DEP=1.01 | FENCE_BO=0.98 | MEMORY_O=1.00 | RSB_CHAI=1.07 | SPEC_CON=1.07 | SPEC_IND=1.17 | SPEC_RET=1.11
Epoch  21/60 | CE: 0.0789 | Con: 1.4998 | Train: 0.984 | Val: 0.967 | LR: 7.27e-04 | 8.6s
Epoch  22/60 | CE: 0.1277 | Con: 1.4825 | Train: 0.982 | Val: 0.967 | LR: 7.03e-04 | 8.6s
Epoch  23/60 | CE: 0.0660 | Con: 1.4880 | Train: 0.983 | Val: 0.966 | LR: 6.79e-04 | 11.5s
Epoch  24/60 | CE: 0.0709 | Con: 1.4903 | Train: 0.982 | Val: 0.972 | LR: 6.55e-04 | 11.4s
Epoch  25/60 | CE: 0.0756 | Con: 1.4820 | Train: 0.984 | Val: 0.973 | LR: 6.29e-04 | 11.6s

Early stop at epoch 25

======================================================================
FINAL EVALUATION
======================================================================
Best model from epoch 15 (val_acc=0.9793)
Test accuracy: 0.9533
Val/Test gap: +2.60pp

Final edge-type scales:
  CACHE_TEMPORAL      : 0.9446  (DOWN)
  CONTROL_FLOW        : 0.8762  (DOWN)
  DATA_DEP            : 1.0042  (~1.0)
  FENCE_BOUNDARY      : 0.9928  (~1.0)
  MEMORY_ORDER        : 1.0126  (~1.0)
  RSB_CHAIN           : 1.0375  (~1.0)
  SPEC_CONDITIONAL    : 1.0544  (UP)
  SPEC_INDIRECT       : 1.1647  (UP)
  SPEC_RETURN         : 1.0872  (UP)

Classification Report:
                          precision    recall  f1-score   support

                  BENIGN       0.99      1.00      0.99      1031
BRANCH_HISTORY_INJECTION       0.92      0.90      0.91        67
               INCEPTION       0.77      0.77      0.77        94
                    L1TF       0.87      0.70      0.78        37
                     MDS       0.89      0.93      0.91        45
                RETBLEED       0.92      0.97      0.95        75
             SPECTRE_RSB       0.00      0.00      0.00         1
              SPECTRE_V1       0.78      1.00      0.88        42
              SPECTRE_V2       0.95      0.84      0.89       154
              SPECTRE_V4       1.00      0.98      0.99       124

                accuracy                           0.95      1670
               macro avg       0.81      0.81      0.81      1670
            weighted avg       0.96      0.95      0.96      1670


Results saved to eval/cluster_out/w3_embed_on_s21/gine_metrics.json
Best val accuracy:  97.93%  (epoch 15)
Final test accuracy: 95.33%
results -> /home/s2473583/speculative_execution/eval/cluster_out/w3_embed_on_s21
done tag=w3_embed_on seed=21 rc=0
