host=saxa.inf.ed.ac.uk job=3668252 tag=allhw seed=21 extra=''
name, memory.total [MiB]
NVIDIA H200, 143771 MiB
Device: cuda

======================================================================
v52_b GINE — group-aware val + stable-hash dataset
======================================================================
Node features: 41  Edge types: 9 (incl. RSB_CHAIN)
Global features: 5  Arch embedding: 8-dim

Loading pre-split train: v54/data/v55h_allhw_train.jsonl
  7115 records
Loading pre-split test: v54/data/v54_test.jsonl
  1670 records

Label distribution:
  BENIGN: 4101
  BRANCH_HISTORY_INJECTION: 305
  INCEPTION: 582
  L1TF: 448
  MDS: 417
  RETBLEED: 451
  SPECTRE_RSB: 460
  SPECTRE_V1: 856
  SPECTRE_V2: 669
  SPECTRE_V4: 496

Classes (10): ['BENIGN', 'BRANCH_HISTORY_INJECTION', 'INCEPTION', 'L1TF', 'MDS', 'RETBLEED', 'SPECTRE_RSB', 'SPECTRE_V1', 'SPECTRE_V2', 'SPECTRE_V4']
  Hard negative: SPECTRE_V1 <-> BRANCH_HISTORY_INJECTION
  Hard negative: INCEPTION <-> BRANCH_HISTORY_INJECTION
  Hard negative: MDS <-> RETBLEED
  Hard negative: INCEPTION <-> RETBLEED
  Hard negative: L1TF <-> SPECTRE_V1
  Hard negative: L1TF <-> SPECTRE_V4
  Hard negative: MDS <-> SPECTRE_V4
  Hard negative: SPECTRE_V1 <-> SPECTRE_V4
  Hard negative: SPECTRE_V2 <-> BRANCH_HISTORY_INJECTION
  Hard negative: SPECTRE_V2 <-> INCEPTION
  Hard negative: RETBLEED <-> INCEPTION
  Hard negative: MDS <-> L1TF
  Hard negative: SPECTRE_V2 <-> RETBLEED
Handcrafted features (inline): 58
  Train-only augmentation (excluded from val): 347 records (fastspec)

Group-aware val split: StratifiedGroupKFold(n_splits=10) → val_frac≈0.125 (target ~0.100, pool=6768 val-eligible records)
  Distinct groups — train: 1125, val: 110, train∩val groups: 0

Pre-split: Train=6268, Val=847, Test=1670
  Val carve-out: stratified_group_kfold_n10
  Early stopping uses VAL accuracy. Test evaluated once at end.

Global feature statistics (train, mean±std):
  nop_frac            : 0.0971 ± 0.1353
  indirect_frac       : 0.0422 ± 0.0613
  ret_frac            : 0.0469 ± 0.0419
  verw_frac           : 0.0005 ± 0.0068
  movntdqa_frac       : 0.0000 ± 0.0000

Creating datasets...
Pre-computing PDGs (strip_boilerplate=True) ...
  Valid samples: 6268/6268
  Boilerplate stripped: 194 (3.1%) samples
  Instructions: 189840 -> 189618 (0.1% reduction)
  Edge type distribution:
    DATA_DEP            :   101590 (27.9%)
    CONTROL_FLOW        :   180808 (49.7%)
    SPEC_CONDITIONAL    :    31767 (8.7%)
    SPEC_INDIRECT       :    11037 (3.0%)
    SPEC_RETURN         :    17760 (4.9%)
    MEMORY_ORDER        :    12124 (3.3%)
    CACHE_TEMPORAL      :     2336 (0.6%)
    FENCE_BOUNDARY      :     3873 (1.1%)
    RSB_CHAIN           :     2546 (0.7%)
Pre-computing PDGs (strip_boilerplate=True) ...
  Valid samples: 847/847
  Boilerplate stripped: 17 (2.0%) samples
  Instructions: 27562 -> 27543 (0.1% reduction)
  Edge type distribution:
    DATA_DEP            :    14835 (29.4%)
    CONTROL_FLOW        :    25972 (51.4%)
    SPEC_CONDITIONAL    :     5868 (11.6%)
    SPEC_INDIRECT       :      764 (1.5%)
    SPEC_RETURN         :     1147 (2.3%)
    MEMORY_ORDER        :     1136 (2.2%)
    CACHE_TEMPORAL      :      328 (0.6%)
    FENCE_BOUNDARY      :      251 (0.5%)
    RSB_CHAIN           :      211 (0.4%)
Pre-computing PDGs (strip_boilerplate=True) ...
  Valid samples: 1670/1670
  Boilerplate stripped: 55 (3.3%) samples
  Instructions: 52718 -> 52636 (0.2% reduction)
  Edge type distribution:
    DATA_DEP            :    23013 (25.2%)
    CONTROL_FLOW        :    48834 (53.4%)
    SPEC_CONDITIONAL    :     8986 (9.8%)
    SPEC_INDIRECT       :     2152 (2.4%)
    SPEC_RETURN         :     4380 (4.8%)
    MEMORY_ORDER        :     1943 (2.1%)
    CACHE_TEMPORAL      :      588 (0.6%)
    FENCE_BOUNDARY      :     1023 (1.1%)
    RSB_CHAIN           :      544 (0.6%)
Node feature mode: hand  node_feat_dim=41

Initializing GINEClassifier v47...
  Total parameters: 618,059
  Edge types: 9 (RSB_CHAIN added)

======================================================================
TRAINING
======================================================================
Epoch   1/60 | CE: 1.1307 | Con: 2.5192 | Train: 0.710 | Val: 0.872 | LR: 9.99e-04 | 13.0s *BEST*
  Edge scales: CACHE_TE=1.00 | CONTROL_=0.99 | DATA_DEP=1.00 | FENCE_BO=1.00 | MEMORY_O=1.02 | RSB_CHAI=0.99 | SPEC_CON=1.02 | SPEC_IND=1.02 | SPEC_RET=1.02
Epoch   2/60 | CE: 0.5185 | Con: 2.0721 | Train: 0.869 | Val: 0.947 | LR: 9.97e-04 | 7.5s *BEST*
  Edge scales: CACHE_TE=0.98 | CONTROL_=0.97 | DATA_DEP=0.98 | FENCE_BO=0.99 | MEMORY_O=1.03 | RSB_CHAI=0.99 | SPEC_CON=1.02 | SPEC_IND=1.02 | SPEC_RET=1.03
Epoch   3/60 | CE: 0.3770 | Con: 1.8985 | Train: 0.908 | Val: 0.923 | LR: 9.94e-04 | 7.9s
Epoch   4/60 | CE: 0.3073 | Con: 1.8217 | Train: 0.927 | Val: 0.954 | LR: 9.89e-04 | 8.7s *BEST*
  Edge scales: CACHE_TE=0.96 | CONTROL_=0.93 | DATA_DEP=0.96 | FENCE_BO=0.98 | MEMORY_O=1.05 | RSB_CHAI=1.03 | SPEC_CON=1.04 | SPEC_IND=1.08 | SPEC_RET=1.05
Epoch   5/60 | CE: 0.2720 | Con: 1.7771 | Train: 0.934 | Val: 0.957 | LR: 9.83e-04 | 8.7s *BEST*
  Edge scales: CACHE_TE=0.93 | CONTROL_=0.92 | DATA_DEP=0.97 | FENCE_BO=0.99 | MEMORY_O=1.08 | RSB_CHAI=1.05 | SPEC_CON=1.04 | SPEC_IND=1.11 | SPEC_RET=1.05
Epoch   6/60 | CE: 0.2281 | Con: 1.7188 | Train: 0.943 | Val: 0.952 | LR: 9.76e-04 | 8.7s
Epoch   7/60 | CE: 0.1986 | Con: 1.6824 | Train: 0.950 | Val: 0.967 | LR: 9.67e-04 | 8.7s *BEST*
  Edge scales: CACHE_TE=0.92 | CONTROL_=0.89 | DATA_DEP=0.97 | FENCE_BO=0.98 | MEMORY_O=1.10 | RSB_CHAI=1.07 | SPEC_CON=1.07 | SPEC_IND=1.13 | SPEC_RET=1.05
Epoch   8/60 | CE: 0.1799 | Con: 1.6655 | Train: 0.954 | Val: 0.957 | LR: 9.57e-04 | 8.7s
Epoch   9/60 | CE: 0.1620 | Con: 1.6396 | Train: 0.957 | Val: 0.978 | LR: 9.46e-04 | 8.7s *BEST*
  Edge scales: CACHE_TE=0.91 | CONTROL_=0.88 | DATA_DEP=0.98 | FENCE_BO=0.99 | MEMORY_O=1.12 | RSB_CHAI=1.10 | SPEC_CON=1.09 | SPEC_IND=1.15 | SPEC_RET=1.07
Epoch  10/60 | CE: 0.1487 | Con: 1.6295 | Train: 0.963 | Val: 0.973 | LR: 9.33e-04 | 7.8s
  Edge scales: CACHE_TE=0.91 | CONTROL_=0.86 | DATA_DEP=0.97 | FENCE_BO=0.98 | MEMORY_O=1.14 | RSB_CHAI=1.11 | SPEC_CON=1.10 | SPEC_IND=1.16 | SPEC_RET=1.08
Epoch  11/60 | CE: 0.1326 | Con: 1.5930 | Train: 0.967 | Val: 0.978 | LR: 9.19e-04 | 7.4s
Epoch  12/60 | CE: 0.1312 | Con: 1.5996 | Train: 0.967 | Val: 0.974 | LR: 9.05e-04 | 8.6s
Epoch  13/60 | CE: 0.1280 | Con: 1.5941 | Train: 0.968 | Val: 0.970 | LR: 8.89e-04 | 8.7s
Epoch  14/60 | CE: 0.1094 | Con: 1.5775 | Train: 0.972 | Val: 0.972 | LR: 8.72e-04 | 8.7s
Epoch  15/60 | CE: 0.1104 | Con: 1.5587 | Train: 0.972 | Val: 0.970 | LR: 8.54e-04 | 8.1s
Epoch  16/60 | CE: 0.1059 | Con: 1.5525 | Train: 0.973 | Val: 0.969 | LR: 8.35e-04 | 7.4s
Epoch  17/60 | CE: 0.0979 | Con: 1.5471 | Train: 0.974 | Val: 0.978 | LR: 8.15e-04 | 7.4s
Epoch  18/60 | CE: 0.0944 | Con: 1.5466 | Train: 0.976 | Val: 0.966 | LR: 7.94e-04 | 7.4s
Epoch  19/60 | CE: 0.0857 | Con: 1.5250 | Train: 0.980 | Val: 0.976 | LR: 7.72e-04 | 7.5s

Early stop at epoch 19

======================================================================
FINAL EVALUATION
======================================================================
Best model from epoch 9 (val_acc=0.9776)
Test accuracy: 0.9557
Val/Test gap: +2.19pp

Final edge-type scales:
  CACHE_TEMPORAL      : 0.9090  (DOWN)
  CONTROL_FLOW        : 0.8820  (DOWN)
  DATA_DEP            : 0.9810  (~1.0)
  FENCE_BOUNDARY      : 0.9899  (~1.0)
  MEMORY_ORDER        : 1.1238  (UP)
  RSB_CHAIN           : 1.1015  (UP)
  SPEC_CONDITIONAL    : 1.0943  (UP)
  SPEC_INDIRECT       : 1.1519  (UP)
  SPEC_RETURN         : 1.0715  (UP)

Classification Report:
                          precision    recall  f1-score   support

                  BENIGN       0.99      1.00      0.99      1031
BRANCH_HISTORY_INJECTION       0.71      0.97      0.82        67
               INCEPTION       0.93      0.84      0.88        94
                    L1TF       0.77      0.54      0.63        37
                     MDS       0.81      0.98      0.89        45
                RETBLEED       0.97      0.95      0.96        75
             SPECTRE_RSB       0.14      1.00      0.25         1
              SPECTRE_V1       0.82      1.00      0.90        42
              SPECTRE_V2       0.98      0.82      0.89       154
              SPECTRE_V4       1.00      0.98      0.99       124

                accuracy                           0.96      1670
               macro avg       0.81      0.91      0.82      1670
            weighted avg       0.96      0.96      0.96      1670


Results saved to eval/cluster_out/allhw_s21/gine_metrics.json
Best val accuracy:  97.76%  (epoch 9)
Final test accuracy: 95.57%
results -> /home/s2473583/speculative_execution/eval/cluster_out/allhw_s21
done tag=allhw seed=21 rc=0
