host=opencast.inf.ed.ac.uk job=3668197 tag=spectre_v4_hw seed=13 extra=''
name, memory.total [MiB]
NVIDIA GeForce RTX 2080 Ti, 11264 MiB
Device: cuda

======================================================================
v52_b GINE — group-aware val + stable-hash dataset
======================================================================
Node features: 41  Edge types: 9 (incl. RSB_CHAIN)
Global features: 5  Arch embedding: 8-dim

Loading pre-split train: v54/data/v55h_spectre_v4hw_train.jsonl
  6681 records
Loading pre-split test: v54/data/v54_test.jsonl
  1670 records

Label distribution:
  BENIGN: 3884
  BRANCH_HISTORY_INJECTION: 305
  INCEPTION: 582
  L1TF: 357
  MDS: 367
  RETBLEED: 451
  SPECTRE_RSB: 460
  SPECTRE_V1: 780
  SPECTRE_V2: 669
  SPECTRE_V4: 496

Classes (10): ['BENIGN', 'BRANCH_HISTORY_INJECTION', 'INCEPTION', 'L1TF', 'MDS', 'RETBLEED', 'SPECTRE_RSB', 'SPECTRE_V1', 'SPECTRE_V2', 'SPECTRE_V4']
  Hard negative: SPECTRE_V1 <-> BRANCH_HISTORY_INJECTION
  Hard negative: INCEPTION <-> BRANCH_HISTORY_INJECTION
  Hard negative: MDS <-> RETBLEED
  Hard negative: INCEPTION <-> RETBLEED
  Hard negative: L1TF <-> SPECTRE_V1
  Hard negative: L1TF <-> SPECTRE_V4
  Hard negative: MDS <-> SPECTRE_V4
  Hard negative: SPECTRE_V1 <-> SPECTRE_V4
  Hard negative: SPECTRE_V2 <-> BRANCH_HISTORY_INJECTION
  Hard negative: SPECTRE_V2 <-> INCEPTION
  Hard negative: RETBLEED <-> INCEPTION
  Hard negative: MDS <-> L1TF
  Hard negative: SPECTRE_V2 <-> RETBLEED
Handcrafted features (inline): 58
  Train-only augmentation (excluded from val): 347 records (fastspec)

Group-aware val split: StratifiedGroupKFold(n_splits=10) → val_frac≈0.124 (target ~0.100, pool=6334 val-eligible records)
  Distinct groups — train: 710, val: 91, train∩val groups: 0

Pre-split: Train=5896, Val=785, Test=1670
  Val carve-out: stratified_group_kfold_n10
  Early stopping uses VAL accuracy. Test evaluated once at end.

Global feature statistics (train, mean±std):
  nop_frac            : 0.0923 ± 0.1287
  indirect_frac       : 0.0452 ± 0.0629
  ret_frac            : 0.0447 ± 0.0417
  verw_frac           : 0.0007 ± 0.0088
  movntdqa_frac       : 0.0000 ± 0.0000

Creating datasets...
Pre-computing PDGs (strip_boilerplate=True) ...
  Valid samples: 5896/5896
  Boilerplate stripped: 203 (3.4%) samples
  Instructions: 179371 -> 179138 (0.1% reduction)
  Edge type distribution:
    DATA_DEP            :    92461 (27.1%)
    CONTROL_FLOW        :   170888 (50.2%)
    SPEC_CONDITIONAL    :    31159 (9.1%)
    SPEC_INDIRECT       :    10883 (3.2%)
    SPEC_RETURN         :    17673 (5.2%)
    MEMORY_ORDER        :    10129 (3.0%)
    CACHE_TEMPORAL      :     2364 (0.7%)
    FENCE_BOUNDARY      :     2477 (0.7%)
    RSB_CHAIN           :     2577 (0.8%)
Pre-computing PDGs (strip_boilerplate=True) ...
  Valid samples: 785/785
  Boilerplate stripped: 8 (1.0%) samples
  Instructions: 23119 -> 23111 (0.0% reduction)
  Edge type distribution:
    DATA_DEP            :    12340 (27.7%)
    CONTROL_FLOW        :    21414 (48.1%)
    SPEC_CONDITIONAL    :     6451 (14.5%)
    SPEC_INDIRECT       :      918 (2.1%)
    SPEC_RETURN         :     1234 (2.8%)
    MEMORY_ORDER        :     1465 (3.3%)
    CACHE_TEMPORAL      :      300 (0.7%)
    FENCE_BOUNDARY      :      207 (0.5%)
    RSB_CHAIN           :      180 (0.4%)
Pre-computing PDGs (strip_boilerplate=True) ...
  Valid samples: 1670/1670
  Boilerplate stripped: 55 (3.3%) samples
  Instructions: 52718 -> 52636 (0.2% reduction)
  Edge type distribution:
    DATA_DEP            :    23013 (25.2%)
    CONTROL_FLOW        :    48834 (53.4%)
    SPEC_CONDITIONAL    :     8986 (9.8%)
    SPEC_INDIRECT       :     2152 (2.4%)
    SPEC_RETURN         :     4380 (4.8%)
    MEMORY_ORDER        :     1943 (2.1%)
    CACHE_TEMPORAL      :      588 (0.6%)
    FENCE_BOUNDARY      :     1023 (1.1%)
    RSB_CHAIN           :      544 (0.6%)
Node feature mode: hand  node_feat_dim=41

Initializing GINEClassifier v47...
  Total parameters: 618,059
  Edge types: 9 (RSB_CHAIN added)

======================================================================
TRAINING
======================================================================
Epoch   1/60 | CE: 1.0698 | Con: 2.4381 | Train: 0.729 | Val: 0.911 | LR: 9.99e-04 | 17.4s *BEST*
  Edge scales: CACHE_TE=1.00 | CONTROL_=0.99 | DATA_DEP=1.00 | FENCE_BO=1.00 | MEMORY_O=1.02 | RSB_CHAI=1.01 | SPEC_CON=1.01 | SPEC_IND=1.02 | SPEC_RET=1.03
Epoch   2/60 | CE: 0.4788 | Con: 1.9406 | Train: 0.877 | Val: 0.921 | LR: 9.97e-04 | 12.1s *BEST*
  Edge scales: CACHE_TE=0.98 | CONTROL_=0.96 | DATA_DEP=1.00 | FENCE_BO=1.00 | MEMORY_O=1.03 | RSB_CHAI=1.01 | SPEC_CON=1.04 | SPEC_IND=1.03 | SPEC_RET=1.03
Epoch   3/60 | CE: 0.3370 | Con: 1.8313 | Train: 0.916 | Val: 0.944 | LR: 9.94e-04 | 11.4s *BEST*
  Edge scales: CACHE_TE=0.97 | CONTROL_=0.94 | DATA_DEP=1.00 | FENCE_BO=0.98 | MEMORY_O=1.03 | RSB_CHAI=1.01 | SPEC_CON=1.07 | SPEC_IND=1.04 | SPEC_RET=1.05
Epoch   4/60 | CE: 0.2907 | Con: 1.7547 | Train: 0.927 | Val: 0.940 | LR: 9.89e-04 | 12.0s
Epoch   5/60 | CE: 0.2390 | Con: 1.7167 | Train: 0.944 | Val: 0.954 | LR: 9.83e-04 | 12.6s *BEST*
  Edge scales: CACHE_TE=0.95 | CONTROL_=0.91 | DATA_DEP=0.99 | FENCE_BO=0.98 | MEMORY_O=1.07 | RSB_CHAI=1.03 | SPEC_CON=1.11 | SPEC_IND=1.04 | SPEC_RET=1.08
Epoch   6/60 | CE: 0.1983 | Con: 1.6514 | Train: 0.949 | Val: 0.957 | LR: 9.76e-04 | 12.4s *BEST*
  Edge scales: CACHE_TE=0.95 | CONTROL_=0.89 | DATA_DEP=0.99 | FENCE_BO=0.97 | MEMORY_O=1.08 | RSB_CHAI=1.04 | SPEC_CON=1.14 | SPEC_IND=1.05 | SPEC_RET=1.10
Epoch   7/60 | CE: 0.1865 | Con: 1.6246 | Train: 0.955 | Val: 0.958 | LR: 9.67e-04 | 12.4s *BEST*
  Edge scales: CACHE_TE=0.94 | CONTROL_=0.90 | DATA_DEP=1.00 | FENCE_BO=0.98 | MEMORY_O=1.07 | RSB_CHAI=1.06 | SPEC_CON=1.14 | SPEC_IND=1.05 | SPEC_RET=1.10
Epoch   8/60 | CE: 0.1552 | Con: 1.6014 | Train: 0.959 | Val: 0.961 | LR: 9.57e-04 | 12.4s *BEST*
  Edge scales: CACHE_TE=0.94 | CONTROL_=0.88 | DATA_DEP=1.01 | FENCE_BO=0.97 | MEMORY_O=1.07 | RSB_CHAI=1.05 | SPEC_CON=1.16 | SPEC_IND=1.06 | SPEC_RET=1.10
Epoch   9/60 | CE: 0.1452 | Con: 1.5945 | Train: 0.964 | Val: 0.958 | LR: 9.46e-04 | 12.4s
Epoch  10/60 | CE: 0.1310 | Con: 1.5977 | Train: 0.969 | Val: 0.962 | LR: 9.33e-04 | 12.4s *BEST*
  Edge scales: CACHE_TE=0.92 | CONTROL_=0.85 | DATA_DEP=1.00 | FENCE_BO=0.93 | MEMORY_O=1.09 | RSB_CHAI=1.06 | SPEC_CON=1.17 | SPEC_IND=1.08 | SPEC_RET=1.14
Epoch  11/60 | CE: 0.1251 | Con: 1.5741 | Train: 0.970 | Val: 0.961 | LR: 9.19e-04 | 12.4s
Epoch  12/60 | CE: 0.1144 | Con: 1.5555 | Train: 0.973 | Val: 0.973 | LR: 9.05e-04 | 12.4s *BEST*
  Edge scales: CACHE_TE=0.91 | CONTROL_=0.84 | DATA_DEP=1.00 | FENCE_BO=0.95 | MEMORY_O=1.11 | RSB_CHAI=1.05 | SPEC_CON=1.19 | SPEC_IND=1.07 | SPEC_RET=1.18
Epoch  13/60 | CE: 0.1056 | Con: 1.5427 | Train: 0.974 | Val: 0.961 | LR: 8.89e-04 | 12.4s
Epoch  14/60 | CE: 0.1065 | Con: 1.5324 | Train: 0.976 | Val: 0.961 | LR: 8.72e-04 | 11.8s
Epoch  15/60 | CE: 0.0906 | Con: 1.5369 | Train: 0.976 | Val: 0.971 | LR: 8.54e-04 | 12.4s
Epoch  16/60 | CE: 0.0884 | Con: 1.5266 | Train: 0.977 | Val: 0.976 | LR: 8.35e-04 | 12.4s *BEST*
  Edge scales: CACHE_TE=0.91 | CONTROL_=0.81 | DATA_DEP=1.00 | FENCE_BO=0.93 | MEMORY_O=1.12 | RSB_CHAI=1.07 | SPEC_CON=1.25 | SPEC_IND=1.07 | SPEC_RET=1.23
Epoch  17/60 | CE: 0.0884 | Con: 1.5177 | Train: 0.978 | Val: 0.967 | LR: 8.15e-04 | 12.4s
Epoch  18/60 | CE: 0.0826 | Con: 1.5130 | Train: 0.978 | Val: 0.964 | LR: 7.94e-04 | 12.4s
Epoch  19/60 | CE: 0.0771 | Con: 1.4946 | Train: 0.982 | Val: 0.967 | LR: 7.72e-04 | 12.4s
Epoch  20/60 | CE: 0.0788 | Con: 1.5059 | Train: 0.980 | Val: 0.967 | LR: 7.50e-04 | 12.4s
  Edge scales: CACHE_TE=0.91 | CONTROL_=0.80 | DATA_DEP=1.01 | FENCE_BO=0.94 | MEMORY_O=1.15 | RSB_CHAI=1.10 | SPEC_CON=1.24 | SPEC_IND=1.07 | SPEC_RET=1.28
Epoch  21/60 | CE: 0.0640 | Con: 1.4929 | Train: 0.984 | Val: 0.972 | LR: 7.27e-04 | 12.4s
Epoch  22/60 | CE: 0.0648 | Con: 1.4933 | Train: 0.983 | Val: 0.972 | LR: 7.03e-04 | 12.4s
Epoch  23/60 | CE: 0.0570 | Con: 1.4780 | Train: 0.985 | Val: 0.966 | LR: 6.79e-04 | 12.4s
Epoch  24/60 | CE: 0.0584 | Con: 1.4837 | Train: 0.985 | Val: 0.968 | LR: 6.55e-04 | 12.4s
Epoch  25/60 | CE: 0.0501 | Con: 1.4880 | Train: 0.987 | Val: 0.971 | LR: 6.29e-04 | 12.4s
Epoch  26/60 | CE: 0.0541 | Con: 1.4899 | Train: 0.986 | Val: 0.968 | LR: 6.04e-04 | 12.4s

Early stop at epoch 26

======================================================================
FINAL EVALUATION
======================================================================
Best model from epoch 16 (val_acc=0.9758)
Test accuracy: 0.9695
Val/Test gap: +0.63pp

Final edge-type scales:
  CACHE_TEMPORAL      : 0.9091  (DOWN)
  CONTROL_FLOW        : 0.8075  (DOWN)
  DATA_DEP            : 1.0003  (~1.0)
  FENCE_BOUNDARY      : 0.9315  (DOWN)
  MEMORY_ORDER        : 1.1242  (UP)
  RSB_CHAIN           : 1.0668  (UP)
  SPEC_CONDITIONAL    : 1.2464  (UP)
  SPEC_INDIRECT       : 1.0672  (UP)
  SPEC_RETURN         : 1.2273  (UP)

Classification Report:
                          precision    recall  f1-score   support

                  BENIGN       1.00      1.00      1.00      1031
BRANCH_HISTORY_INJECTION       0.74      0.88      0.80        67
               INCEPTION       0.99      0.93      0.96        94
                    L1TF       0.90      0.73      0.81        37
                     MDS       0.96      1.00      0.98        45
                RETBLEED       0.97      0.99      0.98        75
             SPECTRE_RSB       0.20      1.00      0.33         1
              SPECTRE_V1       0.82      1.00      0.90        42
              SPECTRE_V2       0.94      0.86      0.90       154
              SPECTRE_V4       1.00      1.00      1.00       124

                accuracy                           0.97      1670
               macro avg       0.85      0.94      0.87      1670
            weighted avg       0.97      0.97      0.97      1670


Results saved to eval/cluster_out/spectre_v4_hw_s13/gine_metrics.json
Best val accuracy:  97.58%  (epoch 16)
Final test accuracy: 96.95%
results -> /home/s2473583/speculative_execution/eval/cluster_out/spectre_v4_hw_s13
done tag=spectre_v4_hw seed=13 rc=0
