host=saxa.inf.ed.ac.uk job=3668250 tag=allhw seed=7 extra=''
name, memory.total [MiB]
NVIDIA H200, 143771 MiB
Device: cuda

======================================================================
v52_b GINE — group-aware val + stable-hash dataset
======================================================================
Node features: 41  Edge types: 9 (incl. RSB_CHAIN)
Global features: 5  Arch embedding: 8-dim

Loading pre-split train: v54/data/v55h_allhw_train.jsonl
  7115 records
Loading pre-split test: v54/data/v54_test.jsonl
  1670 records

Label distribution:
  BENIGN: 4101
  BRANCH_HISTORY_INJECTION: 305
  INCEPTION: 582
  L1TF: 448
  MDS: 417
  RETBLEED: 451
  SPECTRE_RSB: 460
  SPECTRE_V1: 856
  SPECTRE_V2: 669
  SPECTRE_V4: 496

Classes (10): ['BENIGN', 'BRANCH_HISTORY_INJECTION', 'INCEPTION', 'L1TF', 'MDS', 'RETBLEED', 'SPECTRE_RSB', 'SPECTRE_V1', 'SPECTRE_V2', 'SPECTRE_V4']
  Hard negative: SPECTRE_V1 <-> BRANCH_HISTORY_INJECTION
  Hard negative: INCEPTION <-> BRANCH_HISTORY_INJECTION
  Hard negative: MDS <-> RETBLEED
  Hard negative: INCEPTION <-> RETBLEED
  Hard negative: L1TF <-> SPECTRE_V1
  Hard negative: L1TF <-> SPECTRE_V4
  Hard negative: MDS <-> SPECTRE_V4
  Hard negative: SPECTRE_V1 <-> SPECTRE_V4
  Hard negative: SPECTRE_V2 <-> BRANCH_HISTORY_INJECTION
  Hard negative: SPECTRE_V2 <-> INCEPTION
  Hard negative: RETBLEED <-> INCEPTION
  Hard negative: MDS <-> L1TF
  Hard negative: SPECTRE_V2 <-> RETBLEED
Handcrafted features (inline): 58
  Train-only augmentation (excluded from val): 347 records (fastspec)

Group-aware val split: StratifiedGroupKFold(n_splits=10) → val_frac≈0.125 (target ~0.100, pool=6768 val-eligible records)
  Distinct groups — train: 1125, val: 110, train∩val groups: 0

Pre-split: Train=6268, Val=847, Test=1670
  Val carve-out: stratified_group_kfold_n10
  Early stopping uses VAL accuracy. Test evaluated once at end.

Global feature statistics (train, mean±std):
  nop_frac            : 0.0971 ± 0.1353
  indirect_frac       : 0.0422 ± 0.0613
  ret_frac            : 0.0469 ± 0.0419
  verw_frac           : 0.0005 ± 0.0068
  movntdqa_frac       : 0.0000 ± 0.0000

Creating datasets...
Pre-computing PDGs (strip_boilerplate=True) ...
  Valid samples: 6268/6268
  Boilerplate stripped: 194 (3.1%) samples
  Instructions: 189840 -> 189618 (0.1% reduction)
  Edge type distribution:
    DATA_DEP            :   101590 (27.9%)
    CONTROL_FLOW        :   180808 (49.7%)
    SPEC_CONDITIONAL    :    31767 (8.7%)
    SPEC_INDIRECT       :    11037 (3.0%)
    SPEC_RETURN         :    17760 (4.9%)
    MEMORY_ORDER        :    12124 (3.3%)
    CACHE_TEMPORAL      :     2336 (0.6%)
    FENCE_BOUNDARY      :     3873 (1.1%)
    RSB_CHAIN           :     2546 (0.7%)
Pre-computing PDGs (strip_boilerplate=True) ...
  Valid samples: 847/847
  Boilerplate stripped: 17 (2.0%) samples
  Instructions: 27562 -> 27543 (0.1% reduction)
  Edge type distribution:
    DATA_DEP            :    14835 (29.4%)
    CONTROL_FLOW        :    25972 (51.4%)
    SPEC_CONDITIONAL    :     5868 (11.6%)
    SPEC_INDIRECT       :      764 (1.5%)
    SPEC_RETURN         :     1147 (2.3%)
    MEMORY_ORDER        :     1136 (2.2%)
    CACHE_TEMPORAL      :      328 (0.6%)
    FENCE_BOUNDARY      :      251 (0.5%)
    RSB_CHAIN           :      211 (0.4%)
Pre-computing PDGs (strip_boilerplate=True) ...
  Valid samples: 1670/1670
  Boilerplate stripped: 55 (3.3%) samples
  Instructions: 52718 -> 52636 (0.2% reduction)
  Edge type distribution:
    DATA_DEP            :    23013 (25.2%)
    CONTROL_FLOW        :    48834 (53.4%)
    SPEC_CONDITIONAL    :     8986 (9.8%)
    SPEC_INDIRECT       :     2152 (2.4%)
    SPEC_RETURN         :     4380 (4.8%)
    MEMORY_ORDER        :     1943 (2.1%)
    CACHE_TEMPORAL      :      588 (0.6%)
    FENCE_BOUNDARY      :     1023 (1.1%)
    RSB_CHAIN           :      544 (0.6%)
Node feature mode: hand  node_feat_dim=41

Initializing GINEClassifier v47...
  Total parameters: 618,059
  Edge types: 9 (RSB_CHAIN added)

======================================================================
TRAINING
======================================================================
Epoch   1/60 | CE: 1.1003 | Con: 2.5202 | Train: 0.722 | Val: 0.847 | LR: 9.99e-04 | 14.1s *BEST*
  Edge scales: CACHE_TE=1.01 | CONTROL_=0.99 | DATA_DEP=1.01 | FENCE_BO=1.01 | MEMORY_O=1.01 | RSB_CHAI=1.01 | SPEC_CON=1.02 | SPEC_IND=1.01 | SPEC_RET=1.02
Epoch   2/60 | CE: 0.4944 | Con: 2.0423 | Train: 0.874 | Val: 0.923 | LR: 9.97e-04 | 8.6s *BEST*
  Edge scales: CACHE_TE=1.01 | CONTROL_=0.98 | DATA_DEP=1.00 | FENCE_BO=1.02 | MEMORY_O=1.03 | RSB_CHAI=1.01 | SPEC_CON=1.02 | SPEC_IND=1.00 | SPEC_RET=1.01
Epoch   3/60 | CE: 0.3769 | Con: 1.9030 | Train: 0.909 | Val: 0.945 | LR: 9.94e-04 | 8.7s *BEST*
  Edge scales: CACHE_TE=0.99 | CONTROL_=0.96 | DATA_DEP=0.96 | FENCE_BO=1.03 | MEMORY_O=1.04 | RSB_CHAI=1.01 | SPEC_CON=1.02 | SPEC_IND=0.98 | SPEC_RET=1.02
Epoch   4/60 | CE: 0.2974 | Con: 1.8073 | Train: 0.928 | Val: 0.935 | LR: 9.89e-04 | 8.7s
Epoch   5/60 | CE: 0.2556 | Con: 1.7648 | Train: 0.937 | Val: 0.957 | LR: 9.83e-04 | 8.7s *BEST*
  Edge scales: CACHE_TE=1.00 | CONTROL_=0.94 | DATA_DEP=0.96 | FENCE_BO=1.04 | MEMORY_O=1.08 | RSB_CHAI=1.01 | SPEC_CON=1.05 | SPEC_IND=0.98 | SPEC_RET=1.02
Epoch   6/60 | CE: 0.2091 | Con: 1.7079 | Train: 0.947 | Val: 0.974 | LR: 9.76e-04 | 8.7s *BEST*
  Edge scales: CACHE_TE=0.98 | CONTROL_=0.92 | DATA_DEP=0.96 | FENCE_BO=1.04 | MEMORY_O=1.09 | RSB_CHAI=1.03 | SPEC_CON=1.07 | SPEC_IND=1.00 | SPEC_RET=1.05
Epoch   7/60 | CE: 0.2062 | Con: 1.6801 | Train: 0.948 | Val: 0.969 | LR: 9.67e-04 | 8.7s
Epoch   8/60 | CE: 0.1758 | Con: 1.6548 | Train: 0.955 | Val: 0.976 | LR: 9.57e-04 | 8.7s *BEST*
  Edge scales: CACHE_TE=0.98 | CONTROL_=0.90 | DATA_DEP=0.94 | FENCE_BO=1.04 | MEMORY_O=1.12 | RSB_CHAI=1.02 | SPEC_CON=1.10 | SPEC_IND=1.02 | SPEC_RET=1.07
Epoch   9/60 | CE: 0.1585 | Con: 1.6261 | Train: 0.962 | Val: 0.939 | LR: 9.46e-04 | 8.7s
Epoch  10/60 | CE: 0.1353 | Con: 1.6119 | Train: 0.966 | Val: 0.968 | LR: 9.33e-04 | 8.7s
  Edge scales: CACHE_TE=0.96 | CONTROL_=0.89 | DATA_DEP=0.94 | FENCE_BO=1.06 | MEMORY_O=1.13 | RSB_CHAI=1.04 | SPEC_CON=1.12 | SPEC_IND=1.03 | SPEC_RET=1.10
Epoch  11/60 | CE: 0.1448 | Con: 1.6028 | Train: 0.963 | Val: 0.970 | LR: 9.19e-04 | 8.1s
Epoch  12/60 | CE: 0.1316 | Con: 1.5964 | Train: 0.967 | Val: 0.978 | LR: 9.05e-04 | 7.4s *BEST*
  Edge scales: CACHE_TE=0.95 | CONTROL_=0.89 | DATA_DEP=0.96 | FENCE_BO=1.08 | MEMORY_O=1.13 | RSB_CHAI=1.06 | SPEC_CON=1.17 | SPEC_IND=1.05 | SPEC_RET=1.16
Epoch  13/60 | CE: 0.1196 | Con: 1.5769 | Train: 0.967 | Val: 0.979 | LR: 8.89e-04 | 7.4s *BEST*
  Edge scales: CACHE_TE=0.96 | CONTROL_=0.88 | DATA_DEP=0.95 | FENCE_BO=1.09 | MEMORY_O=1.13 | RSB_CHAI=1.07 | SPEC_CON=1.17 | SPEC_IND=1.05 | SPEC_RET=1.17
Epoch  14/60 | CE: 0.1174 | Con: 1.5679 | Train: 0.970 | Val: 0.974 | LR: 8.72e-04 | 7.4s
Epoch  15/60 | CE: 0.0938 | Con: 1.5533 | Train: 0.978 | Val: 0.972 | LR: 8.54e-04 | 7.4s
Epoch  16/60 | CE: 0.0787 | Con: 1.5405 | Train: 0.981 | Val: 0.973 | LR: 8.35e-04 | 8.6s
Epoch  17/60 | CE: 0.0921 | Con: 1.5392 | Train: 0.976 | Val: 0.983 | LR: 8.15e-04 | 8.7s *BEST*
  Edge scales: CACHE_TE=0.97 | CONTROL_=0.86 | DATA_DEP=0.96 | FENCE_BO=1.10 | MEMORY_O=1.16 | RSB_CHAI=1.11 | SPEC_CON=1.19 | SPEC_IND=1.08 | SPEC_RET=1.21
Epoch  18/60 | CE: 0.0940 | Con: 1.5604 | Train: 0.978 | Val: 0.978 | LR: 7.94e-04 | 8.7s
Epoch  19/60 | CE: 0.0902 | Con: 1.5391 | Train: 0.977 | Val: 0.974 | LR: 7.72e-04 | 8.7s
Epoch  20/60 | CE: 0.0803 | Con: 1.5170 | Train: 0.981 | Val: 0.982 | LR: 7.50e-04 | 8.6s
  Edge scales: CACHE_TE=0.95 | CONTROL_=0.85 | DATA_DEP=0.94 | FENCE_BO=1.10 | MEMORY_O=1.18 | RSB_CHAI=1.14 | SPEC_CON=1.21 | SPEC_IND=1.06 | SPEC_RET=1.23
Epoch  21/60 | CE: 0.0806 | Con: 1.5300 | Train: 0.979 | Val: 0.976 | LR: 7.27e-04 | 8.6s
Epoch  22/60 | CE: 0.0739 | Con: 1.5140 | Train: 0.980 | Val: 0.979 | LR: 7.03e-04 | 8.6s
Epoch  23/60 | CE: 0.0628 | Con: 1.5132 | Train: 0.982 | Val: 0.982 | LR: 6.79e-04 | 8.6s
Epoch  24/60 | CE: 0.0591 | Con: 1.5086 | Train: 0.982 | Val: 0.987 | LR: 6.55e-04 | 7.5s *BEST*
  Edge scales: CACHE_TE=0.96 | CONTROL_=0.85 | DATA_DEP=0.94 | FENCE_BO=1.12 | MEMORY_O=1.17 | RSB_CHAI=1.15 | SPEC_CON=1.23 | SPEC_IND=1.06 | SPEC_RET=1.25
Epoch  25/60 | CE: 0.0642 | Con: 1.5130 | Train: 0.984 | Val: 0.983 | LR: 6.29e-04 | 7.7s
Epoch  26/60 | CE: 0.0578 | Con: 1.4916 | Train: 0.984 | Val: 0.982 | LR: 6.04e-04 | 8.5s
Epoch  27/60 | CE: 0.0584 | Con: 1.4880 | Train: 0.985 | Val: 0.983 | LR: 5.78e-04 | 7.8s
Epoch  28/60 | CE: 0.0568 | Con: 1.4892 | Train: 0.985 | Val: 0.983 | LR: 5.52e-04 | 7.2s
Epoch  29/60 | CE: 0.0566 | Con: 1.4971 | Train: 0.984 | Val: 0.982 | LR: 5.26e-04 | 8.0s
Epoch  30/60 | CE: 0.0518 | Con: 1.4926 | Train: 0.985 | Val: 0.981 | LR: 5.00e-04 | 8.5s
  Edge scales: CACHE_TE=0.94 | CONTROL_=0.83 | DATA_DEP=0.93 | FENCE_BO=1.11 | MEMORY_O=1.18 | RSB_CHAI=1.18 | SPEC_CON=1.25 | SPEC_IND=1.09 | SPEC_RET=1.30
Epoch  31/60 | CE: 0.0487 | Con: 1.4946 | Train: 0.987 | Val: 0.978 | LR: 4.74e-04 | 8.5s
Epoch  32/60 | CE: 0.0437 | Con: 1.4956 | Train: 0.988 | Val: 0.976 | LR: 4.48e-04 | 8.5s
Epoch  33/60 | CE: 0.0428 | Con: 1.4878 | Train: 0.988 | Val: 0.976 | LR: 4.22e-04 | 8.5s
Epoch  34/60 | CE: 0.0407 | Con: 1.4804 | Train: 0.987 | Val: 0.976 | LR: 3.96e-04 | 8.5s

Early stop at epoch 34

======================================================================
FINAL EVALUATION
======================================================================
Best model from epoch 24 (val_acc=0.9870)
Test accuracy: 0.9713
Val/Test gap: +1.58pp

Final edge-type scales:
  CACHE_TEMPORAL      : 0.9596  (~1.0)
  CONTROL_FLOW        : 0.8476  (DOWN)
  DATA_DEP            : 0.9447  (DOWN)
  FENCE_BOUNDARY      : 1.1163  (UP)
  MEMORY_ORDER        : 1.1733  (UP)
  RSB_CHAIN           : 1.1542  (UP)
  SPEC_CONDITIONAL    : 1.2266  (UP)
  SPEC_INDIRECT       : 1.0648  (UP)
  SPEC_RETURN         : 1.2522  (UP)

Classification Report:
                          precision    recall  f1-score   support

                  BENIGN       0.99      0.99      0.99      1031
BRANCH_HISTORY_INJECTION       0.80      0.97      0.88        67
               INCEPTION       0.94      0.85      0.89        94
                    L1TF       0.90      0.73      0.81        37
                     MDS       0.96      0.98      0.97        45
                RETBLEED       0.97      1.00      0.99        75
             SPECTRE_RSB       0.50      1.00      0.67         1
              SPECTRE_V1       0.81      1.00      0.89        42
              SPECTRE_V2       0.99      0.92      0.95       154
              SPECTRE_V4       0.99      0.98      0.99       124

                accuracy                           0.97      1670
               macro avg       0.89      0.94      0.90      1670
            weighted avg       0.97      0.97      0.97      1670


Results saved to eval/cluster_out/allhw_s7/gine_metrics.json
Best val accuracy:  98.70%  (epoch 24)
Final test accuracy: 97.13%
results -> /home/s2473583/speculative_execution/eval/cluster_out/allhw_s7
done tag=allhw seed=7 rc=0
