host=saxa.inf.ed.ac.uk job=3668249 tag=allhw seed=1 extra=''
name, memory.total [MiB]
NVIDIA H200, 143771 MiB
Device: cuda

======================================================================
v52_b GINE — group-aware val + stable-hash dataset
======================================================================
Node features: 41  Edge types: 9 (incl. RSB_CHAIN)
Global features: 5  Arch embedding: 8-dim

Loading pre-split train: v54/data/v55h_allhw_train.jsonl
  7115 records
Loading pre-split test: v54/data/v54_test.jsonl
  1670 records

Label distribution:
  BENIGN: 4101
  BRANCH_HISTORY_INJECTION: 305
  INCEPTION: 582
  L1TF: 448
  MDS: 417
  RETBLEED: 451
  SPECTRE_RSB: 460
  SPECTRE_V1: 856
  SPECTRE_V2: 669
  SPECTRE_V4: 496

Classes (10): ['BENIGN', 'BRANCH_HISTORY_INJECTION', 'INCEPTION', 'L1TF', 'MDS', 'RETBLEED', 'SPECTRE_RSB', 'SPECTRE_V1', 'SPECTRE_V2', 'SPECTRE_V4']
  Hard negative: SPECTRE_V1 <-> BRANCH_HISTORY_INJECTION
  Hard negative: INCEPTION <-> BRANCH_HISTORY_INJECTION
  Hard negative: MDS <-> RETBLEED
  Hard negative: INCEPTION <-> RETBLEED
  Hard negative: L1TF <-> SPECTRE_V1
  Hard negative: L1TF <-> SPECTRE_V4
  Hard negative: MDS <-> SPECTRE_V4
  Hard negative: SPECTRE_V1 <-> SPECTRE_V4
  Hard negative: SPECTRE_V2 <-> BRANCH_HISTORY_INJECTION
  Hard negative: SPECTRE_V2 <-> INCEPTION
  Hard negative: RETBLEED <-> INCEPTION
  Hard negative: MDS <-> L1TF
  Hard negative: SPECTRE_V2 <-> RETBLEED
Handcrafted features (inline): 58
  Train-only augmentation (excluded from val): 347 records (fastspec)

Group-aware val split: StratifiedGroupKFold(n_splits=10) → val_frac≈0.125 (target ~0.100, pool=6768 val-eligible records)
  Distinct groups — train: 1125, val: 110, train∩val groups: 0

Pre-split: Train=6268, Val=847, Test=1670
  Val carve-out: stratified_group_kfold_n10
  Early stopping uses VAL accuracy. Test evaluated once at end.

Global feature statistics (train, mean±std):
  nop_frac            : 0.0971 ± 0.1353
  indirect_frac       : 0.0422 ± 0.0613
  ret_frac            : 0.0469 ± 0.0419
  verw_frac           : 0.0005 ± 0.0068
  movntdqa_frac       : 0.0000 ± 0.0000

Creating datasets...
Pre-computing PDGs (strip_boilerplate=True) ...
  Valid samples: 6268/6268
  Boilerplate stripped: 194 (3.1%) samples
  Instructions: 189840 -> 189618 (0.1% reduction)
  Edge type distribution:
    DATA_DEP            :   101590 (27.9%)
    CONTROL_FLOW        :   180808 (49.7%)
    SPEC_CONDITIONAL    :    31767 (8.7%)
    SPEC_INDIRECT       :    11037 (3.0%)
    SPEC_RETURN         :    17760 (4.9%)
    MEMORY_ORDER        :    12124 (3.3%)
    CACHE_TEMPORAL      :     2336 (0.6%)
    FENCE_BOUNDARY      :     3873 (1.1%)
    RSB_CHAIN           :     2546 (0.7%)
Pre-computing PDGs (strip_boilerplate=True) ...
  Valid samples: 847/847
  Boilerplate stripped: 17 (2.0%) samples
  Instructions: 27562 -> 27543 (0.1% reduction)
  Edge type distribution:
    DATA_DEP            :    14835 (29.4%)
    CONTROL_FLOW        :    25972 (51.4%)
    SPEC_CONDITIONAL    :     5868 (11.6%)
    SPEC_INDIRECT       :      764 (1.5%)
    SPEC_RETURN         :     1147 (2.3%)
    MEMORY_ORDER        :     1136 (2.2%)
    CACHE_TEMPORAL      :      328 (0.6%)
    FENCE_BOUNDARY      :      251 (0.5%)
    RSB_CHAIN           :      211 (0.4%)
Pre-computing PDGs (strip_boilerplate=True) ...
  Valid samples: 1670/1670
  Boilerplate stripped: 55 (3.3%) samples
  Instructions: 52718 -> 52636 (0.2% reduction)
  Edge type distribution:
    DATA_DEP            :    23013 (25.2%)
    CONTROL_FLOW        :    48834 (53.4%)
    SPEC_CONDITIONAL    :     8986 (9.8%)
    SPEC_INDIRECT       :     2152 (2.4%)
    SPEC_RETURN         :     4380 (4.8%)
    MEMORY_ORDER        :     1943 (2.1%)
    CACHE_TEMPORAL      :      588 (0.6%)
    FENCE_BOUNDARY      :     1023 (1.1%)
    RSB_CHAIN           :      544 (0.6%)
Node feature mode: hand  node_feat_dim=41

Initializing GINEClassifier v47...
  Total parameters: 618,059
  Edge types: 9 (RSB_CHAIN added)

======================================================================
TRAINING
======================================================================
Epoch   1/60 | CE: 1.1331 | Con: 2.5288 | Train: 0.712 | Val: 0.856 | LR: 9.99e-04 | 14.1s *BEST*
  Edge scales: CACHE_TE=1.00 | CONTROL_=0.98 | DATA_DEP=1.02 | FENCE_BO=1.01 | MEMORY_O=1.01 | RSB_CHAI=0.98 | SPEC_CON=1.01 | SPEC_IND=1.04 | SPEC_RET=1.01
Epoch   2/60 | CE: 0.5042 | Con: 2.0505 | Train: 0.876 | Val: 0.920 | LR: 9.97e-04 | 8.8s *BEST*
  Edge scales: CACHE_TE=1.00 | CONTROL_=0.96 | DATA_DEP=0.99 | FENCE_BO=1.01 | MEMORY_O=1.03 | RSB_CHAI=0.97 | SPEC_CON=1.04 | SPEC_IND=1.04 | SPEC_RET=1.01
Epoch   3/60 | CE: 0.3458 | Con: 1.8963 | Train: 0.921 | Val: 0.955 | LR: 9.94e-04 | 8.7s *BEST*
  Edge scales: CACHE_TE=0.98 | CONTROL_=0.94 | DATA_DEP=0.98 | FENCE_BO=1.03 | MEMORY_O=1.06 | RSB_CHAI=0.97 | SPEC_CON=1.05 | SPEC_IND=1.05 | SPEC_RET=1.02
Epoch   4/60 | CE: 0.2869 | Con: 1.7900 | Train: 0.932 | Val: 0.947 | LR: 9.89e-04 | 8.8s
Epoch   5/60 | CE: 0.2378 | Con: 1.7517 | Train: 0.941 | Val: 0.960 | LR: 9.83e-04 | 8.7s *BEST*
  Edge scales: CACHE_TE=0.98 | CONTROL_=0.89 | DATA_DEP=1.00 | FENCE_BO=1.07 | MEMORY_O=1.10 | RSB_CHAI=1.00 | SPEC_CON=1.09 | SPEC_IND=1.05 | SPEC_RET=1.05
Epoch   6/60 | CE: 0.2107 | Con: 1.6918 | Train: 0.950 | Val: 0.969 | LR: 9.76e-04 | 8.7s *BEST*
  Edge scales: CACHE_TE=0.97 | CONTROL_=0.88 | DATA_DEP=0.99 | FENCE_BO=1.09 | MEMORY_O=1.11 | RSB_CHAI=1.01 | SPEC_CON=1.10 | SPEC_IND=1.07 | SPEC_RET=1.06
Epoch   7/60 | CE: 0.1854 | Con: 1.6584 | Train: 0.958 | Val: 0.967 | LR: 9.67e-04 | 8.7s
Epoch   8/60 | CE: 0.1712 | Con: 1.6539 | Train: 0.958 | Val: 0.970 | LR: 9.57e-04 | 8.7s *BEST*
  Edge scales: CACHE_TE=0.97 | CONTROL_=0.87 | DATA_DEP=0.99 | FENCE_BO=1.10 | MEMORY_O=1.12 | RSB_CHAI=1.02 | SPEC_CON=1.14 | SPEC_IND=1.09 | SPEC_RET=1.07
Epoch   9/60 | CE: 0.1493 | Con: 1.6154 | Train: 0.963 | Val: 0.967 | LR: 9.46e-04 | 8.3s
Epoch  10/60 | CE: 0.1541 | Con: 1.6361 | Train: 0.962 | Val: 0.972 | LR: 9.33e-04 | 8.6s *BEST*
  Edge scales: CACHE_TE=0.96 | CONTROL_=0.84 | DATA_DEP=1.00 | FENCE_BO=1.11 | MEMORY_O=1.12 | RSB_CHAI=1.04 | SPEC_CON=1.17 | SPEC_IND=1.11 | SPEC_RET=1.10
Epoch  11/60 | CE: 0.1323 | Con: 1.5939 | Train: 0.966 | Val: 0.975 | LR: 9.19e-04 | 8.7s *BEST*
  Edge scales: CACHE_TE=0.96 | CONTROL_=0.84 | DATA_DEP=1.01 | FENCE_BO=1.11 | MEMORY_O=1.12 | RSB_CHAI=1.05 | SPEC_CON=1.19 | SPEC_IND=1.13 | SPEC_RET=1.11
Epoch  12/60 | CE: 0.1372 | Con: 1.6002 | Train: 0.969 | Val: 0.968 | LR: 9.05e-04 | 7.4s
Epoch  13/60 | CE: 0.1316 | Con: 1.5695 | Train: 0.967 | Val: 0.978 | LR: 8.89e-04 | 8.6s *BEST*
  Edge scales: CACHE_TE=0.95 | CONTROL_=0.83 | DATA_DEP=1.00 | FENCE_BO=1.11 | MEMORY_O=1.13 | RSB_CHAI=1.07 | SPEC_CON=1.21 | SPEC_IND=1.13 | SPEC_RET=1.16
Epoch  14/60 | CE: 0.1179 | Con: 1.5719 | Train: 0.970 | Val: 0.974 | LR: 8.72e-04 | 8.7s
Epoch  15/60 | CE: 0.1063 | Con: 1.5588 | Train: 0.975 | Val: 0.976 | LR: 8.54e-04 | 8.7s
Epoch  16/60 | CE: 0.1006 | Con: 1.5522 | Train: 0.973 | Val: 0.974 | LR: 8.35e-04 | 8.7s
Epoch  17/60 | CE: 0.0964 | Con: 1.5516 | Train: 0.974 | Val: 0.972 | LR: 8.15e-04 | 8.7s
Epoch  18/60 | CE: 0.0859 | Con: 1.5347 | Train: 0.978 | Val: 0.969 | LR: 7.94e-04 | 8.8s
Epoch  19/60 | CE: 0.0936 | Con: 1.5324 | Train: 0.975 | Val: 0.975 | LR: 7.72e-04 | 8.7s
Epoch  20/60 | CE: 0.0722 | Con: 1.5267 | Train: 0.980 | Val: 0.975 | LR: 7.50e-04 | 8.4s
  Edge scales: CACHE_TE=0.96 | CONTROL_=0.79 | DATA_DEP=1.00 | FENCE_BO=1.13 | MEMORY_O=1.16 | RSB_CHAI=1.07 | SPEC_CON=1.27 | SPEC_IND=1.12 | SPEC_RET=1.22
Epoch  21/60 | CE: 0.0812 | Con: 1.5191 | Train: 0.979 | Val: 0.972 | LR: 7.27e-04 | 7.9s
Epoch  22/60 | CE: 0.0773 | Con: 1.5438 | Train: 0.980 | Val: 0.976 | LR: 7.03e-04 | 7.5s
Epoch  23/60 | CE: 0.0727 | Con: 1.5108 | Train: 0.980 | Val: 0.974 | LR: 6.79e-04 | 8.7s

Early stop at epoch 23

======================================================================
FINAL EVALUATION
======================================================================
Best model from epoch 13 (val_acc=0.9776)
Test accuracy: 0.9641
Val/Test gap: +1.35pp

Final edge-type scales:
  CACHE_TEMPORAL      : 0.9541  (~1.0)
  CONTROL_FLOW        : 0.8330  (DOWN)
  DATA_DEP            : 0.9956  (~1.0)
  FENCE_BOUNDARY      : 1.1100  (UP)
  MEMORY_ORDER        : 1.1267  (UP)
  RSB_CHAIN           : 1.0662  (UP)
  SPEC_CONDITIONAL    : 1.2074  (UP)
  SPEC_INDIRECT       : 1.1289  (UP)
  SPEC_RETURN         : 1.1567  (UP)

Classification Report:
                          precision    recall  f1-score   support

                  BENIGN       0.99      0.99      0.99      1031
BRANCH_HISTORY_INJECTION       0.92      0.90      0.91        67
               INCEPTION       0.89      0.83      0.86        94
                    L1TF       0.80      0.65      0.72        37
                     MDS       0.95      0.93      0.94        45
                RETBLEED       0.89      0.96      0.92        75
             SPECTRE_RSB       0.20      1.00      0.33         1
              SPECTRE_V1       0.82      1.00      0.90        42
              SPECTRE_V2       0.94      0.96      0.95       154
              SPECTRE_V4       1.00      0.99      1.00       124

                accuracy                           0.96      1670
               macro avg       0.84      0.92      0.85      1670
            weighted avg       0.97      0.96      0.96      1670


Results saved to eval/cluster_out/allhw_s1/gine_metrics.json
Best val accuracy:  97.76%  (epoch 13)
Final test accuracy: 96.41%
results -> /home/s2473583/speculative_execution/eval/cluster_out/allhw_s1
done tag=allhw seed=1 rc=0
