host=saxa.inf.ed.ac.uk job=3668194 tag=mds_hw seed=13 extra=''
name, memory.total [MiB]
NVIDIA H200, 143771 MiB
Device: cuda

======================================================================
v52_b GINE — group-aware val + stable-hash dataset
======================================================================
Node features: 41  Edge types: 9 (incl. RSB_CHAIN)
Global features: 5  Arch embedding: 8-dim

Loading pre-split train: v54/data/v55h_mdshw_train.jsonl
  6715 records
Loading pre-split test: v54/data/v54_test.jsonl
  1670 records

Label distribution:
  BENIGN: 3901
  BRANCH_HISTORY_INJECTION: 305
  INCEPTION: 582
  L1TF: 357
  MDS: 417
  RETBLEED: 451
  SPECTRE_RSB: 460
  SPECTRE_V1: 780
  SPECTRE_V2: 669
  SPECTRE_V4: 463

Classes (10): ['BENIGN', 'BRANCH_HISTORY_INJECTION', 'INCEPTION', 'L1TF', 'MDS', 'RETBLEED', 'SPECTRE_RSB', 'SPECTRE_V1', 'SPECTRE_V2', 'SPECTRE_V4']
  Hard negative: SPECTRE_V1 <-> BRANCH_HISTORY_INJECTION
  Hard negative: INCEPTION <-> BRANCH_HISTORY_INJECTION
  Hard negative: MDS <-> RETBLEED
  Hard negative: INCEPTION <-> RETBLEED
  Hard negative: L1TF <-> SPECTRE_V1
  Hard negative: L1TF <-> SPECTRE_V4
  Hard negative: MDS <-> SPECTRE_V4
  Hard negative: SPECTRE_V1 <-> SPECTRE_V4
  Hard negative: SPECTRE_V2 <-> BRANCH_HISTORY_INJECTION
  Hard negative: SPECTRE_V2 <-> INCEPTION
  Hard negative: RETBLEED <-> INCEPTION
  Hard negative: MDS <-> L1TF
  Hard negative: SPECTRE_V2 <-> RETBLEED
Handcrafted features (inline): 58
  Train-only augmentation (excluded from val): 347 records (fastspec)

Group-aware val split: StratifiedGroupKFold(n_splits=10) → val_frac≈0.130 (target ~0.100, pool=6368 val-eligible records)
  Distinct groups — train: 746, val: 89, train∩val groups: 0

Pre-split: Train=5889, Val=826, Test=1670
  Val carve-out: stratified_group_kfold_n10
  Early stopping uses VAL accuracy. Test evaluated once at end.

Global feature statistics (train, mean±std):
  nop_frac            : 0.0990 ± 0.1360
  indirect_frac       : 0.0419 ± 0.0603
  ret_frac            : 0.0475 ± 0.0425
  verw_frac           : 0.0007 ± 0.0086
  movntdqa_frac       : 0.0000 ± 0.0000

Creating datasets...
Pre-computing PDGs (strip_boilerplate=True) ...
  Valid samples: 5889/5889
  Boilerplate stripped: 200 (3.4%) samples
  Instructions: 175594 -> 175366 (0.1% reduction)
  Edge type distribution:
    DATA_DEP            :    89318 (26.8%)
    CONTROL_FLOW        :   166495 (50.0%)
    SPEC_CONDITIONAL    :    31432 (9.4%)
    SPEC_INDIRECT       :    10652 (3.2%)
    SPEC_RETURN         :    17640 (5.3%)
    MEMORY_ORDER        :    10078 (3.0%)
    CACHE_TEMPORAL      :     2358 (0.7%)
    FENCE_BOUNDARY      :     2612 (0.8%)
    RSB_CHAIN           :     2540 (0.8%)
Pre-computing PDGs (strip_boilerplate=True) ...
  Valid samples: 826/826
  Boilerplate stripped: 11 (1.3%) samples
  Instructions: 25515 -> 25502 (0.1% reduction)
  Edge type distribution:
    DATA_DEP            :    13535 (28.0%)
    CONTROL_FLOW        :    24392 (50.5%)
    SPEC_CONDITIONAL    :     6178 (12.8%)
    SPEC_INDIRECT       :     1149 (2.4%)
    SPEC_RETURN         :     1267 (2.6%)
    MEMORY_ORDER        :      994 (2.1%)
    CACHE_TEMPORAL      :      306 (0.6%)
    FENCE_BOUNDARY      :      239 (0.5%)
    RSB_CHAIN           :      217 (0.4%)
Pre-computing PDGs (strip_boilerplate=True) ...
  Valid samples: 1670/1670
  Boilerplate stripped: 55 (3.3%) samples
  Instructions: 52718 -> 52636 (0.2% reduction)
  Edge type distribution:
    DATA_DEP            :    23013 (25.2%)
    CONTROL_FLOW        :    48834 (53.4%)
    SPEC_CONDITIONAL    :     8986 (9.8%)
    SPEC_INDIRECT       :     2152 (2.4%)
    SPEC_RETURN         :     4380 (4.8%)
    MEMORY_ORDER        :     1943 (2.1%)
    CACHE_TEMPORAL      :      588 (0.6%)
    FENCE_BOUNDARY      :     1023 (1.1%)
    RSB_CHAIN           :      544 (0.6%)
Node feature mode: hand  node_feat_dim=41

Initializing GINEClassifier v47...
  Total parameters: 618,059
  Edge types: 9 (RSB_CHAIN added)

======================================================================
TRAINING
======================================================================
Epoch   1/60 | CE: 1.0993 | Con: 2.4881 | Train: 0.718 | Val: 0.870 | LR: 9.99e-04 | 19.0s *BEST*
  Edge scales: CACHE_TE=1.00 | CONTROL_=0.98 | DATA_DEP=1.00 | FENCE_BO=1.01 | MEMORY_O=1.01 | RSB_CHAI=1.02 | SPEC_CON=1.02 | SPEC_IND=1.00 | SPEC_RET=1.02
Epoch   2/60 | CE: 0.4795 | Con: 1.9747 | Train: 0.879 | Val: 0.908 | LR: 9.97e-04 | 6.9s *BEST*
  Edge scales: CACHE_TE=1.00 | CONTROL_=0.95 | DATA_DEP=1.00 | FENCE_BO=1.03 | MEMORY_O=1.01 | RSB_CHAI=1.05 | SPEC_CON=1.03 | SPEC_IND=1.00 | SPEC_RET=1.04
Epoch   3/60 | CE: 0.3462 | Con: 1.8471 | Train: 0.918 | Val: 0.932 | LR: 9.94e-04 | 6.9s *BEST*
  Edge scales: CACHE_TE=1.00 | CONTROL_=0.93 | DATA_DEP=0.99 | FENCE_BO=1.04 | MEMORY_O=1.02 | RSB_CHAI=1.06 | SPEC_CON=1.05 | SPEC_IND=1.00 | SPEC_RET=1.04
Epoch   4/60 | CE: 0.2748 | Con: 1.7390 | Train: 0.934 | Val: 0.912 | LR: 9.89e-04 | 7.0s
Epoch   5/60 | CE: 0.2174 | Con: 1.6863 | Train: 0.949 | Val: 0.920 | LR: 9.83e-04 | 6.9s
Epoch   6/60 | CE: 0.1899 | Con: 1.6412 | Train: 0.952 | Val: 0.930 | LR: 9.76e-04 | 6.9s
Epoch   7/60 | CE: 0.1711 | Con: 1.6314 | Train: 0.956 | Val: 0.943 | LR: 9.67e-04 | 6.9s *BEST*
  Edge scales: CACHE_TE=1.00 | CONTROL_=0.84 | DATA_DEP=0.96 | FENCE_BO=1.08 | MEMORY_O=1.03 | RSB_CHAI=1.09 | SPEC_CON=1.06 | SPEC_IND=1.03 | SPEC_RET=1.15
Epoch   8/60 | CE: 0.1597 | Con: 1.6009 | Train: 0.961 | Val: 0.949 | LR: 9.57e-04 | 7.2s *BEST*
  Edge scales: CACHE_TE=0.99 | CONTROL_=0.83 | DATA_DEP=0.95 | FENCE_BO=1.10 | MEMORY_O=1.04 | RSB_CHAI=1.08 | SPEC_CON=1.08 | SPEC_IND=1.03 | SPEC_RET=1.17
Epoch   9/60 | CE: 0.1455 | Con: 1.5734 | Train: 0.965 | Val: 0.953 | LR: 9.46e-04 | 7.2s *BEST*
  Edge scales: CACHE_TE=0.99 | CONTROL_=0.81 | DATA_DEP=0.94 | FENCE_BO=1.11 | MEMORY_O=1.04 | RSB_CHAI=1.07 | SPEC_CON=1.09 | SPEC_IND=1.03 | SPEC_RET=1.19
Epoch  10/60 | CE: 0.1321 | Con: 1.5810 | Train: 0.965 | Val: 0.972 | LR: 9.33e-04 | 6.9s *BEST*
  Edge scales: CACHE_TE=0.99 | CONTROL_=0.80 | DATA_DEP=0.93 | FENCE_BO=1.11 | MEMORY_O=1.04 | RSB_CHAI=1.07 | SPEC_CON=1.11 | SPEC_IND=1.03 | SPEC_RET=1.21
Epoch  11/60 | CE: 0.1258 | Con: 1.5307 | Train: 0.969 | Val: 0.970 | LR: 9.19e-04 | 6.9s
Epoch  12/60 | CE: 0.1183 | Con: 1.5689 | Train: 0.971 | Val: 0.972 | LR: 9.05e-04 | 6.9s
Epoch  13/60 | CE: 0.1066 | Con: 1.5444 | Train: 0.973 | Val: 0.969 | LR: 8.89e-04 | 6.9s
Epoch  14/60 | CE: 0.1028 | Con: 1.5369 | Train: 0.974 | Val: 0.964 | LR: 8.72e-04 | 6.9s
Epoch  15/60 | CE: 0.0979 | Con: 1.5381 | Train: 0.975 | Val: 0.972 | LR: 8.54e-04 | 6.9s
Epoch  16/60 | CE: 0.0910 | Con: 1.5218 | Train: 0.977 | Val: 0.955 | LR: 8.35e-04 | 6.9s
Epoch  17/60 | CE: 0.0845 | Con: 1.5149 | Train: 0.979 | Val: 0.982 | LR: 8.15e-04 | 6.9s *BEST*
  Edge scales: CACHE_TE=0.98 | CONTROL_=0.73 | DATA_DEP=0.94 | FENCE_BO=1.16 | MEMORY_O=1.07 | RSB_CHAI=1.07 | SPEC_CON=1.15 | SPEC_IND=1.05 | SPEC_RET=1.29
Epoch  18/60 | CE: 0.0732 | Con: 1.4896 | Train: 0.983 | Val: 0.984 | LR: 7.94e-04 | 6.9s *BEST*
  Edge scales: CACHE_TE=0.96 | CONTROL_=0.72 | DATA_DEP=0.93 | FENCE_BO=1.16 | MEMORY_O=1.07 | RSB_CHAI=1.07 | SPEC_CON=1.15 | SPEC_IND=1.05 | SPEC_RET=1.31
Epoch  19/60 | CE: 0.0704 | Con: 1.4949 | Train: 0.981 | Val: 0.979 | LR: 7.72e-04 | 6.9s
Epoch  20/60 | CE: 0.0772 | Con: 1.5061 | Train: 0.982 | Val: 0.972 | LR: 7.50e-04 | 6.9s
  Edge scales: CACHE_TE=0.94 | CONTROL_=0.69 | DATA_DEP=0.93 | FENCE_BO=1.17 | MEMORY_O=1.07 | RSB_CHAI=1.08 | SPEC_CON=1.15 | SPEC_IND=1.07 | SPEC_RET=1.32
Epoch  21/60 | CE: 0.0627 | Con: 1.4763 | Train: 0.983 | Val: 0.973 | LR: 7.27e-04 | 6.9s
Epoch  22/60 | CE: 0.0622 | Con: 1.4739 | Train: 0.984 | Val: 0.981 | LR: 7.03e-04 | 6.9s
Epoch  23/60 | CE: 0.0636 | Con: 1.4909 | Train: 0.983 | Val: 0.972 | LR: 6.79e-04 | 6.9s
Epoch  24/60 | CE: 0.0627 | Con: 1.4988 | Train: 0.983 | Val: 0.976 | LR: 6.55e-04 | 6.9s
Epoch  25/60 | CE: 0.0512 | Con: 1.4792 | Train: 0.987 | Val: 0.976 | LR: 6.29e-04 | 7.0s
Epoch  26/60 | CE: 0.0622 | Con: 1.4866 | Train: 0.985 | Val: 0.979 | LR: 6.04e-04 | 6.9s
Epoch  27/60 | CE: 0.0496 | Con: 1.4806 | Train: 0.985 | Val: 0.979 | LR: 5.78e-04 | 6.9s
Epoch  28/60 | CE: 0.0456 | Con: 1.4687 | Train: 0.988 | Val: 0.970 | LR: 5.52e-04 | 8.1s

Early stop at epoch 28

======================================================================
FINAL EVALUATION
======================================================================
Best model from epoch 18 (val_acc=0.9843)
Test accuracy: 0.9431
Val/Test gap: +4.11pp

Final edge-type scales:
  CACHE_TEMPORAL      : 0.9598  (~1.0)
  CONTROL_FLOW        : 0.7234  (DOWN)
  DATA_DEP            : 0.9332  (DOWN)
  FENCE_BOUNDARY      : 1.1624  (UP)
  MEMORY_ORDER        : 1.0748  (UP)
  RSB_CHAIN           : 1.0744  (UP)
  SPEC_CONDITIONAL    : 1.1510  (UP)
  SPEC_INDIRECT       : 1.0513  (UP)
  SPEC_RETURN         : 1.3076  (UP)

Classification Report:
                          precision    recall  f1-score   support

                  BENIGN       0.99      0.99      0.99      1031
BRANCH_HISTORY_INJECTION       0.59      0.90      0.71        67
               INCEPTION       0.82      0.85      0.84        94
                    L1TF       0.90      0.76      0.82        37
                     MDS       0.92      1.00      0.96        45
                RETBLEED       0.99      0.99      0.99        75
             SPECTRE_RSB       0.20      1.00      0.33         1
              SPECTRE_V1       0.81      1.00      0.89        42
              SPECTRE_V2       0.92      0.66      0.77       154
              SPECTRE_V4       1.00      0.98      0.99       124

                accuracy                           0.94      1670
               macro avg       0.81      0.91      0.83      1670
            weighted avg       0.95      0.94      0.94      1670


Results saved to eval/cluster_out/mds_hw_s13/gine_metrics.json
Best val accuracy:  98.43%  (epoch 18)
Final test accuracy: 94.31%
results -> /home/s2473583/speculative_execution/eval/cluster_out/mds_hw_s13
done tag=mds_hw seed=13 rc=0
