host=saxa.inf.ed.ac.uk job=3668210 tag=w3_embed_on seed=42 extra=''
name, memory.total [MiB]
NVIDIA H200, 143771 MiB
Device: cuda

======================================================================
v52_b GINE — group-aware val + stable-hash dataset
======================================================================
Node features: 41  Edge types: 9 (incl. RSB_CHAIN)
Global features: 5  Arch embedding: 8-dim

Loading pre-split train: v54/data/v55h_train.jsonl
  6615 records
Loading pre-split test: v54/data/v54_test.jsonl
  1670 records

Label distribution:
  BENIGN: 3851
  BRANCH_HISTORY_INJECTION: 305
  INCEPTION: 582
  L1TF: 357
  MDS: 367
  RETBLEED: 451
  SPECTRE_RSB: 460
  SPECTRE_V1: 780
  SPECTRE_V2: 669
  SPECTRE_V4: 463

Classes (10): ['BENIGN', 'BRANCH_HISTORY_INJECTION', 'INCEPTION', 'L1TF', 'MDS', 'RETBLEED', 'SPECTRE_RSB', 'SPECTRE_V1', 'SPECTRE_V2', 'SPECTRE_V4']
  Hard negative: SPECTRE_V1 <-> BRANCH_HISTORY_INJECTION
  Hard negative: INCEPTION <-> BRANCH_HISTORY_INJECTION
  Hard negative: MDS <-> RETBLEED
  Hard negative: INCEPTION <-> RETBLEED
  Hard negative: L1TF <-> SPECTRE_V1
  Hard negative: L1TF <-> SPECTRE_V4
  Hard negative: MDS <-> SPECTRE_V4
  Hard negative: SPECTRE_V1 <-> SPECTRE_V4
  Hard negative: SPECTRE_V2 <-> BRANCH_HISTORY_INJECTION
  Hard negative: SPECTRE_V2 <-> INCEPTION
  Hard negative: RETBLEED <-> INCEPTION
  Hard negative: MDS <-> L1TF
  Hard negative: SPECTRE_V2 <-> RETBLEED
Handcrafted features (inline): 58
  Train-only augmentation (excluded from val): 347 records (fastspec)

Group-aware val split: StratifiedGroupKFold(n_splits=10) → val_frac≈0.131 (target ~0.100, pool=6268 val-eligible records)
  Distinct groups — train: 651, val: 84, train∩val groups: 0

Pre-split: Train=5794, Val=821, Test=1670
  Val carve-out: stratified_group_kfold_n10
  Early stopping uses VAL accuracy. Test evaluated once at end.

Global feature statistics (train, mean±std):
  nop_frac            : 0.1018 ± 0.1391
  indirect_frac       : 0.0421 ± 0.0605
  ret_frac            : 0.0473 ± 0.0421
  verw_frac           : 0.0007 ± 0.0088
  movntdqa_frac       : 0.0000 ± 0.0000

Creating datasets...
Pre-computing PDGs (strip_boilerplate=True) ...
  Valid samples: 5794/5794
  Boilerplate stripped: 200 (3.5%) samples
  Instructions: 171858 -> 171630 (0.1% reduction)
  Edge type distribution:
    DATA_DEP            :    86906 (26.6%)
    CONTROL_FLOW        :   163368 (49.9%)
    SPEC_CONDITIONAL    :    31947 (9.8%)
    SPEC_INDIRECT       :    10328 (3.2%)
    SPEC_RETURN         :    17757 (5.4%)
    MEMORY_ORDER        :     9924 (3.0%)
    CACHE_TEMPORAL      :     2457 (0.8%)
    FENCE_BOUNDARY      :     2022 (0.6%)
    RSB_CHAIN           :     2545 (0.8%)
Pre-computing PDGs (strip_boilerplate=True) ...
  Valid samples: 821/821
  Boilerplate stripped: 11 (1.3%) samples
  Instructions: 24996 -> 24983 (0.1% reduction)
  Edge type distribution:
    DATA_DEP            :    12627 (27.6%)
    CONTROL_FLOW        :    23364 (51.1%)
    SPEC_CONDITIONAL    :     5663 (12.4%)
    SPEC_INDIRECT       :     1473 (3.2%)
    SPEC_RETURN         :     1150 (2.5%)
    MEMORY_ORDER        :      798 (1.7%)
    CACHE_TEMPORAL      :      207 (0.5%)
    FENCE_BOUNDARY      :      252 (0.6%)
    RSB_CHAIN           :      212 (0.5%)
Pre-computing PDGs (strip_boilerplate=True) ...
  Valid samples: 1670/1670
  Boilerplate stripped: 55 (3.3%) samples
  Instructions: 52718 -> 52636 (0.2% reduction)
  Edge type distribution:
    DATA_DEP            :    23013 (25.2%)
    CONTROL_FLOW        :    48834 (53.4%)
    SPEC_CONDITIONAL    :     8986 (9.8%)
    SPEC_INDIRECT       :     2152 (2.4%)
    SPEC_RETURN         :     4380 (4.8%)
    MEMORY_ORDER        :     1943 (2.1%)
    CACHE_TEMPORAL      :      588 (0.6%)
    FENCE_BOUNDARY      :     1023 (1.1%)
    RSB_CHAIN           :      544 (0.6%)
Node feature mode: hand  node_feat_dim=41

Initializing GINEClassifier v47...
  Total parameters: 618,059
  Edge types: 9 (RSB_CHAIN added)

======================================================================
TRAINING
======================================================================
Epoch   1/60 | CE: 1.1520 | Con: 2.4444 | Train: 0.711 | Val: 0.911 | LR: 9.99e-04 | 7.1s *BEST*
  Edge scales: CACHE_TE=1.01 | CONTROL_=0.97 | DATA_DEP=0.98 | FENCE_BO=0.99 | MEMORY_O=1.01 | RSB_CHAI=1.02 | SPEC_CON=1.01 | SPEC_IND=1.03 | SPEC_RET=1.02
Epoch   2/60 | CE: 0.4964 | Con: 1.9681 | Train: 0.882 | Val: 0.940 | LR: 9.97e-04 | 6.7s *BEST*
  Edge scales: CACHE_TE=0.99 | CONTROL_=0.97 | DATA_DEP=0.98 | FENCE_BO=0.98 | MEMORY_O=1.03 | RSB_CHAI=1.03 | SPEC_CON=1.01 | SPEC_IND=1.04 | SPEC_RET=1.03
Epoch   3/60 | CE: 0.3589 | Con: 1.8327 | Train: 0.914 | Val: 0.942 | LR: 9.94e-04 | 6.6s *BEST*
  Edge scales: CACHE_TE=0.97 | CONTROL_=0.96 | DATA_DEP=0.96 | FENCE_BO=0.97 | MEMORY_O=1.02 | RSB_CHAI=1.04 | SPEC_CON=1.01 | SPEC_IND=1.05 | SPEC_RET=1.04
Epoch   4/60 | CE: 0.2858 | Con: 1.7391 | Train: 0.927 | Val: 0.922 | LR: 9.89e-04 | 6.7s
Epoch   5/60 | CE: 0.2695 | Con: 1.7040 | Train: 0.940 | Val: 0.946 | LR: 9.83e-04 | 6.7s *BEST*
  Edge scales: CACHE_TE=0.96 | CONTROL_=0.94 | DATA_DEP=0.95 | FENCE_BO=0.97 | MEMORY_O=1.03 | RSB_CHAI=1.06 | SPEC_CON=1.04 | SPEC_IND=1.06 | SPEC_RET=1.07
Epoch   6/60 | CE: 0.2087 | Con: 1.6514 | Train: 0.952 | Val: 0.957 | LR: 9.76e-04 | 6.6s *BEST*
  Edge scales: CACHE_TE=0.96 | CONTROL_=0.94 | DATA_DEP=0.98 | FENCE_BO=0.97 | MEMORY_O=1.04 | RSB_CHAI=1.07 | SPEC_CON=1.05 | SPEC_IND=1.07 | SPEC_RET=1.08
Epoch   7/60 | CE: 0.2208 | Con: 1.6123 | Train: 0.958 | Val: 0.979 | LR: 9.67e-04 | 6.6s *BEST*
  Edge scales: CACHE_TE=0.96 | CONTROL_=0.93 | DATA_DEP=0.97 | FENCE_BO=0.97 | MEMORY_O=1.05 | RSB_CHAI=1.07 | SPEC_CON=1.04 | SPEC_IND=1.06 | SPEC_RET=1.10
Epoch   8/60 | CE: 0.1676 | Con: 1.5915 | Train: 0.960 | Val: 0.965 | LR: 9.57e-04 | 6.6s
Epoch   9/60 | CE: 0.1564 | Con: 1.5812 | Train: 0.963 | Val: 0.970 | LR: 9.46e-04 | 6.6s
Epoch  10/60 | CE: 0.1450 | Con: 1.5674 | Train: 0.964 | Val: 0.966 | LR: 9.33e-04 | 6.6s
  Edge scales: CACHE_TE=0.98 | CONTROL_=0.93 | DATA_DEP=0.96 | FENCE_BO=0.96 | MEMORY_O=1.05 | RSB_CHAI=1.09 | SPEC_CON=1.06 | SPEC_IND=1.07 | SPEC_RET=1.15
Epoch  11/60 | CE: 0.1216 | Con: 1.5546 | Train: 0.974 | Val: 0.951 | LR: 9.19e-04 | 6.6s
Epoch  12/60 | CE: 0.1247 | Con: 1.5458 | Train: 0.970 | Val: 0.972 | LR: 9.05e-04 | 6.6s
Epoch  13/60 | CE: 0.1461 | Con: 1.5159 | Train: 0.973 | Val: 0.967 | LR: 8.89e-04 | 6.6s
Epoch  14/60 | CE: 0.1048 | Con: 1.5289 | Train: 0.978 | Val: 0.977 | LR: 8.72e-04 | 6.6s
Epoch  15/60 | CE: 0.0919 | Con: 1.5109 | Train: 0.976 | Val: 0.976 | LR: 8.54e-04 | 7.3s
Epoch  16/60 | CE: 0.1183 | Con: 1.5160 | Train: 0.976 | Val: 0.974 | LR: 8.35e-04 | 7.8s
Epoch  17/60 | CE: 0.0826 | Con: 1.4983 | Train: 0.980 | Val: 0.968 | LR: 8.15e-04 | 7.8s

Early stop at epoch 17

======================================================================
FINAL EVALUATION
======================================================================
Best model from epoch 7 (val_acc=0.9793)
Test accuracy: 0.9623
Val/Test gap: +1.70pp

Final edge-type scales:
  CACHE_TEMPORAL      : 0.9633  (~1.0)
  CONTROL_FLOW        : 0.9346  (DOWN)
  DATA_DEP            : 0.9691  (~1.0)
  FENCE_BOUNDARY      : 0.9743  (~1.0)
  MEMORY_ORDER        : 1.0538  (UP)
  RSB_CHAIN           : 1.0671  (UP)
  SPEC_CONDITIONAL    : 1.0388  (~1.0)
  SPEC_INDIRECT       : 1.0628  (UP)
  SPEC_RETURN         : 1.1017  (UP)

Classification Report:
                          precision    recall  f1-score   support

                  BENIGN       0.99      1.00      0.99      1031
BRANCH_HISTORY_INJECTION       0.73      0.91      0.81        67
               INCEPTION       1.00      0.77      0.87        94
                    L1TF       0.90      0.76      0.82        37
                     MDS       0.94      1.00      0.97        45
                RETBLEED       0.97      1.00      0.99        75
             SPECTRE_RSB       0.17      1.00      0.29         1
              SPECTRE_V1       0.82      1.00      0.90        42
              SPECTRE_V2       0.94      0.86      0.90       154
              SPECTRE_V4       1.00      0.99      1.00       124

                accuracy                           0.96      1670
               macro avg       0.85      0.93      0.85      1670
            weighted avg       0.97      0.96      0.96      1670


Results saved to eval/cluster_out/w3_embed_on_s42/gine_metrics.json
Best val accuracy:  97.93%  (epoch 7)
Final test accuracy: 96.23%
results -> /home/s2473583/speculative_execution/eval/cluster_out/w3_embed_on_s42
done tag=w3_embed_on seed=42 rc=0
