host=saxa.inf.ed.ac.uk job=3668206 tag=mds_hw seed=42 extra=''
name, memory.total [MiB]
NVIDIA H200, 143771 MiB
Device: cuda

======================================================================
v52_b GINE — group-aware val + stable-hash dataset
======================================================================
Node features: 41  Edge types: 9 (incl. RSB_CHAIN)
Global features: 5  Arch embedding: 8-dim

Loading pre-split train: v54/data/v55h_mdshw_train.jsonl
  6715 records
Loading pre-split test: v54/data/v54_test.jsonl
  1670 records

Label distribution:
  BENIGN: 3901
  BRANCH_HISTORY_INJECTION: 305
  INCEPTION: 582
  L1TF: 357
  MDS: 417
  RETBLEED: 451
  SPECTRE_RSB: 460
  SPECTRE_V1: 780
  SPECTRE_V2: 669
  SPECTRE_V4: 463

Classes (10): ['BENIGN', 'BRANCH_HISTORY_INJECTION', 'INCEPTION', 'L1TF', 'MDS', 'RETBLEED', 'SPECTRE_RSB', 'SPECTRE_V1', 'SPECTRE_V2', 'SPECTRE_V4']
  Hard negative: SPECTRE_V1 <-> BRANCH_HISTORY_INJECTION
  Hard negative: INCEPTION <-> BRANCH_HISTORY_INJECTION
  Hard negative: MDS <-> RETBLEED
  Hard negative: INCEPTION <-> RETBLEED
  Hard negative: L1TF <-> SPECTRE_V1
  Hard negative: L1TF <-> SPECTRE_V4
  Hard negative: MDS <-> SPECTRE_V4
  Hard negative: SPECTRE_V1 <-> SPECTRE_V4
  Hard negative: SPECTRE_V2 <-> BRANCH_HISTORY_INJECTION
  Hard negative: SPECTRE_V2 <-> INCEPTION
  Hard negative: RETBLEED <-> INCEPTION
  Hard negative: MDS <-> L1TF
  Hard negative: SPECTRE_V2 <-> RETBLEED
Handcrafted features (inline): 58
  Train-only augmentation (excluded from val): 347 records (fastspec)

Group-aware val split: StratifiedGroupKFold(n_splits=10) → val_frac≈0.130 (target ~0.100, pool=6368 val-eligible records)
  Distinct groups — train: 746, val: 89, train∩val groups: 0

Pre-split: Train=5889, Val=826, Test=1670
  Val carve-out: stratified_group_kfold_n10
  Early stopping uses VAL accuracy. Test evaluated once at end.

Global feature statistics (train, mean±std):
  nop_frac            : 0.0990 ± 0.1360
  indirect_frac       : 0.0419 ± 0.0603
  ret_frac            : 0.0475 ± 0.0425
  verw_frac           : 0.0007 ± 0.0086
  movntdqa_frac       : 0.0000 ± 0.0000

Creating datasets...
Pre-computing PDGs (strip_boilerplate=True) ...
  Valid samples: 5889/5889
  Boilerplate stripped: 200 (3.4%) samples
  Instructions: 175594 -> 175366 (0.1% reduction)
  Edge type distribution:
    DATA_DEP            :    89318 (26.8%)
    CONTROL_FLOW        :   166495 (50.0%)
    SPEC_CONDITIONAL    :    31432 (9.4%)
    SPEC_INDIRECT       :    10652 (3.2%)
    SPEC_RETURN         :    17640 (5.3%)
    MEMORY_ORDER        :    10078 (3.0%)
    CACHE_TEMPORAL      :     2358 (0.7%)
    FENCE_BOUNDARY      :     2612 (0.8%)
    RSB_CHAIN           :     2540 (0.8%)
Pre-computing PDGs (strip_boilerplate=True) ...
  Valid samples: 826/826
  Boilerplate stripped: 11 (1.3%) samples
  Instructions: 25515 -> 25502 (0.1% reduction)
  Edge type distribution:
    DATA_DEP            :    13535 (28.0%)
    CONTROL_FLOW        :    24392 (50.5%)
    SPEC_CONDITIONAL    :     6178 (12.8%)
    SPEC_INDIRECT       :     1149 (2.4%)
    SPEC_RETURN         :     1267 (2.6%)
    MEMORY_ORDER        :      994 (2.1%)
    CACHE_TEMPORAL      :      306 (0.6%)
    FENCE_BOUNDARY      :      239 (0.5%)
    RSB_CHAIN           :      217 (0.4%)
Pre-computing PDGs (strip_boilerplate=True) ...
  Valid samples: 1670/1670
  Boilerplate stripped: 55 (3.3%) samples
  Instructions: 52718 -> 52636 (0.2% reduction)
  Edge type distribution:
    DATA_DEP            :    23013 (25.2%)
    CONTROL_FLOW        :    48834 (53.4%)
    SPEC_CONDITIONAL    :     8986 (9.8%)
    SPEC_INDIRECT       :     2152 (2.4%)
    SPEC_RETURN         :     4380 (4.8%)
    MEMORY_ORDER        :     1943 (2.1%)
    CACHE_TEMPORAL      :      588 (0.6%)
    FENCE_BOUNDARY      :     1023 (1.1%)
    RSB_CHAIN           :      544 (0.6%)
Node feature mode: hand  node_feat_dim=41

Initializing GINEClassifier v47...
  Total parameters: 618,059
  Edge types: 9 (RSB_CHAIN added)

======================================================================
TRAINING
======================================================================
Epoch   1/60 | CE: 1.1060 | Con: 2.4394 | Train: 0.719 | Val: 0.828 | LR: 9.99e-04 | 8.5s *BEST*
  Edge scales: CACHE_TE=1.01 | CONTROL_=0.99 | DATA_DEP=1.00 | FENCE_BO=1.01 | MEMORY_O=1.00 | RSB_CHAI=1.00 | SPEC_CON=1.01 | SPEC_IND=1.03 | SPEC_RET=1.03
Epoch   2/60 | CE: 0.4872 | Con: 1.9763 | Train: 0.881 | Val: 0.916 | LR: 9.97e-04 | 8.1s *BEST*
  Edge scales: CACHE_TE=1.00 | CONTROL_=0.96 | DATA_DEP=1.00 | FENCE_BO=0.99 | MEMORY_O=1.00 | RSB_CHAI=0.99 | SPEC_CON=1.01 | SPEC_IND=1.05 | SPEC_RET=1.06
Epoch   3/60 | CE: 0.3531 | Con: 1.8514 | Train: 0.914 | Val: 0.916 | LR: 9.94e-04 | 8.1s
Epoch   4/60 | CE: 0.2915 | Con: 1.7802 | Train: 0.928 | Val: 0.936 | LR: 9.89e-04 | 8.1s *BEST*
  Edge scales: CACHE_TE=0.99 | CONTROL_=0.92 | DATA_DEP=0.99 | FENCE_BO=1.00 | MEMORY_O=1.04 | RSB_CHAI=1.00 | SPEC_CON=1.03 | SPEC_IND=1.08 | SPEC_RET=1.10
Epoch   5/60 | CE: 0.2414 | Con: 1.7226 | Train: 0.941 | Val: 0.936 | LR: 9.83e-04 | 8.3s
Epoch   6/60 | CE: 0.2208 | Con: 1.6863 | Train: 0.948 | Val: 0.933 | LR: 9.76e-04 | 8.2s
Epoch   7/60 | CE: 0.1956 | Con: 1.6596 | Train: 0.952 | Val: 0.941 | LR: 9.67e-04 | 8.2s *BEST*
  Edge scales: CACHE_TE=1.03 | CONTROL_=0.88 | DATA_DEP=0.97 | FENCE_BO=1.01 | MEMORY_O=1.07 | RSB_CHAI=1.01 | SPEC_CON=1.07 | SPEC_IND=1.10 | SPEC_RET=1.13
Epoch   8/60 | CE: 0.1789 | Con: 1.6238 | Train: 0.955 | Val: 0.962 | LR: 9.57e-04 | 8.1s *BEST*
  Edge scales: CACHE_TE=1.04 | CONTROL_=0.88 | DATA_DEP=0.97 | FENCE_BO=1.03 | MEMORY_O=1.07 | RSB_CHAI=1.00 | SPEC_CON=1.08 | SPEC_IND=1.10 | SPEC_RET=1.13
Epoch   9/60 | CE: 0.1518 | Con: 1.5899 | Train: 0.966 | Val: 0.958 | LR: 9.46e-04 | 8.1s
Epoch  10/60 | CE: 0.1514 | Con: 1.6098 | Train: 0.965 | Val: 0.969 | LR: 9.33e-04 | 8.1s *BEST*
  Edge scales: CACHE_TE=1.04 | CONTROL_=0.86 | DATA_DEP=0.97 | FENCE_BO=1.04 | MEMORY_O=1.09 | RSB_CHAI=0.99 | SPEC_CON=1.09 | SPEC_IND=1.11 | SPEC_RET=1.15
Epoch  11/60 | CE: 0.1288 | Con: 1.5719 | Train: 0.971 | Val: 0.959 | LR: 9.19e-04 | 8.1s
Epoch  12/60 | CE: 0.1310 | Con: 1.5728 | Train: 0.968 | Val: 0.959 | LR: 9.05e-04 | 8.1s
Epoch  13/60 | CE: 0.1157 | Con: 1.5698 | Train: 0.972 | Val: 0.961 | LR: 8.89e-04 | 8.1s
Epoch  14/60 | CE: 0.1067 | Con: 1.5397 | Train: 0.972 | Val: 0.970 | LR: 8.72e-04 | 8.1s *BEST*
  Edge scales: CACHE_TE=1.01 | CONTROL_=0.82 | DATA_DEP=0.97 | FENCE_BO=1.07 | MEMORY_O=1.10 | RSB_CHAI=1.00 | SPEC_CON=1.11 | SPEC_IND=1.10 | SPEC_RET=1.18
Epoch  15/60 | CE: 0.1017 | Con: 1.5492 | Train: 0.974 | Val: 0.967 | LR: 8.54e-04 | 8.2s
Epoch  16/60 | CE: 0.0920 | Con: 1.5129 | Train: 0.975 | Val: 0.971 | LR: 8.35e-04 | 8.1s *BEST*
  Edge scales: CACHE_TE=1.01 | CONTROL_=0.81 | DATA_DEP=0.98 | FENCE_BO=1.07 | MEMORY_O=1.10 | RSB_CHAI=1.01 | SPEC_CON=1.13 | SPEC_IND=1.10 | SPEC_RET=1.18
Epoch  17/60 | CE: 0.0948 | Con: 1.5282 | Train: 0.978 | Val: 0.973 | LR: 8.15e-04 | 8.1s *BEST*
  Edge scales: CACHE_TE=1.01 | CONTROL_=0.80 | DATA_DEP=0.97 | FENCE_BO=1.07 | MEMORY_O=1.09 | RSB_CHAI=1.01 | SPEC_CON=1.13 | SPEC_IND=1.11 | SPEC_RET=1.19
Epoch  18/60 | CE: 0.0778 | Con: 1.5084 | Train: 0.981 | Val: 0.964 | LR: 7.94e-04 | 8.1s
Epoch  19/60 | CE: 0.0807 | Con: 1.5172 | Train: 0.981 | Val: 0.961 | LR: 7.72e-04 | 7.5s
Epoch  20/60 | CE: 0.0689 | Con: 1.4992 | Train: 0.981 | Val: 0.964 | LR: 7.50e-04 | 8.1s
  Edge scales: CACHE_TE=1.00 | CONTROL_=0.79 | DATA_DEP=0.96 | FENCE_BO=1.07 | MEMORY_O=1.11 | RSB_CHAI=1.00 | SPEC_CON=1.14 | SPEC_IND=1.12 | SPEC_RET=1.21
Epoch  21/60 | CE: 0.0751 | Con: 1.4965 | Train: 0.981 | Val: 0.964 | LR: 7.27e-04 | 7.7s
Epoch  22/60 | CE: 0.0666 | Con: 1.4972 | Train: 0.983 | Val: 0.969 | LR: 7.03e-04 | 6.9s
Epoch  23/60 | CE: 0.0602 | Con: 1.4988 | Train: 0.985 | Val: 0.978 | LR: 6.79e-04 | 7.8s *BEST*
  Edge scales: CACHE_TE=1.00 | CONTROL_=0.79 | DATA_DEP=0.95 | FENCE_BO=1.06 | MEMORY_O=1.11 | RSB_CHAI=0.98 | SPEC_CON=1.16 | SPEC_IND=1.12 | SPEC_RET=1.23
Epoch  24/60 | CE: 0.0662 | Con: 1.4874 | Train: 0.984 | Val: 0.967 | LR: 6.55e-04 | 8.1s
Epoch  25/60 | CE: 0.0530 | Con: 1.4742 | Train: 0.986 | Val: 0.970 | LR: 6.29e-04 | 8.1s
Epoch  26/60 | CE: 0.0569 | Con: 1.4819 | Train: 0.985 | Val: 0.962 | LR: 6.04e-04 | 8.1s
Epoch  27/60 | CE: 0.0510 | Con: 1.4696 | Train: 0.987 | Val: 0.971 | LR: 5.78e-04 | 8.1s
Epoch  28/60 | CE: 0.0520 | Con: 1.4916 | Train: 0.988 | Val: 0.967 | LR: 5.52e-04 | 8.1s
Epoch  29/60 | CE: 0.0518 | Con: 1.4684 | Train: 0.988 | Val: 0.972 | LR: 5.26e-04 | 7.1s
Epoch  30/60 | CE: 0.0440 | Con: 1.4636 | Train: 0.988 | Val: 0.971 | LR: 5.00e-04 | 6.8s
  Edge scales: CACHE_TE=0.99 | CONTROL_=0.78 | DATA_DEP=0.95 | FENCE_BO=1.09 | MEMORY_O=1.11 | RSB_CHAI=1.00 | SPEC_CON=1.18 | SPEC_IND=1.12 | SPEC_RET=1.27
Epoch  31/60 | CE: 0.0404 | Con: 1.4724 | Train: 0.989 | Val: 0.973 | LR: 4.74e-04 | 6.8s
Epoch  32/60 | CE: 0.0419 | Con: 1.4781 | Train: 0.989 | Val: 0.970 | LR: 4.48e-04 | 6.9s
Epoch  33/60 | CE: 0.0452 | Con: 1.4717 | Train: 0.989 | Val: 0.970 | LR: 4.22e-04 | 8.0s

Early stop at epoch 33

======================================================================
FINAL EVALUATION
======================================================================
Best model from epoch 23 (val_acc=0.9782)
Test accuracy: 0.9557
Val/Test gap: +2.25pp

Final edge-type scales:
  CACHE_TEMPORAL      : 0.9993  (~1.0)
  CONTROL_FLOW        : 0.7894  (DOWN)
  DATA_DEP            : 0.9498  (DOWN)
  FENCE_BOUNDARY      : 1.0636  (UP)
  MEMORY_ORDER        : 1.1070  (UP)
  RSB_CHAIN           : 0.9828  (~1.0)
  SPEC_CONDITIONAL    : 1.1554  (UP)
  SPEC_INDIRECT       : 1.1241  (UP)
  SPEC_RETURN         : 1.2319  (UP)

Classification Report:
                          precision    recall  f1-score   support

                  BENIGN       1.00      0.99      0.99      1031
BRANCH_HISTORY_INJECTION       0.76      0.90      0.82        67
               INCEPTION       0.79      0.95      0.86        94
                    L1TF       0.90      0.73      0.81        37
                     MDS       0.88      0.98      0.93        45
                RETBLEED       0.96      0.96      0.96        75
             SPECTRE_RSB       0.20      1.00      0.33         1
              SPECTRE_V1       0.84      1.00      0.91        42
              SPECTRE_V2       0.94      0.78      0.85       154
              SPECTRE_V4       0.99      0.98      0.99       124

                accuracy                           0.96      1670
               macro avg       0.83      0.93      0.85      1670
            weighted avg       0.96      0.96      0.96      1670


Results saved to eval/cluster_out/mds_hw_s42/gine_metrics.json
Best val accuracy:  97.82%  (epoch 23)
Final test accuracy: 95.57%
results -> /home/s2473583/speculative_execution/eval/cluster_out/mds_hw_s42
done tag=mds_hw seed=42 rc=0
