host=saxa.inf.ed.ac.uk job=3668182 tag=mds_hw seed=1 extra=''
name, memory.total [MiB]
NVIDIA H200, 143771 MiB
Device: cuda

======================================================================
v52_b GINE — group-aware val + stable-hash dataset
======================================================================
Node features: 41  Edge types: 9 (incl. RSB_CHAIN)
Global features: 5  Arch embedding: 8-dim

Loading pre-split train: v54/data/v55h_mdshw_train.jsonl
  6715 records
Loading pre-split test: v54/data/v54_test.jsonl
  1670 records

Label distribution:
  BENIGN: 3901
  BRANCH_HISTORY_INJECTION: 305
  INCEPTION: 582
  L1TF: 357
  MDS: 417
  RETBLEED: 451
  SPECTRE_RSB: 460
  SPECTRE_V1: 780
  SPECTRE_V2: 669
  SPECTRE_V4: 463

Classes (10): ['BENIGN', 'BRANCH_HISTORY_INJECTION', 'INCEPTION', 'L1TF', 'MDS', 'RETBLEED', 'SPECTRE_RSB', 'SPECTRE_V1', 'SPECTRE_V2', 'SPECTRE_V4']
  Hard negative: SPECTRE_V1 <-> BRANCH_HISTORY_INJECTION
  Hard negative: INCEPTION <-> BRANCH_HISTORY_INJECTION
  Hard negative: MDS <-> RETBLEED
  Hard negative: INCEPTION <-> RETBLEED
  Hard negative: L1TF <-> SPECTRE_V1
  Hard negative: L1TF <-> SPECTRE_V4
  Hard negative: MDS <-> SPECTRE_V4
  Hard negative: SPECTRE_V1 <-> SPECTRE_V4
  Hard negative: SPECTRE_V2 <-> BRANCH_HISTORY_INJECTION
  Hard negative: SPECTRE_V2 <-> INCEPTION
  Hard negative: RETBLEED <-> INCEPTION
  Hard negative: MDS <-> L1TF
  Hard negative: SPECTRE_V2 <-> RETBLEED
Handcrafted features (inline): 58
  Train-only augmentation (excluded from val): 347 records (fastspec)

Group-aware val split: StratifiedGroupKFold(n_splits=10) → val_frac≈0.130 (target ~0.100, pool=6368 val-eligible records)
  Distinct groups — train: 746, val: 89, train∩val groups: 0

Pre-split: Train=5889, Val=826, Test=1670
  Val carve-out: stratified_group_kfold_n10
  Early stopping uses VAL accuracy. Test evaluated once at end.

Global feature statistics (train, mean±std):
  nop_frac            : 0.0990 ± 0.1360
  indirect_frac       : 0.0419 ± 0.0603
  ret_frac            : 0.0475 ± 0.0425
  verw_frac           : 0.0007 ± 0.0086
  movntdqa_frac       : 0.0000 ± 0.0000

Creating datasets...
Pre-computing PDGs (strip_boilerplate=True) ...
  Valid samples: 5889/5889
  Boilerplate stripped: 200 (3.4%) samples
  Instructions: 175594 -> 175366 (0.1% reduction)
  Edge type distribution:
    DATA_DEP            :    89318 (26.8%)
    CONTROL_FLOW        :   166495 (50.0%)
    SPEC_CONDITIONAL    :    31432 (9.4%)
    SPEC_INDIRECT       :    10652 (3.2%)
    SPEC_RETURN         :    17640 (5.3%)
    MEMORY_ORDER        :    10078 (3.0%)
    CACHE_TEMPORAL      :     2358 (0.7%)
    FENCE_BOUNDARY      :     2612 (0.8%)
    RSB_CHAIN           :     2540 (0.8%)
Pre-computing PDGs (strip_boilerplate=True) ...
  Valid samples: 826/826
  Boilerplate stripped: 11 (1.3%) samples
  Instructions: 25515 -> 25502 (0.1% reduction)
  Edge type distribution:
    DATA_DEP            :    13535 (28.0%)
    CONTROL_FLOW        :    24392 (50.5%)
    SPEC_CONDITIONAL    :     6178 (12.8%)
    SPEC_INDIRECT       :     1149 (2.4%)
    SPEC_RETURN         :     1267 (2.6%)
    MEMORY_ORDER        :      994 (2.1%)
    CACHE_TEMPORAL      :      306 (0.6%)
    FENCE_BOUNDARY      :      239 (0.5%)
    RSB_CHAIN           :      217 (0.4%)
Pre-computing PDGs (strip_boilerplate=True) ...
  Valid samples: 1670/1670
  Boilerplate stripped: 55 (3.3%) samples
  Instructions: 52718 -> 52636 (0.2% reduction)
  Edge type distribution:
    DATA_DEP            :    23013 (25.2%)
    CONTROL_FLOW        :    48834 (53.4%)
    SPEC_CONDITIONAL    :     8986 (9.8%)
    SPEC_INDIRECT       :     2152 (2.4%)
    SPEC_RETURN         :     4380 (4.8%)
    MEMORY_ORDER        :     1943 (2.1%)
    CACHE_TEMPORAL      :      588 (0.6%)
    FENCE_BOUNDARY      :     1023 (1.1%)
    RSB_CHAIN           :      544 (0.6%)
Node feature mode: hand  node_feat_dim=41

Initializing GINEClassifier v47...
  Total parameters: 618,059
  Edge types: 9 (RSB_CHAIN added)

======================================================================
TRAINING
======================================================================
Epoch   1/60 | CE: 1.1188 | Con: 2.4641 | Train: 0.723 | Val: 0.855 | LR: 9.99e-04 | 19.6s *BEST*
  Edge scales: CACHE_TE=1.00 | CONTROL_=0.97 | DATA_DEP=0.99 | FENCE_BO=1.01 | MEMORY_O=1.00 | RSB_CHAI=1.00 | SPEC_CON=1.02 | SPEC_IND=1.05 | SPEC_RET=0.99
Epoch   2/60 | CE: 0.4753 | Con: 1.9935 | Train: 0.889 | Val: 0.913 | LR: 9.97e-04 | 8.2s *BEST*
  Edge scales: CACHE_TE=0.99 | CONTROL_=0.95 | DATA_DEP=0.97 | FENCE_BO=1.01 | MEMORY_O=1.03 | RSB_CHAI=1.03 | SPEC_CON=1.04 | SPEC_IND=1.05 | SPEC_RET=0.99
Epoch   3/60 | CE: 0.3248 | Con: 1.8250 | Train: 0.923 | Val: 0.937 | LR: 9.94e-04 | 8.3s *BEST*
  Edge scales: CACHE_TE=0.99 | CONTROL_=0.93 | DATA_DEP=0.97 | FENCE_BO=1.00 | MEMORY_O=1.04 | RSB_CHAI=1.03 | SPEC_CON=1.07 | SPEC_IND=1.07 | SPEC_RET=1.00
Epoch   4/60 | CE: 0.2684 | Con: 1.7310 | Train: 0.939 | Val: 0.937 | LR: 9.89e-04 | 7.5s
Epoch   5/60 | CE: 0.2242 | Con: 1.6924 | Train: 0.944 | Val: 0.931 | LR: 9.83e-04 | 7.0s
Epoch   6/60 | CE: 0.2005 | Con: 1.6477 | Train: 0.951 | Val: 0.962 | LR: 9.76e-04 | 8.3s *BEST*
  Edge scales: CACHE_TE=0.98 | CONTROL_=0.89 | DATA_DEP=0.99 | FENCE_BO=1.02 | MEMORY_O=1.08 | RSB_CHAI=1.05 | SPEC_CON=1.11 | SPEC_IND=1.08 | SPEC_RET=1.02
Epoch   7/60 | CE: 0.1828 | Con: 1.6545 | Train: 0.955 | Val: 0.970 | LR: 9.67e-04 | 8.2s *BEST*
  Edge scales: CACHE_TE=0.98 | CONTROL_=0.87 | DATA_DEP=1.00 | FENCE_BO=1.02 | MEMORY_O=1.09 | RSB_CHAI=1.05 | SPEC_CON=1.14 | SPEC_IND=1.10 | SPEC_RET=1.02
Epoch   8/60 | CE: 0.1562 | Con: 1.6128 | Train: 0.961 | Val: 0.939 | LR: 9.57e-04 | 8.2s
Epoch   9/60 | CE: 0.1441 | Con: 1.6171 | Train: 0.966 | Val: 0.964 | LR: 9.46e-04 | 8.2s
Epoch  10/60 | CE: 0.1323 | Con: 1.5665 | Train: 0.969 | Val: 0.973 | LR: 9.33e-04 | 8.2s *BEST*
  Edge scales: CACHE_TE=0.97 | CONTROL_=0.84 | DATA_DEP=1.00 | FENCE_BO=1.06 | MEMORY_O=1.10 | RSB_CHAI=1.08 | SPEC_CON=1.19 | SPEC_IND=1.13 | SPEC_RET=1.08
Epoch  11/60 | CE: 0.1392 | Con: 1.5653 | Train: 0.964 | Val: 0.958 | LR: 9.19e-04 | 8.2s
Epoch  12/60 | CE: 0.1165 | Con: 1.5341 | Train: 0.972 | Val: 0.955 | LR: 9.05e-04 | 8.2s
Epoch  13/60 | CE: 0.1078 | Con: 1.5358 | Train: 0.974 | Val: 0.964 | LR: 8.89e-04 | 8.2s
Epoch  14/60 | CE: 0.0943 | Con: 1.5393 | Train: 0.977 | Val: 0.970 | LR: 8.72e-04 | 8.2s
Epoch  15/60 | CE: 0.0936 | Con: 1.5246 | Train: 0.975 | Val: 0.962 | LR: 8.54e-04 | 8.2s
Epoch  16/60 | CE: 0.0987 | Con: 1.5252 | Train: 0.977 | Val: 0.973 | LR: 8.35e-04 | 8.2s
Epoch  17/60 | CE: 0.0848 | Con: 1.5222 | Train: 0.978 | Val: 0.961 | LR: 8.15e-04 | 8.2s
Epoch  18/60 | CE: 0.0851 | Con: 1.5280 | Train: 0.976 | Val: 0.955 | LR: 7.94e-04 | 8.2s
Epoch  19/60 | CE: 0.0751 | Con: 1.5045 | Train: 0.982 | Val: 0.966 | LR: 7.72e-04 | 7.9s
Epoch  20/60 | CE: 0.0726 | Con: 1.5092 | Train: 0.982 | Val: 0.961 | LR: 7.50e-04 | 7.0s
  Edge scales: CACHE_TE=0.94 | CONTROL_=0.76 | DATA_DEP=1.02 | FENCE_BO=1.06 | MEMORY_O=1.15 | RSB_CHAI=1.10 | SPEC_CON=1.30 | SPEC_IND=1.15 | SPEC_RET=1.16

Early stop at epoch 20

======================================================================
FINAL EVALUATION
======================================================================
Best model from epoch 10 (val_acc=0.9734)
Test accuracy: 0.9431
Val/Test gap: +3.03pp

Final edge-type scales:
  CACHE_TEMPORAL      : 0.9731  (~1.0)
  CONTROL_FLOW        : 0.8377  (DOWN)
  DATA_DEP            : 0.9993  (~1.0)
  FENCE_BOUNDARY      : 1.0557  (UP)
  MEMORY_ORDER        : 1.0975  (UP)
  RSB_CHAIN           : 1.0826  (UP)
  SPEC_CONDITIONAL    : 1.1891  (UP)
  SPEC_INDIRECT       : 1.1272  (UP)
  SPEC_RETURN         : 1.0815  (UP)

Classification Report:
                          precision    recall  f1-score   support

                  BENIGN       0.99      0.98      0.99      1031
BRANCH_HISTORY_INJECTION       0.62      0.91      0.74        67
               INCEPTION       0.89      0.82      0.85        94
                    L1TF       0.90      0.76      0.82        37
                     MDS       0.92      0.98      0.95        45
                RETBLEED       0.91      0.97      0.94        75
             SPECTRE_RSB       0.00      0.00      0.00         1
              SPECTRE_V1       0.84      1.00      0.91        42
              SPECTRE_V2       0.95      0.75      0.84       154
              SPECTRE_V4       1.00      0.98      0.99       124

                accuracy                           0.94      1670
               macro avg       0.80      0.82      0.80      1670
            weighted avg       0.96      0.94      0.95      1670


Results saved to eval/cluster_out/mds_hw_s1/gine_metrics.json
Best val accuracy:  97.34%  (epoch 10)
Final test accuracy: 94.31%
results -> /home/s2473583/speculative_execution/eval/cluster_out/mds_hw_s1
done tag=mds_hw seed=1 rc=0
