host=saxa.inf.ed.ac.uk job=3668189 tag=l1tf_hw seed=7 extra=''
name, memory.total [MiB]
NVIDIA H200, 143771 MiB
Device: cuda

======================================================================
v52_b GINE — group-aware val + stable-hash dataset
======================================================================
Node features: 41  Edge types: 9 (incl. RSB_CHAIN)
Global features: 5  Arch embedding: 8-dim

Loading pre-split train: v54/data/v55h_l1tfhw_train.jsonl
  6797 records
Loading pre-split test: v54/data/v54_test.jsonl
  1670 records

Label distribution:
  BENIGN: 3942
  BRANCH_HISTORY_INJECTION: 305
  INCEPTION: 582
  L1TF: 448
  MDS: 367
  RETBLEED: 451
  SPECTRE_RSB: 460
  SPECTRE_V1: 780
  SPECTRE_V2: 669
  SPECTRE_V4: 463

Classes (10): ['BENIGN', 'BRANCH_HISTORY_INJECTION', 'INCEPTION', 'L1TF', 'MDS', 'RETBLEED', 'SPECTRE_RSB', 'SPECTRE_V1', 'SPECTRE_V2', 'SPECTRE_V4']
  Hard negative: SPECTRE_V1 <-> BRANCH_HISTORY_INJECTION
  Hard negative: INCEPTION <-> BRANCH_HISTORY_INJECTION
  Hard negative: MDS <-> RETBLEED
  Hard negative: INCEPTION <-> RETBLEED
  Hard negative: L1TF <-> SPECTRE_V1
  Hard negative: L1TF <-> SPECTRE_V4
  Hard negative: MDS <-> SPECTRE_V4
  Hard negative: SPECTRE_V1 <-> SPECTRE_V4
  Hard negative: SPECTRE_V2 <-> BRANCH_HISTORY_INJECTION
  Hard negative: SPECTRE_V2 <-> INCEPTION
  Hard negative: RETBLEED <-> INCEPTION
  Hard negative: MDS <-> L1TF
  Hard negative: SPECTRE_V2 <-> RETBLEED
Handcrafted features (inline): 58
  Train-only augmentation (excluded from val): 347 records (fastspec)

Group-aware val split: StratifiedGroupKFold(n_splits=10) → val_frac≈0.129 (target ~0.100, pool=6450 val-eligible records)
  Distinct groups — train: 824, val: 93, train∩val groups: 0

Pre-split: Train=5967, Val=830, Test=1670
  Val carve-out: stratified_group_kfold_n10
  Early stopping uses VAL accuracy. Test evaluated once at end.

Global feature statistics (train, mean±std):
  nop_frac            : 0.0980 ± 0.1358
  indirect_frac       : 0.0423 ± 0.0612
  ret_frac            : 0.0471 ± 0.0420
  verw_frac           : 0.0006 ± 0.0081
  movntdqa_frac       : 0.0000 ± 0.0000

Creating datasets...
Pre-computing PDGs (strip_boilerplate=True) ...
  Valid samples: 5967/5967
  Boilerplate stripped: 194 (3.3%) samples
  Instructions: 177983 -> 177761 (0.1% reduction)
  Edge type distribution:
    DATA_DEP            :    91026 (26.9%)
    CONTROL_FLOW        :   168812 (49.9%)
    SPEC_CONDITIONAL    :    31951 (9.4%)
    SPEC_INDIRECT       :    10909 (3.2%)
    SPEC_RETURN         :    17532 (5.2%)
    MEMORY_ORDER        :    10485 (3.1%)
    CACHE_TEMPORAL      :     2364 (0.7%)
    FENCE_BOUNDARY      :     2862 (0.8%)
    RSB_CHAIN           :     2544 (0.8%)
Pre-computing PDGs (strip_boilerplate=True) ...
  Valid samples: 830/830
  Boilerplate stripped: 17 (2.0%) samples
  Instructions: 24887 -> 24868 (0.1% reduction)
  Edge type distribution:
    DATA_DEP            :    13065 (28.2%)
    CONTROL_FLOW        :    23754 (51.2%)
    SPEC_CONDITIONAL    :     5659 (12.2%)
    SPEC_INDIRECT       :      892 (1.9%)
    SPEC_RETURN         :     1375 (3.0%)
    MEMORY_ORDER        :      941 (2.0%)
    CACHE_TEMPORAL      :      300 (0.6%)
    FENCE_BOUNDARY      :      204 (0.4%)
    RSB_CHAIN           :      213 (0.5%)
Pre-computing PDGs (strip_boilerplate=True) ...
  Valid samples: 1670/1670
  Boilerplate stripped: 55 (3.3%) samples
  Instructions: 52718 -> 52636 (0.2% reduction)
  Edge type distribution:
    DATA_DEP            :    23013 (25.2%)
    CONTROL_FLOW        :    48834 (53.4%)
    SPEC_CONDITIONAL    :     8986 (9.8%)
    SPEC_INDIRECT       :     2152 (2.4%)
    SPEC_RETURN         :     4380 (4.8%)
    MEMORY_ORDER        :     1943 (2.1%)
    CACHE_TEMPORAL      :      588 (0.6%)
    FENCE_BOUNDARY      :     1023 (1.1%)
    RSB_CHAIN           :      544 (0.6%)
Node feature mode: hand  node_feat_dim=41

Initializing GINEClassifier v47...
  Total parameters: 618,059
  Edge types: 9 (RSB_CHAIN added)

======================================================================
TRAINING
======================================================================
Epoch   1/60 | CE: 1.0671 | Con: 2.4513 | Train: 0.737 | Val: 0.869 | LR: 9.99e-04 | 19.3s *BEST*
  Edge scales: CACHE_TE=0.99 | CONTROL_=0.98 | DATA_DEP=1.00 | FENCE_BO=1.03 | MEMORY_O=0.99 | RSB_CHAI=1.01 | SPEC_CON=1.03 | SPEC_IND=0.99 | SPEC_RET=1.01
Epoch   2/60 | CE: 0.4905 | Con: 1.9937 | Train: 0.880 | Val: 0.920 | LR: 9.97e-04 | 7.6s *BEST*
  Edge scales: CACHE_TE=0.98 | CONTROL_=0.96 | DATA_DEP=0.98 | FENCE_BO=1.05 | MEMORY_O=0.98 | RSB_CHAI=1.02 | SPEC_CON=1.04 | SPEC_IND=1.00 | SPEC_RET=1.03
Epoch   3/60 | CE: 0.3450 | Con: 1.8530 | Train: 0.914 | Val: 0.937 | LR: 9.94e-04 | 7.8s *BEST*
  Edge scales: CACHE_TE=0.99 | CONTROL_=0.95 | DATA_DEP=0.98 | FENCE_BO=1.08 | MEMORY_O=0.97 | RSB_CHAI=1.03 | SPEC_CON=1.05 | SPEC_IND=0.99 | SPEC_RET=1.03
Epoch   4/60 | CE: 0.2832 | Con: 1.7651 | Train: 0.932 | Val: 0.935 | LR: 9.89e-04 | 7.8s
Epoch   5/60 | CE: 0.2284 | Con: 1.7100 | Train: 0.943 | Val: 0.949 | LR: 9.83e-04 | 7.8s *BEST*
  Edge scales: CACHE_TE=0.98 | CONTROL_=0.91 | DATA_DEP=0.96 | FENCE_BO=1.10 | MEMORY_O=1.00 | RSB_CHAI=1.04 | SPEC_CON=1.06 | SPEC_IND=1.00 | SPEC_RET=1.05
Epoch   6/60 | CE: 0.2051 | Con: 1.6463 | Train: 0.950 | Val: 0.957 | LR: 9.76e-04 | 7.7s *BEST*
  Edge scales: CACHE_TE=0.98 | CONTROL_=0.90 | DATA_DEP=0.95 | FENCE_BO=1.11 | MEMORY_O=1.00 | RSB_CHAI=1.03 | SPEC_CON=1.07 | SPEC_IND=0.99 | SPEC_RET=1.06
Epoch   7/60 | CE: 0.1782 | Con: 1.6308 | Train: 0.956 | Val: 0.958 | LR: 9.67e-04 | 8.0s *BEST*
  Edge scales: CACHE_TE=0.97 | CONTROL_=0.87 | DATA_DEP=0.96 | FENCE_BO=1.11 | MEMORY_O=1.03 | RSB_CHAI=1.03 | SPEC_CON=1.10 | SPEC_IND=0.98 | SPEC_RET=1.05
Epoch   8/60 | CE: 0.1647 | Con: 1.6296 | Train: 0.962 | Val: 0.955 | LR: 9.57e-04 | 7.9s
Epoch   9/60 | CE: 0.1464 | Con: 1.5910 | Train: 0.962 | Val: 0.973 | LR: 9.46e-04 | 7.9s *BEST*
  Edge scales: CACHE_TE=0.94 | CONTROL_=0.86 | DATA_DEP=0.96 | FENCE_BO=1.13 | MEMORY_O=1.04 | RSB_CHAI=1.03 | SPEC_CON=1.11 | SPEC_IND=0.98 | SPEC_RET=1.07
Epoch  10/60 | CE: 0.1343 | Con: 1.5652 | Train: 0.968 | Val: 0.973 | LR: 9.33e-04 | 7.9s
  Edge scales: CACHE_TE=0.94 | CONTROL_=0.85 | DATA_DEP=0.97 | FENCE_BO=1.14 | MEMORY_O=1.05 | RSB_CHAI=1.03 | SPEC_CON=1.12 | SPEC_IND=0.99 | SPEC_RET=1.08
Epoch  11/60 | CE: 0.1268 | Con: 1.5680 | Train: 0.968 | Val: 0.983 | LR: 9.19e-04 | 7.8s *BEST*
  Edge scales: CACHE_TE=0.92 | CONTROL_=0.85 | DATA_DEP=0.97 | FENCE_BO=1.14 | MEMORY_O=1.05 | RSB_CHAI=1.04 | SPEC_CON=1.14 | SPEC_IND=0.99 | SPEC_RET=1.08
Epoch  12/60 | CE: 0.1170 | Con: 1.5443 | Train: 0.972 | Val: 0.980 | LR: 9.05e-04 | 8.0s
Epoch  13/60 | CE: 0.1092 | Con: 1.5241 | Train: 0.971 | Val: 0.980 | LR: 8.89e-04 | 8.0s
Epoch  14/60 | CE: 0.1015 | Con: 1.5538 | Train: 0.973 | Val: 0.983 | LR: 8.72e-04 | 7.9s
Epoch  15/60 | CE: 0.1074 | Con: 1.5508 | Train: 0.974 | Val: 0.978 | LR: 8.54e-04 | 7.9s
Epoch  16/60 | CE: 0.0936 | Con: 1.5385 | Train: 0.976 | Val: 0.988 | LR: 8.35e-04 | 8.0s *BEST*
  Edge scales: CACHE_TE=0.91 | CONTROL_=0.84 | DATA_DEP=0.97 | FENCE_BO=1.15 | MEMORY_O=1.03 | RSB_CHAI=1.05 | SPEC_CON=1.19 | SPEC_IND=1.00 | SPEC_RET=1.11
Epoch  17/60 | CE: 0.0939 | Con: 1.5096 | Train: 0.976 | Val: 0.982 | LR: 8.15e-04 | 8.0s
Epoch  18/60 | CE: 0.1010 | Con: 1.5438 | Train: 0.976 | Val: 0.973 | LR: 7.94e-04 | 8.0s
Epoch  19/60 | CE: 0.0789 | Con: 1.5031 | Train: 0.978 | Val: 0.981 | LR: 7.72e-04 | 7.9s
Epoch  20/60 | CE: 0.0761 | Con: 1.4831 | Train: 0.980 | Val: 0.987 | LR: 7.50e-04 | 8.0s
  Edge scales: CACHE_TE=0.92 | CONTROL_=0.83 | DATA_DEP=0.97 | FENCE_BO=1.16 | MEMORY_O=1.03 | RSB_CHAI=1.07 | SPEC_CON=1.22 | SPEC_IND=1.01 | SPEC_RET=1.15
Epoch  21/60 | CE: 0.0705 | Con: 1.4907 | Train: 0.983 | Val: 0.987 | LR: 7.27e-04 | 7.9s
Epoch  22/60 | CE: 0.0702 | Con: 1.5037 | Train: 0.981 | Val: 0.986 | LR: 7.03e-04 | 7.1s
Epoch  23/60 | CE: 0.0664 | Con: 1.4925 | Train: 0.983 | Val: 0.978 | LR: 6.79e-04 | 7.9s
Epoch  24/60 | CE: 0.0570 | Con: 1.4764 | Train: 0.985 | Val: 0.987 | LR: 6.55e-04 | 7.1s
Epoch  25/60 | CE: 0.0543 | Con: 1.4848 | Train: 0.986 | Val: 0.976 | LR: 6.29e-04 | 6.3s
Epoch  26/60 | CE: 0.0585 | Con: 1.4741 | Train: 0.986 | Val: 0.986 | LR: 6.04e-04 | 6.0s

Early stop at epoch 26

======================================================================
FINAL EVALUATION
======================================================================
Best model from epoch 16 (val_acc=0.9880)
Test accuracy: 0.9515
Val/Test gap: +3.65pp

Final edge-type scales:
  CACHE_TEMPORAL      : 0.9131  (DOWN)
  CONTROL_FLOW        : 0.8400  (DOWN)
  DATA_DEP            : 0.9694  (~1.0)
  FENCE_BOUNDARY      : 1.1532  (UP)
  MEMORY_ORDER        : 1.0263  (~1.0)
  RSB_CHAIN           : 1.0470  (~1.0)
  SPEC_CONDITIONAL    : 1.1897  (UP)
  SPEC_INDIRECT       : 0.9975  (~1.0)
  SPEC_RETURN         : 1.1133  (UP)

Classification Report:
                          precision    recall  f1-score   support

                  BENIGN       0.99      0.99      0.99      1031
BRANCH_HISTORY_INJECTION       0.79      0.97      0.87        67
               INCEPTION       0.75      0.82      0.79        94
                    L1TF       0.86      0.68      0.76        37
                     MDS       0.86      0.98      0.92        45
                RETBLEED       0.99      0.97      0.98        75
             SPECTRE_RSB       0.20      1.00      0.33         1
              SPECTRE_V1       0.79      1.00      0.88        42
              SPECTRE_V2       0.98      0.77      0.87       154
              SPECTRE_V4       1.00      0.99      1.00       124

                accuracy                           0.95      1670
               macro avg       0.82      0.92      0.84      1670
            weighted avg       0.96      0.95      0.95      1670


Results saved to eval/cluster_out/l1tf_hw_s7/gine_metrics.json
Best val accuracy:  98.80%  (epoch 16)
Final test accuracy: 95.15%
results -> /home/s2473583/speculative_execution/eval/cluster_out/l1tf_hw_s7
done tag=l1tf_hw seed=7 rc=0
