host=saxa.inf.ed.ac.uk job=3668568 tag=allhw2 seed=1 extra=''
name, memory.total [MiB]
NVIDIA H200, 143771 MiB
Device: cuda

======================================================================
v52_b GINE — group-aware val + stable-hash dataset
======================================================================
Node features: 41  Edge types: 9 (incl. RSB_CHAIN)
Global features: 5  Arch embedding: 8-dim

Loading pre-split train: v54/data/v55h_allhw2_train.jsonl
  7464 records
Loading pre-split test: v54/data/v54_test.jsonl
  1670 records

Label distribution:
  BENIGN: 4101
  BRANCH_HISTORY_INJECTION: 305
  INCEPTION: 582
  L1TF: 539
  MDS: 467
  RETBLEED: 451
  SPECTRE_RSB: 460
  SPECTRE_V1: 998
  SPECTRE_V2: 669
  SPECTRE_V4: 562

Classes (10): ['BENIGN', 'BRANCH_HISTORY_INJECTION', 'INCEPTION', 'L1TF', 'MDS', 'RETBLEED', 'SPECTRE_RSB', 'SPECTRE_V1', 'SPECTRE_V2', 'SPECTRE_V4']
  Hard negative: SPECTRE_V1 <-> BRANCH_HISTORY_INJECTION
  Hard negative: INCEPTION <-> BRANCH_HISTORY_INJECTION
  Hard negative: MDS <-> RETBLEED
  Hard negative: INCEPTION <-> RETBLEED
  Hard negative: L1TF <-> SPECTRE_V1
  Hard negative: L1TF <-> SPECTRE_V4
  Hard negative: MDS <-> SPECTRE_V4
  Hard negative: SPECTRE_V1 <-> SPECTRE_V4
  Hard negative: SPECTRE_V2 <-> BRANCH_HISTORY_INJECTION
  Hard negative: SPECTRE_V2 <-> INCEPTION
  Hard negative: RETBLEED <-> INCEPTION
  Hard negative: MDS <-> L1TF
  Hard negative: SPECTRE_V2 <-> RETBLEED
Handcrafted features (inline): 58
  Train-only augmentation (excluded from val): 347 records (fastspec)

Group-aware val split: StratifiedGroupKFold(n_splits=10) → val_frac≈0.124 (target ~0.100, pool=7117 val-eligible records)
  Distinct groups — train: 1345, val: 135, train∩val groups: 0

Pre-split: Train=6580, Val=884, Test=1670
  Val carve-out: stratified_group_kfold_n10
  Early stopping uses VAL accuracy. Test evaluated once at end.

Global feature statistics (train, mean±std):
  nop_frac            : 0.1006 ± 0.1389
  indirect_frac       : 0.0408 ± 0.0588
  ret_frac            : 0.0470 ± 0.0422
  verw_frac           : 0.0007 ± 0.0088
  movntdqa_frac       : 0.0000 ± 0.0000

Creating datasets...
Pre-computing PDGs (strip_boilerplate=True) ...
  Valid samples: 6580/6580
  Boilerplate stripped: 199 (3.0%) samples
  Instructions: 203318 -> 203091 (0.1% reduction)
  Edge type distribution:
    DATA_DEP            :   111389 (28.6%)
    CONTROL_FLOW        :   193969 (49.7%)
    SPEC_CONDITIONAL    :    31640 (8.1%)
    SPEC_INDIRECT       :    10772 (2.8%)
    SPEC_RETURN         :    17815 (4.6%)
    MEMORY_ORDER        :    13790 (3.5%)
    CACHE_TEMPORAL      :     2313 (0.6%)
    FENCE_BOUNDARY      :     5801 (1.5%)
    RSB_CHAIN           :     2553 (0.7%)
Pre-computing PDGs (strip_boilerplate=True) ...
  Valid samples: 884/884
  Boilerplate stripped: 12 (1.4%) samples
  Instructions: 30354 -> 30340 (0.0% reduction)
  Edge type distribution:
    DATA_DEP            :    17723 (31.0%)
    CONTROL_FLOW        :    28732 (50.3%)
    SPEC_CONDITIONAL    :     6045 (10.6%)
    SPEC_INDIRECT       :     1029 (1.8%)
    SPEC_RETURN         :     1092 (1.9%)
    MEMORY_ORDER        :     1452 (2.5%)
    CACHE_TEMPORAL      :      351 (0.6%)
    FENCE_BOUNDARY      :      460 (0.8%)
    RSB_CHAIN           :      204 (0.4%)
Pre-computing PDGs (strip_boilerplate=True) ...
  Valid samples: 1670/1670
  Boilerplate stripped: 55 (3.3%) samples
  Instructions: 52718 -> 52636 (0.2% reduction)
  Edge type distribution:
    DATA_DEP            :    23013 (25.2%)
    CONTROL_FLOW        :    48834 (53.4%)
    SPEC_CONDITIONAL    :     8986 (9.8%)
    SPEC_INDIRECT       :     2152 (2.4%)
    SPEC_RETURN         :     4380 (4.8%)
    MEMORY_ORDER        :     1943 (2.1%)
    CACHE_TEMPORAL      :      588 (0.6%)
    FENCE_BOUNDARY      :     1023 (1.1%)
    RSB_CHAIN           :      544 (0.6%)
Node feature mode: hand  node_feat_dim=41

Initializing GINEClassifier v47...
  Total parameters: 618,059
  Edge types: 9 (RSB_CHAIN added)

======================================================================
TRAINING
======================================================================
Epoch   1/60 | CE: 1.1122 | Con: 2.5763 | Train: 0.703 | Val: 0.857 | LR: 9.99e-04 | 51.4s *BEST*
  Edge scales: CACHE_TE=1.01 | CONTROL_=0.97 | DATA_DEP=0.98 | FENCE_BO=0.98 | MEMORY_O=1.01 | RSB_CHAI=1.00 | SPEC_CON=1.04 | SPEC_IND=1.00 | SPEC_RET=1.00
Epoch   2/60 | CE: 0.4944 | Con: 2.0448 | Train: 0.877 | Val: 0.932 | LR: 9.97e-04 | 8.7s *BEST*
  Edge scales: CACHE_TE=1.01 | CONTROL_=0.94 | DATA_DEP=0.98 | FENCE_BO=0.98 | MEMORY_O=1.04 | RSB_CHAI=1.00 | SPEC_CON=1.06 | SPEC_IND=1.02 | SPEC_RET=1.01
Epoch   3/60 | CE: 0.3332 | Con: 1.8678 | Train: 0.920 | Val: 0.945 | LR: 9.94e-04 | 8.7s *BEST*
  Edge scales: CACHE_TE=1.01 | CONTROL_=0.93 | DATA_DEP=0.98 | FENCE_BO=1.00 | MEMORY_O=1.05 | RSB_CHAI=0.99 | SPEC_CON=1.08 | SPEC_IND=1.04 | SPEC_RET=1.03
Epoch   4/60 | CE: 0.2765 | Con: 1.7487 | Train: 0.930 | Val: 0.950 | LR: 9.89e-04 | 8.7s *BEST*
  Edge scales: CACHE_TE=1.01 | CONTROL_=0.91 | DATA_DEP=0.98 | FENCE_BO=0.99 | MEMORY_O=1.07 | RSB_CHAI=1.00 | SPEC_CON=1.12 | SPEC_IND=1.04 | SPEC_RET=1.03
Epoch   5/60 | CE: 0.2330 | Con: 1.7255 | Train: 0.942 | Val: 0.948 | LR: 9.83e-04 | 8.6s
Epoch   6/60 | CE: 0.2059 | Con: 1.6747 | Train: 0.946 | Val: 0.943 | LR: 9.76e-04 | 8.6s
Epoch   7/60 | CE: 0.1830 | Con: 1.6372 | Train: 0.957 | Val: 0.963 | LR: 9.67e-04 | 8.7s *BEST*
  Edge scales: CACHE_TE=1.01 | CONTROL_=0.89 | DATA_DEP=1.02 | FENCE_BO=1.00 | MEMORY_O=1.10 | RSB_CHAI=1.01 | SPEC_CON=1.15 | SPEC_IND=1.03 | SPEC_RET=1.09
Epoch   8/60 | CE: 0.1688 | Con: 1.6159 | Train: 0.957 | Val: 0.960 | LR: 9.57e-04 | 8.6s
Epoch   9/60 | CE: 0.1512 | Con: 1.5822 | Train: 0.961 | Val: 0.971 | LR: 9.46e-04 | 8.5s *BEST*
  Edge scales: CACHE_TE=1.00 | CONTROL_=0.88 | DATA_DEP=1.03 | FENCE_BO=1.00 | MEMORY_O=1.10 | RSB_CHAI=1.02 | SPEC_CON=1.22 | SPEC_IND=1.03 | SPEC_RET=1.10
Epoch  10/60 | CE: 0.1472 | Con: 1.5867 | Train: 0.962 | Val: 0.973 | LR: 9.33e-04 | 8.6s *BEST*
  Edge scales: CACHE_TE=1.01 | CONTROL_=0.88 | DATA_DEP=1.04 | FENCE_BO=1.01 | MEMORY_O=1.11 | RSB_CHAI=1.04 | SPEC_CON=1.23 | SPEC_IND=1.04 | SPEC_RET=1.10
Epoch  11/60 | CE: 0.1163 | Con: 1.5471 | Train: 0.971 | Val: 0.962 | LR: 9.19e-04 | 8.6s
Epoch  12/60 | CE: 0.1146 | Con: 1.5587 | Train: 0.968 | Val: 0.976 | LR: 9.05e-04 | 8.6s *BEST*
  Edge scales: CACHE_TE=1.00 | CONTROL_=0.86 | DATA_DEP=1.04 | FENCE_BO=1.02 | MEMORY_O=1.11 | RSB_CHAI=1.07 | SPEC_CON=1.26 | SPEC_IND=1.04 | SPEC_RET=1.11
Epoch  13/60 | CE: 0.1138 | Con: 1.5607 | Train: 0.969 | Val: 0.969 | LR: 8.89e-04 | 8.6s
Epoch  14/60 | CE: 0.1074 | Con: 1.5466 | Train: 0.973 | Val: 0.977 | LR: 8.72e-04 | 8.6s *BEST*
  Edge scales: CACHE_TE=1.01 | CONTROL_=0.84 | DATA_DEP=1.05 | FENCE_BO=1.02 | MEMORY_O=1.11 | RSB_CHAI=1.07 | SPEC_CON=1.28 | SPEC_IND=1.05 | SPEC_RET=1.14
Epoch  15/60 | CE: 0.1071 | Con: 1.5412 | Train: 0.971 | Val: 0.982 | LR: 8.54e-04 | 7.9s *BEST*
  Edge scales: CACHE_TE=1.00 | CONTROL_=0.84 | DATA_DEP=1.04 | FENCE_BO=1.01 | MEMORY_O=1.11 | RSB_CHAI=1.09 | SPEC_CON=1.30 | SPEC_IND=1.06 | SPEC_RET=1.13
Epoch  16/60 | CE: 0.0970 | Con: 1.5318 | Train: 0.973 | Val: 0.979 | LR: 8.35e-04 | 8.5s
Epoch  17/60 | CE: 0.0937 | Con: 1.5090 | Train: 0.976 | Val: 0.980 | LR: 8.15e-04 | 8.5s
Epoch  18/60 | CE: 0.0945 | Con: 1.5171 | Train: 0.975 | Val: 0.980 | LR: 7.94e-04 | 8.5s
Epoch  19/60 | CE: 0.0826 | Con: 1.5012 | Train: 0.979 | Val: 0.971 | LR: 7.72e-04 | 8.6s
Epoch  20/60 | CE: 0.0775 | Con: 1.4952 | Train: 0.979 | Val: 0.971 | LR: 7.50e-04 | 8.5s
  Edge scales: CACHE_TE=0.98 | CONTROL_=0.80 | DATA_DEP=1.04 | FENCE_BO=1.02 | MEMORY_O=1.10 | RSB_CHAI=1.06 | SPEC_CON=1.29 | SPEC_IND=1.07 | SPEC_RET=1.14
Epoch  21/60 | CE: 0.0750 | Con: 1.5057 | Train: 0.980 | Val: 0.971 | LR: 7.27e-04 | 8.7s
Epoch  22/60 | CE: 0.0755 | Con: 1.4959 | Train: 0.980 | Val: 0.976 | LR: 7.03e-04 | 8.6s
Epoch  23/60 | CE: 0.0751 | Con: 1.5007 | Train: 0.979 | Val: 0.971 | LR: 6.79e-04 | 8.6s
Epoch  24/60 | CE: 0.0574 | Con: 1.4805 | Train: 0.985 | Val: 0.977 | LR: 6.55e-04 | 8.6s
Epoch  25/60 | CE: 0.0629 | Con: 1.4698 | Train: 0.984 | Val: 0.973 | LR: 6.29e-04 | 8.6s

Early stop at epoch 25

======================================================================
FINAL EVALUATION
======================================================================
Best model from epoch 15 (val_acc=0.9819)
Test accuracy: 0.9491
Val/Test gap: +3.28pp

Final edge-type scales:
  CACHE_TEMPORAL      : 1.0007  (~1.0)
  CONTROL_FLOW        : 0.8351  (DOWN)
  DATA_DEP            : 1.0445  (~1.0)
  FENCE_BOUNDARY      : 1.0105  (~1.0)
  MEMORY_ORDER        : 1.1118  (UP)
  RSB_CHAIN           : 1.0859  (UP)
  SPEC_CONDITIONAL    : 1.2951  (UP)
  SPEC_INDIRECT       : 1.0552  (UP)
  SPEC_RETURN         : 1.1288  (UP)

Classification Report:
                          precision    recall  f1-score   support

                  BENIGN       1.00      0.99      0.99      1031
BRANCH_HISTORY_INJECTION       0.62      0.90      0.74        67
               INCEPTION       0.88      0.91      0.90        94
                    L1TF       0.88      0.59      0.71        37
                     MDS       0.85      0.98      0.91        45
                RETBLEED       0.96      0.99      0.97        75
             SPECTRE_RSB       0.00      0.00      0.00         1
              SPECTRE_V1       0.79      1.00      0.88        42
              SPECTRE_V2       0.94      0.75      0.83       154
              SPECTRE_V4       1.00      0.98      0.99       124

                accuracy                           0.95      1670
               macro avg       0.79      0.81      0.79      1670
            weighted avg       0.96      0.95      0.95      1670


Results saved to eval/cluster_out/allhw2_s1/gine_metrics.json
Best val accuracy:  98.19%  (epoch 15)
Final test accuracy: 94.91%
results -> /home/s2473583/speculative_execution/eval/cluster_out/allhw2_s1
done tag=allhw2 seed=1 rc=0
