host=saxa.inf.ed.ac.uk job=3668188 tag=mds_hw seed=7 extra=''
name, memory.total [MiB]
NVIDIA H200, 143771 MiB
Device: cuda

======================================================================
v52_b GINE — group-aware val + stable-hash dataset
======================================================================
Node features: 41  Edge types: 9 (incl. RSB_CHAIN)
Global features: 5  Arch embedding: 8-dim

Loading pre-split train: v54/data/v55h_mdshw_train.jsonl
  6715 records
Loading pre-split test: v54/data/v54_test.jsonl
  1670 records

Label distribution:
  BENIGN: 3901
  BRANCH_HISTORY_INJECTION: 305
  INCEPTION: 582
  L1TF: 357
  MDS: 417
  RETBLEED: 451
  SPECTRE_RSB: 460
  SPECTRE_V1: 780
  SPECTRE_V2: 669
  SPECTRE_V4: 463

Classes (10): ['BENIGN', 'BRANCH_HISTORY_INJECTION', 'INCEPTION', 'L1TF', 'MDS', 'RETBLEED', 'SPECTRE_RSB', 'SPECTRE_V1', 'SPECTRE_V2', 'SPECTRE_V4']
  Hard negative: SPECTRE_V1 <-> BRANCH_HISTORY_INJECTION
  Hard negative: INCEPTION <-> BRANCH_HISTORY_INJECTION
  Hard negative: MDS <-> RETBLEED
  Hard negative: INCEPTION <-> RETBLEED
  Hard negative: L1TF <-> SPECTRE_V1
  Hard negative: L1TF <-> SPECTRE_V4
  Hard negative: MDS <-> SPECTRE_V4
  Hard negative: SPECTRE_V1 <-> SPECTRE_V4
  Hard negative: SPECTRE_V2 <-> BRANCH_HISTORY_INJECTION
  Hard negative: SPECTRE_V2 <-> INCEPTION
  Hard negative: RETBLEED <-> INCEPTION
  Hard negative: MDS <-> L1TF
  Hard negative: SPECTRE_V2 <-> RETBLEED
Handcrafted features (inline): 58
  Train-only augmentation (excluded from val): 347 records (fastspec)

Group-aware val split: StratifiedGroupKFold(n_splits=10) → val_frac≈0.130 (target ~0.100, pool=6368 val-eligible records)
  Distinct groups — train: 746, val: 89, train∩val groups: 0

Pre-split: Train=5889, Val=826, Test=1670
  Val carve-out: stratified_group_kfold_n10
  Early stopping uses VAL accuracy. Test evaluated once at end.

Global feature statistics (train, mean±std):
  nop_frac            : 0.0990 ± 0.1360
  indirect_frac       : 0.0419 ± 0.0603
  ret_frac            : 0.0475 ± 0.0425
  verw_frac           : 0.0007 ± 0.0086
  movntdqa_frac       : 0.0000 ± 0.0000

Creating datasets...
Pre-computing PDGs (strip_boilerplate=True) ...
  Valid samples: 5889/5889
  Boilerplate stripped: 200 (3.4%) samples
  Instructions: 175594 -> 175366 (0.1% reduction)
  Edge type distribution:
    DATA_DEP            :    89318 (26.8%)
    CONTROL_FLOW        :   166495 (50.0%)
    SPEC_CONDITIONAL    :    31432 (9.4%)
    SPEC_INDIRECT       :    10652 (3.2%)
    SPEC_RETURN         :    17640 (5.3%)
    MEMORY_ORDER        :    10078 (3.0%)
    CACHE_TEMPORAL      :     2358 (0.7%)
    FENCE_BOUNDARY      :     2612 (0.8%)
    RSB_CHAIN           :     2540 (0.8%)
Pre-computing PDGs (strip_boilerplate=True) ...
  Valid samples: 826/826
  Boilerplate stripped: 11 (1.3%) samples
  Instructions: 25515 -> 25502 (0.1% reduction)
  Edge type distribution:
    DATA_DEP            :    13535 (28.0%)
    CONTROL_FLOW        :    24392 (50.5%)
    SPEC_CONDITIONAL    :     6178 (12.8%)
    SPEC_INDIRECT       :     1149 (2.4%)
    SPEC_RETURN         :     1267 (2.6%)
    MEMORY_ORDER        :      994 (2.1%)
    CACHE_TEMPORAL      :      306 (0.6%)
    FENCE_BOUNDARY      :      239 (0.5%)
    RSB_CHAIN           :      217 (0.4%)
Pre-computing PDGs (strip_boilerplate=True) ...
  Valid samples: 1670/1670
  Boilerplate stripped: 55 (3.3%) samples
  Instructions: 52718 -> 52636 (0.2% reduction)
  Edge type distribution:
    DATA_DEP            :    23013 (25.2%)
    CONTROL_FLOW        :    48834 (53.4%)
    SPEC_CONDITIONAL    :     8986 (9.8%)
    SPEC_INDIRECT       :     2152 (2.4%)
    SPEC_RETURN         :     4380 (4.8%)
    MEMORY_ORDER        :     1943 (2.1%)
    CACHE_TEMPORAL      :      588 (0.6%)
    FENCE_BOUNDARY      :     1023 (1.1%)
    RSB_CHAIN           :      544 (0.6%)
Node feature mode: hand  node_feat_dim=41

Initializing GINEClassifier v47...
  Total parameters: 618,059
  Edge types: 9 (RSB_CHAIN added)

======================================================================
TRAINING
======================================================================
Epoch   1/60 | CE: 1.0726 | Con: 2.4479 | Train: 0.737 | Val: 0.895 | LR: 9.99e-04 | 19.5s *BEST*
  Edge scales: CACHE_TE=1.02 | CONTROL_=1.00 | DATA_DEP=1.00 | FENCE_BO=1.00 | MEMORY_O=1.00 | RSB_CHAI=1.00 | SPEC_CON=1.00 | SPEC_IND=1.00 | SPEC_RET=1.01
Epoch   2/60 | CE: 0.4602 | Con: 1.9711 | Train: 0.890 | Val: 0.906 | LR: 9.97e-04 | 8.1s *BEST*
  Edge scales: CACHE_TE=0.99 | CONTROL_=0.98 | DATA_DEP=0.98 | FENCE_BO=1.00 | MEMORY_O=1.00 | RSB_CHAI=0.99 | SPEC_CON=1.00 | SPEC_IND=0.99 | SPEC_RET=1.02
Epoch   3/60 | CE: 0.3538 | Con: 1.8365 | Train: 0.914 | Val: 0.924 | LR: 9.94e-04 | 8.1s *BEST*
  Edge scales: CACHE_TE=0.99 | CONTROL_=0.96 | DATA_DEP=0.95 | FENCE_BO=1.01 | MEMORY_O=1.01 | RSB_CHAI=1.00 | SPEC_CON=1.01 | SPEC_IND=0.98 | SPEC_RET=1.04
Epoch   4/60 | CE: 0.2746 | Con: 1.7782 | Train: 0.933 | Val: 0.927 | LR: 9.89e-04 | 8.2s *BEST*
  Edge scales: CACHE_TE=0.98 | CONTROL_=0.95 | DATA_DEP=0.94 | FENCE_BO=1.03 | MEMORY_O=1.02 | RSB_CHAI=1.00 | SPEC_CON=1.02 | SPEC_IND=1.00 | SPEC_RET=1.06
Epoch   5/60 | CE: 0.2273 | Con: 1.6832 | Train: 0.947 | Val: 0.918 | LR: 9.83e-04 | 8.0s
Epoch   6/60 | CE: 0.2042 | Con: 1.6682 | Train: 0.951 | Val: 0.948 | LR: 9.76e-04 | 8.2s *BEST*
  Edge scales: CACHE_TE=0.97 | CONTROL_=0.93 | DATA_DEP=0.95 | FENCE_BO=1.03 | MEMORY_O=1.03 | RSB_CHAI=1.00 | SPEC_CON=1.05 | SPEC_IND=1.01 | SPEC_RET=1.07
Epoch   7/60 | CE: 0.1833 | Con: 1.6292 | Train: 0.957 | Val: 0.950 | LR: 9.67e-04 | 8.0s *BEST*
  Edge scales: CACHE_TE=0.97 | CONTROL_=0.93 | DATA_DEP=0.95 | FENCE_BO=1.07 | MEMORY_O=1.03 | RSB_CHAI=1.00 | SPEC_CON=1.07 | SPEC_IND=1.03 | SPEC_RET=1.09
Epoch   8/60 | CE: 0.1656 | Con: 1.6186 | Train: 0.960 | Val: 0.949 | LR: 9.57e-04 | 6.9s
Epoch   9/60 | CE: 0.1491 | Con: 1.5975 | Train: 0.964 | Val: 0.932 | LR: 9.46e-04 | 6.9s
Epoch  10/60 | CE: 0.1327 | Con: 1.5745 | Train: 0.968 | Val: 0.960 | LR: 9.33e-04 | 6.9s *BEST*
  Edge scales: CACHE_TE=0.96 | CONTROL_=0.91 | DATA_DEP=0.96 | FENCE_BO=1.09 | MEMORY_O=1.05 | RSB_CHAI=0.99 | SPEC_CON=1.09 | SPEC_IND=1.06 | SPEC_RET=1.11
Epoch  11/60 | CE: 0.1252 | Con: 1.5645 | Train: 0.968 | Val: 0.953 | LR: 9.19e-04 | 6.9s
Epoch  12/60 | CE: 0.1231 | Con: 1.5595 | Train: 0.969 | Val: 0.949 | LR: 9.05e-04 | 6.9s
Epoch  13/60 | CE: 0.1113 | Con: 1.5472 | Train: 0.972 | Val: 0.948 | LR: 8.89e-04 | 6.9s
Epoch  14/60 | CE: 0.1088 | Con: 1.5421 | Train: 0.974 | Val: 0.978 | LR: 8.72e-04 | 6.9s *BEST*
  Edge scales: CACHE_TE=0.94 | CONTROL_=0.90 | DATA_DEP=0.96 | FENCE_BO=1.13 | MEMORY_O=1.05 | RSB_CHAI=0.97 | SPEC_CON=1.15 | SPEC_IND=1.10 | SPEC_RET=1.16
Epoch  15/60 | CE: 0.0997 | Con: 1.5259 | Train: 0.978 | Val: 0.971 | LR: 8.54e-04 | 6.9s
Epoch  16/60 | CE: 0.0907 | Con: 1.5200 | Train: 0.975 | Val: 0.960 | LR: 8.35e-04 | 6.9s
Epoch  17/60 | CE: 0.0947 | Con: 1.5280 | Train: 0.978 | Val: 0.952 | LR: 8.15e-04 | 6.9s
Epoch  18/60 | CE: 0.0778 | Con: 1.5007 | Train: 0.981 | Val: 0.946 | LR: 7.94e-04 | 6.9s
Epoch  19/60 | CE: 0.0734 | Con: 1.5038 | Train: 0.981 | Val: 0.952 | LR: 7.72e-04 | 6.9s
Epoch  20/60 | CE: 0.0671 | Con: 1.5022 | Train: 0.983 | Val: 0.964 | LR: 7.50e-04 | 6.9s
  Edge scales: CACHE_TE=0.93 | CONTROL_=0.90 | DATA_DEP=0.98 | FENCE_BO=1.17 | MEMORY_O=1.06 | RSB_CHAI=0.98 | SPEC_CON=1.20 | SPEC_IND=1.15 | SPEC_RET=1.18
Epoch  21/60 | CE: 0.0719 | Con: 1.4980 | Train: 0.983 | Val: 0.960 | LR: 7.27e-04 | 6.9s
Epoch  22/60 | CE: 0.0638 | Con: 1.4947 | Train: 0.985 | Val: 0.938 | LR: 7.03e-04 | 6.9s
Epoch  23/60 | CE: 0.0618 | Con: 1.4961 | Train: 0.984 | Val: 0.948 | LR: 6.79e-04 | 6.9s
Epoch  24/60 | CE: 0.0658 | Con: 1.4770 | Train: 0.984 | Val: 0.947 | LR: 6.55e-04 | 6.9s

Early stop at epoch 24

======================================================================
FINAL EVALUATION
======================================================================
Best model from epoch 14 (val_acc=0.9782)
Test accuracy: 0.9629
Val/Test gap: +1.53pp

Final edge-type scales:
  CACHE_TEMPORAL      : 0.9412  (DOWN)
  CONTROL_FLOW        : 0.9041  (DOWN)
  DATA_DEP            : 0.9617  (~1.0)
  FENCE_BOUNDARY      : 1.1268  (UP)
  MEMORY_ORDER        : 1.0451  (~1.0)
  RSB_CHAIN           : 0.9675  (~1.0)
  SPEC_CONDITIONAL    : 1.1494  (UP)
  SPEC_INDIRECT       : 1.0982  (UP)
  SPEC_RETURN         : 1.1649  (UP)

Classification Report:
                          precision    recall  f1-score   support

                  BENIGN       1.00      0.99      0.99      1031
BRANCH_HISTORY_INJECTION       0.75      0.88      0.81        67
               INCEPTION       0.87      0.89      0.88        94
                    L1TF       0.91      0.86      0.89        37
                     MDS       0.92      0.98      0.95        45
                RETBLEED       0.99      0.96      0.97        75
             SPECTRE_RSB       0.20      1.00      0.33         1
              SPECTRE_V1       0.88      1.00      0.93        42
              SPECTRE_V2       0.92      0.86      0.89       154
              SPECTRE_V4       1.00      0.98      0.99       124

                accuracy                           0.96      1670
               macro avg       0.84      0.94      0.86      1670
            weighted avg       0.97      0.96      0.96      1670


Results saved to eval/cluster_out/mds_hw_s7/gine_metrics.json
Best val accuracy:  97.82%  (epoch 14)
Final test accuracy: 96.29%
results -> /home/s2473583/speculative_execution/eval/cluster_out/mds_hw_s7
done tag=mds_hw seed=7 rc=0
