=== 1902671  run step 2b on cluster
1902671 s13 V4_recall= 1.0 FP= 0.0
1902671 s1 V4_recall= 1.0 FP= 0.0
1902671 s21 V4_recall= 1.0 FP= 0.0
1902671 s42 V4_recall= 1.0 FP= 0.0
1902671 s7 V4_recall= 1.0 FP= 0.8
    DATA_DEP            :      828 (47.7%)
=== d371295  riscv loio cluster runs
d371295 s13 V4_recall= 1.0 FP= 0.0
d371295 s1 V4_recall= 1.0 FP= 0.0
d371295 s21 V4_recall= 1.0 FP= 0.0
d371295 s42 V4_recall= 1.0 FP= 0.0
d371295 s7 V4_recall= 1.0 FP= 0.8
    DATA_DEP            :      828 (47.7%)
=== fc87dd1  eval: GINE x86+arm -> held-out riscv64 test harness + cluster array
    DATA_DEP            :      828 (47.7%)
fc87dd1 s13 V4_recall= 1.0 FP= 0.0
fc87dd1 s1 V4_recall= 1.0 FP= 0.0
fc87dd1 s21 V4_recall= 1.0 FP= 0.0
fc87dd1 s42 V4_recall= 1.0 FP= 0.0
fc87dd1 s7 V4_recall= 1.0 FP= 0.8
=== 3945792  spec: normalise ISA surface form so graphs describe the attack, not the ISA
3945792 s13 V4_recall= 1.0 FP= 0.0
3945792 s1 V4_recall= 0.4 FP= 0.0
3945792 s21 V4_recall= 0.0 FP= 0.0
3945792 s42 V4_recall= 0.0 FP= 0.0
3945792 s7 V4_recall= 0.0 FP= 0.0
    DATA_DEP            :      782 (46.2%)
    MEMORY_ORDER        :        2 (0.1%)
=== 3346be0  gine: length-matched data, neutral tokenizer/encoder, ISA-neutral features
3346be0 s13 V4_recall= 1.0 FP= 0.0
3346be0 s1 V4_recall= 0.4 FP= 0.0
3346be0 s21 V4_recall= 0.0 FP= 0.0
3346be0 s42 V4_recall= 0.0 FP= 0.0
3346be0 s7 V4_recall= 0.0 FP= 0.0
    DATA_DEP            :      782 (46.2%)
    MEMORY_ORDER        :        2 (0.1%)
=== ed984b9  eval: corrected riscv64 held-out labels (v2) + re-score of all current GINE runs
    DATA_DEP            :      782 (46.2%)
ed984b9 s13 V4_recall= 1.0 FP= 0.0
ed984b9 s1 V4_recall= 0.4 FP= 0.0
ed984b9 s21 V4_recall= 0.0 FP= 0.0
ed984b9 s42 V4_recall= 0.0 FP= 0.0
ed984b9 s7 V4_recall= 0.0 FP= 0.0
    MEMORY_ORDER        :        2 (0.1%)
=== e3a541e  spec: address-based MEMORY_ORDER edges (store->reload means same address)
    DATA_DEP            :      782 (42.6%)
e3a541e s13 V4_recall= 1.0 FP= 0.0
e3a541e s1 V4_recall= 0.8 FP= 0.0
e3a541e s21 V4_recall= 0.0 FP= 0.0
e3a541e s42 V4_recall= 0.0 FP= 0.0
e3a541e s7 V4_recall= 0.0 FP= 0.0
    MEMORY_ORDER        :      146 (7.9%)
=== 0be53c3  eval: matched V4 family held-out test (riscv64 gcc+clang, x86/arm control) + guards
0be53c3 s13 V4_recall= 1.0 FP= 0.0
0be53c3 s1 V4_recall= 0.8 FP= 0.0
0be53c3 s21 V4_recall= 0.0 FP= 0.0
0be53c3 s42 V4_recall= 0.0 FP= 0.0
0be53c3 s7 V4_recall= 0.0 FP= 0.0
    DATA_DEP            :      782 (42.6%)
    MEMORY_ORDER        :      146 (7.9%)
=== d8c5693  train: fix size-1 final batch crash; V4 family x5 oversampled variant
d8c5693 s13 V4_recall= 1.0 FP= 0.0
d8c5693 s1 V4_recall= 0.8 FP= 0.0
d8c5693 s21 V4_recall= 0.0 FP= 0.0
d8c5693 s42 V4_recall= 0.0 FP= 0.0
d8c5693 s7 V4_recall= 0.0 FP= 0.0
    DATA_DEP            :      782 (42.6%)
    MEMORY_ORDER        :      146 (7.9%)
